11-26 19:21:58.013  1636  1650 I chatty  : uid=1000(system) ActivityManager expire 28 lines
11-26 19:21:58.441 13768 12754 E ActivityThread: Failed to find provider info for com.google.android.apps.gsa.testing.ui.audio.recorded
11-26 19:21:59.753  1636  1702 I chatty  : uid=1000(system) NetworkPolicy expire 9 lines
11-26 19:22:03.520 13768 12754 E ActivityThread: Failed to find provider info for com.google.android.apps.gsa.testing.ui.audio.recorded
11-26 19:22:18.623 13768 12754 I chatty  : uid=10032 com.google.android.googlequicksearchbox:search identical 3 lines
11-26 19:22:23.675 13768 12754 E ActivityThread: Failed to find provider info for com.google.android.apps.gsa.testing.ui.audio.recorded
11-26 19:22:27.333  1636  1657 I chatty  : uid=1000(system) android.display expire 4 lines
11-26 19:22:27.654  1636  2523 I chatty  : uid=1000(system) Binder:1636_13 expire 3 lines
11-26 19:22:28.287  1636  1830 I chatty  : uid=1000(system) Binder:1636_4 expire 3 lines
11-26 19:23:03.693  1636  1709 I chatty  : uid=1000(system) ConnectivitySer expire 2 lines
11-26 19:23:06.338 13768 12940 E ActivityThread: Failed to find provider info for com.google.android.apps.gsa.testing.ui.audio.recorded
11-26 19:23:11.373 13768 12940 E ActivityThread: Failed to find provider info for com.google.android.apps.gsa.testing.ui.audio.recorded
11-26 19:23:17.032 13768 12939 E ActivityThread: Failed to find provider info for com.google.android.apps.gsa.testing.ui.audio.recorded
11-26 19:23:21.271  1636  1650 I chatty  : uid=1000(system) ActivityManager expire 13 lines
11-26 19:23:21.497  1636  1662 I chatty  : uid=1000(system) PackageManager expire 5 lines
11-26 19:23:21.557 13768 12696 E ActivityThread: Failed to find provider info for com.google.android.apps.gsa.testing.ui.audio.recorded
11-26 19:23:26.599 13768 12696 E ActivityThread: Failed to find provider info for com.google.android.apps.gsa.testing.ui.audio.recorded
11-26 19:23:27.514  1636  1893 I chatty  : uid=1000(system) Binder:1636_6 expire 1 line
11-26 19:23:27.983  1636  9392 I chatty  : uid=1000(system) Binder:1636_18 expire 3 lines
11-26 19:23:29.301  1636  1696 I chatty  : uid=1000(system) VoldConnector expire 2 lines
11-26 19:23:37.463 13768 12939 E ActivityThread: Failed to find provider info for com.google.android.apps.gsa.testing.ui.audio.recorded
11-26 19:23:42.500 13768 12696 E ActivityThread: Failed to find provider info for com.google.android.apps.gsa.testing.ui.audio.recorded
11-26 19:23:47.535 13768 12696 E ActivityThread: Failed to find provider info for com.google.android.apps.gsa.testing.ui.audio.recorded
11-26 19:23:50.073  1636  1650 I chatty  : uid=1000(system) ActivityManager expire 13 lines
11-26 19:23:50.131  1636  9390 I chatty  : uid=1000(system) Binder:1636_17 expire 1 line
11-26 19:23:50.343 13768 12696 E ActivityThread: Failed to find provider info for com.google.android.apps.gsa.testing.ui.audio.recorded
11-26 19:23:50.366  1636  1636 I chatty  : uid=1000 system_server expire 3 lines
11-26 19:23:55.393 13768 12696 E ActivityThread: Failed to find provider info for com.google.android.apps.gsa.testing.ui.audio.recorded
11-26 19:24:00.420 13768 12696 I chatty  : uid=10032 com.google.android.googlequicksearchbox:search identical 5 lines
11-26 19:24:05.462 13768 12696 E ActivityThread: Failed to find provider info for com.google.android.apps.gsa.testing.ui.audio.recorded
11-26 19:24:10.511 13768 12696 E ActivityThread: Failed to find provider info for com.google.android.apps.gsa.testing.ui.audio.recorded
11-26 19:24:35.672 13768 12696 E ActivityThread: Failed to find provider info for com.google.android.apps.gsa.testing.ui.audio.recorded
11-26 19:24:37.497  1636  2142 I chatty  : uid=1000(system) Binder:1636_8 expire 1 line
11-26 19:24:47.082 13768 12696 E ActivityThread: Failed to find provider info for com.google.android.apps.gsa.testing.ui.audio.recorded
11-26 19:24:52.911  1636  1650 I chatty  : uid=1000(system) ActivityManager expire 16 lines
11-26 19:24:53.165 13768 14569 E ActivityThread: Failed to find provider info for com.google.android.apps.gsa.testing.ui.audio.recorded
11-26 19:24:53.166  1636  1662 I chatty  : uid=1000(system) PackageManager expire 9 lines
11-26 19:24:53.190  1636  1702 I chatty  : uid=1000(system) NetworkPolicy expire 9 lines
11-26 19:24:53.203  1636  1636 I chatty  : uid=1000 system_server expire 10 lines
11-26 19:24:58.238 13768 14569 E ActivityThread: Failed to find provider info for com.google.android.apps.gsa.testing.ui.audio.recorded
11-26 19:25:03.022  1636  1653 I chatty  : uid=1000(system) batterystats-wo expire 4 lines
11-26 19:25:03.276 13768 14569 E ActivityThread: Failed to find provider info for com.google.android.apps.gsa.testing.ui.audio.recorded
11-26 19:25:28.457 13768 14569 I chatty  : uid=10032 com.google.android.googlequicksearchbox:search identical 5 lines
11-26 19:25:33.486 13768 14569 E ActivityThread: Failed to find provider info for com.google.android.apps.gsa.testing.ui.audio.recorded
11-26 19:25:37.880  1636  9605 I chatty  : uid=1000(system) Binder:1636_19 expire 4 lines
11-26 19:25:38.369  1636  9390 I chatty  : uid=1000(system) Binder:1636_17 expire 10 lines
11-26 19:25:38.387  1636  1830 I chatty  : uid=1000(system) Binder:1636_4 expire 5 lines
11-26 19:25:41.981  1636  1696 I chatty  : uid=1000(system) VoldConnector expire 4 lines
11-26 19:26:18.203  1636  1651 I chatty  : uid=1000(system) android.ui expire 7 lines
11-26 19:26:18.923 13768 12754 E ActivityThread: Failed to find provider info for com.google.android.apps.gsa.testing.ui.audio.recorded
11-26 19:26:20.057  1636 13457 I chatty  : uid=1000(system) Binder:1636_1E expire 2 lines
11-26 19:26:20.093  1636  1657 I chatty  : uid=1000(system) android.display expire 7 lines
11-26 19:26:20.212  1636  1681 I chatty  : uid=1000(system) android.anim expire 7 lines
11-26 19:26:21.460  1636  1650 I chatty  : uid=1000(system) ActivityManager expire 10 lines
11-26 19:26:22.187 13768 14563 E ActivityThread: Failed to find provider info for com.google.android.apps.gsa.testing.ui.audio.recorded
11-26 19:26:22.527  1636 13596 I chatty  : uid=1000(system) Binder:1636_1F expire 2 lines
11-26 19:26:22.556  1636  2213 I chatty  : uid=1000(system) Binder:1636_C expire 2 lines
11-26 19:26:27.258 13768 14563 E ActivityThread: Failed to find provider info for com.google.android.apps.gsa.testing.ui.audio.recorded
11-26 19:26:32.298 13768 14563 I chatty  : uid=10032 com.google.android.googlequicksearchbox:search identical 1 line
11-26 19:26:37.326 13768 14563 E ActivityThread: Failed to find provider info for com.google.android.apps.gsa.testing.ui.audio.recorded
11-26 19:26:40.270 13768 14567 E ActivityThread: Failed to find provider info for com.google.android.apps.gsa.testing.ui.audio.recorded
11-26 19:26:45.303 13768 14567 E ActivityThread: Failed to find provider info for com.google.android.apps.gsa.testing.ui.audio.recorded
11-26 19:26:48.267  1636  1758 I chatty  : uid=1000(system) Binder:1636_3 expire 2 lines
11-26 19:26:48.281  1636  1650 I chatty  : uid=1000(system) ActivityManager expire 11 lines
11-26 19:26:48.713  1636  2508 I chatty  : uid=1000(system) Binder:1636_12 expire 4 lines
11-26 19:26:48.732  1636  2142 I chatty  : uid=1000(system) Binder:1636_8 expire 3 lines
11-26 19:26:51.969 13768 12939 E ActivityThread: Failed to find provider info for com.google.android.apps.gsa.testing.ui.audio.recorded
11-26 19:26:57.006 13768 12939 E ActivityThread: Failed to find provider info for com.google.android.apps.gsa.testing.ui.audio.recorded
11-26 19:27:02.064 13768 12939 E ActivityThread: Failed to find provider info for com.google.android.apps.gsa.testing.ui.audio.recorded
11-26 19:27:06.823 13768 14567 E ActivityThread: Failed to find provider info for com.google.android.apps.gsa.testing.ui.audio.recorded
11-26 19:27:11.888 13768 14562 E ActivityThread: Failed to find provider info for com.google.android.apps.gsa.testing.ui.audio.recorded
11-26 19:27:16.914 13768 14562 E ActivityThread: Failed to find provider info for com.google.android.apps.gsa.testing.ui.audio.recorded
11-26 19:27:21.938 13768 14562 E ActivityThread: Failed to find provider info for com.google.android.apps.gsa.testing.ui.audio.recorded
11-26 19:27:26.963 13768 14562 E ActivityThread: Failed to find provider info for com.google.android.apps.gsa.testing.ui.audio.recorded
11-26 19:27:29.829  1636  9390 I chatty  : uid=1000(system) Binder:1636_17 expire 4 lines
11-26 19:27:30.754  1636  1650 I chatty  : uid=1000(system) ActivityManager expire 11 lines
11-26 19:27:30.896 13768 14568 E ActivityThread: Failed to find provider info for com.google.android.apps.gsa.testing.ui.audio.recorded
11-26 19:27:35.938 13768 14568 E ActivityThread: Failed to find provider info for com.google.android.apps.gsa.testing.ui.audio.recorded
11-26 19:28:50.562  1636  1693 I chatty  : uid=1000(system) InputDispatcher expire 1 line
11-26 19:28:50.721 13768 14567 E ActivityThread: Failed to find provider info for com.google.android.apps.gsa.testing.ui.audio.recorded
11-26 19:28:55.746 13768 14568 E ActivityThread: Failed to find provider info for com.google.android.apps.gsa.testing.ui.audio.recorded
11-26 19:30:06.269 13768 14568 I chatty  : uid=10032 com.google.android.googlequicksearchbox:search identical 14 lines
11-26 19:30:11.312 13768 14568 E ActivityThread: Failed to find provider info for com.google.android.apps.gsa.testing.ui.audio.recorded
11-26 19:30:15.167  1636  1650 I chatty  : uid=1000(system) ActivityManager expire 12 lines
11-26 19:30:15.692  1636  5415 I chatty  : uid=1000(system) Binder:1636_16 expire 4 lines
11-26 19:32:36.945  1636  1649 I chatty  : uid=1000(system) android.bg expire 1 line
11-26 19:34:41.982  1636 15754 I chatty  : uid=1000 system_server expire 3 lines
11-26 19:34:41.984  1636  1654 I chatty  : uid=1000(system) FileObserver expire 3 lines
11-26 19:34:42.043  1636  2191 I chatty  : uid=1000(system) Binder:1636_A expire 3 lines
11-26 19:34:42.218 13768 14568 E ActivityThread: Failed to find provider info for com.google.android.apps.gsa.testing.ui.audio.recorded
--------- beginning of crash
11-26 19:34:45.936 15830 15830 F DEBUG   :     #16 pc 0017ef4a  /data/app/com.salonmobileapp-lgy8hnKTJsnczcvKAJHL9Q==/lib/x86/libjsc.so
11-26 19:34:45.936 15830 15830 F DEBUG   :     #17 pc 0017ef4a  /data/app/com.salonmobileapp-lgy8hnKTJsnczcvKAJHL9Q==/lib/x86/libjsc.so
11-26 19:34:45.936 15830 15830 F DEBUG   :     #18 pc 00000436  <anonymous:ae598000>
11-26 19:34:45.936 15830 15830 F DEBUG   :     #19 pc 0017ef97  /data/app/com.salonmobileapp-lgy8hnKTJsnczcvKAJHL9Q==/lib/x86/libjsc.so
11-26 19:34:45.936 15830 15830 F DEBUG   :     #20 pc 00000436  <anonymous:ae598000>
11-26 19:34:45.936 15830 15830 F DEBUG   :     #21 pc 0017f0fc  /data/app/com.salonmobileapp-lgy8hnKTJsnczcvKAJHL9Q==/lib/x86/libjsc.so
11-26 19:34:45.936 15830 15830 F DEBUG   :     #22 pc 0017ef4a  /data/app/com.salonmobileapp-lgy8hnKTJsnczcvKAJHL9Q==/lib/x86/libjsc.so
11-26 19:34:45.936 15830 15830 F DEBUG   :     #23 pc 0017ef97  /data/app/com.salonmobileapp-lgy8hnKTJsnczcvKAJHL9Q==/lib/x86/libjsc.so
11-26 19:34:45.936 15830 15830 F DEBUG   :     #24 pc 0017ef4a  /data/app/com.salonmobileapp-lgy8hnKTJsnczcvKAJHL9Q==/lib/x86/libjsc.so
11-26 19:34:45.936 15830 15830 F DEBUG   :     #25 pc 0017ac7d  /data/app/com.salonmobileapp-lgy8hnKTJsnczcvKAJHL9Q==/lib/x86/libjsc.so
11-26 19:34:45.936 15830 15830 F DEBUG   :     #26 pc 00126763  /data/app/com.salonmobileapp-lgy8hnKTJsnczcvKAJHL9Q==/lib/x86/libjsc.so
11-26 19:34:45.937 15830 15830 F DEBUG   :     #27 pc 001039f8  /data/app/com.salonmobileapp-lgy8hnKTJsnczcvKAJHL9Q==/lib/x86/libjsc.so
11-26 19:34:45.937 15830 15830 F DEBUG   :     #28 pc 00225591  /data/app/com.salonmobileapp-lgy8hnKTJsnczcvKAJHL9Q==/lib/x86/libjsc.so (JSC::call(JSC::ExecState*, JSC::JSValue, JSC::CallType, JSC::CallData const&, JSC::JSValue, JSC::ArgList const&)+113)
11-26 19:34:45.937 15830 15830 F DEBUG   :     #29 pc 00265bfc  /data/app/com.salonmobileapp-lgy8hnKTJsnczcvKAJHL9Q==/lib/x86/libjsc.so
11-26 19:34:45.937 15830 15830 F DEBUG   :     #30 pc 0017adac  /data/app/com.salonmobileapp-lgy8hnKTJsnczcvKAJHL9Q==/lib/x86/libjsc.so
11-26 19:34:45.937 15830 15830 F DEBUG   :     #31 pc 00103b62  /data/app/com.salonmobileapp-lgy8hnKTJsnczcvKAJHL9Q==/lib/x86/libjsc.so
11-26 19:34:45.937 15830 15830 F DEBUG   :     #32 pc 00225591  /data/app/com.salonmobileapp-lgy8hnKTJsnczcvKAJHL9Q==/lib/x86/libjsc.so (JSC::call(JSC::ExecState*, JSC::JSValue, JSC::CallType, JSC::CallData const&, JSC::JSValue, JSC::ArgList const&)+113)
11-26 19:34:45.937 15830 15830 F DEBUG   :     #33 pc 0004be3a  /data/app/com.salonmobileapp-lgy8hnKTJsnczcvKAJHL9Q==/lib/x86/libjsc.so (JSObjectCallAsFunction+474)
11-26 19:34:45.937 15830 15830 F DEBUG   :     #34 pc 00093e37  /data/app/com.salonmobileapp-lgy8hnKTJsnczcvKAJHL9Q==/lib/x86/libreactnativejni.so (facebook::react::Object::callAsFunction(OpaqueJSValue*, int, OpaqueJSValue const* const*) const+87)
11-26 19:34:45.937 15830 15830 F DEBUG   :     #35 pc 00093f0c  /data/app/com.salonmobileapp-lgy8hnKTJsnczcvKAJHL9Q==/lib/x86/libreactnativejni.so (facebook::react::Object::callAsFunction(std::initializer_list<OpaqueJSValue const*>) const+60)
11-26 19:34:45.937 15830 15830 F DEBUG   :     #36 pc 00081213  /data/app/com.salonmobileapp-lgy8hnKTJsnczcvKAJHL9Q==/lib/x86/libreactnativejni.so (facebook::react::JSCExecutor::callFunction(std::string const&, std::string const&, folly::dynamic const&)+259)
11-26 19:34:45.937 15830 15830 F DEBUG   :     #37 pc 0008b664  /data/app/com.salonmobileapp-lgy8hnKTJsnczcvKAJHL9Q==/lib/x86/libreactnativejni.so
11-26 19:34:45.937 15830 15830 F DEBUG   :     #38 pc 0008a646  /data/app/com.salonmobileapp-lgy8hnKTJsnczcvKAJHL9Q==/lib/x86/libreactnativejni.so
11-26 19:34:45.937 15830 15830 F DEBUG   :     #39 pc 00032db1  /data/app/com.salonmobileapp-lgy8hnKTJsnczcvKAJHL9Q==/lib/x86/libreactnativejni.so
11-26 19:34:45.937 15830 15830 F DEBUG   :     #40 pc 0001ddfb  /data/app/com.salonmobileapp-lgy8hnKTJsnczcvKAJHL9Q==/lib/x86/libreactnativejni.so
11-26 19:34:45.937 15830 15830 F DEBUG   :     #41 pc 0001ee98  /data/app/com.salonmobileapp-lgy8hnKTJsnczcvKAJHL9Q==/oat/x86/base.odex (offset 0x1d000)
11-26 19:34:45.937 15830 15830 F DEBUG   :     #42 pc 000511ff  [anon:libc_malloc:91780000]
11-26 19:34:45.937 15830 15830 F DEBUG   :     #43 pc 00214caf  /dev/ashmem/dalvik-main space (region space) (deleted) (offset 0x40000)
11-26 19:34:46.290  1636 15831 I chatty  : uid=1000 system_server expire 2 lines
11-26 19:34:46.361  1636 13456 I chatty  : uid=1000(system) Binder:1636_1D expire 1 line
11-26 19:34:46.463 13768 12939 E ActivityThread: Failed to find provider info for com.google.android.apps.gsa.testing.ui.audio.recorded
11-26 19:34:51.532 13768 12939 E ActivityThread: Failed to find provider info for com.google.android.apps.gsa.testing.ui.audio.recorded
11-26 19:34:56.582 13768 12939 I chatty  : uid=10032 com.google.android.googlequicksearchbox:search identical 1 line
11-26 19:35:01.617 13768 12939 E ActivityThread: Failed to find provider info for com.google.android.apps.gsa.testing.ui.audio.recorded
11-26 19:35:02.074  1636 14821 I chatty  : uid=1000(system) Binder:1636_20 expire 2 lines
11-26 19:35:03.452 15850 15891 F libc    : Fatal signal 11 (SIGSEGV), code 1, fault addr 0xbbadbeef in tid 15891 (mqt_js), pid 15850 (.salonmobileapp)
11-26 19:35:03.471 15913 15913 F DEBUG   : *** *** *** *** *** *** *** *** *** *** *** *** *** *** *** ***
11-26 19:35:03.471 15913 15913 F DEBUG   : Build fingerprint: 'google/sdk_gphone_x86/generic_x86:8.1.0/OSM1.180201.007/4586646:user/release-keys'
11-26 19:35:03.471 15913 15913 F DEBUG   : Revision: '0'
11-26 19:35:03.471 15913 15913 F DEBUG   : ABI: 'x86'
11-26 19:35:03.471 15913 15913 F DEBUG   : pid: 15850, tid: 15891, name: mqt_js  >>> com.salonmobileapp <<<
11-26 19:35:03.471 15913 15913 F DEBUG   : signal 11 (SIGSEGV), code 1 (SEGV_MAPERR), fault addr 0xbbadbeef
11-26 19:35:03.471 15913 15913 F DEBUG   :     eax fffffffe  ebx 91267d9c  ecx fffffffb  edx 8e7bf040
11-26 19:35:03.471 15913 15913 F DEBUG   :     esi 8a0c5200  edi 8a0c51f0
11-26 19:35:03.471 15913 15913 F DEBUG   :     xcs 00000073  xds 0000007b  xes 0000007b  xfs 0000003b  xss 0000007b
11-26 19:35:03.471 15913 15913 F DEBUG   :     eip 911b2421  ebp 8e7befe8  esp 8e7bef60  flags 00010282
11-26 19:35:03.475 15913 15913 F DEBUG   : 
11-26 19:35:03.475 15913 15913 F DEBUG   : backtrace:
11-26 19:35:03.475 15913 15913 F DEBUG   :     #00 pc 003b1421  /data/app/com.salonmobileapp-lgy8hnKTJsnczcvKAJHL9Q==/lib/x86/libjsc.so (WTFCrash+33)
11-26 19:35:03.475 15913 15913 F DEBUG   :     #01 pc 002aa922  /data/app/com.salonmobileapp-lgy8hnKTJsnczcvKAJHL9Q==/lib/x86/libjsc.so (JSC::JSObject::getOwnPropertyDescriptor(JSC::ExecState*, JSC::PropertyName, JSC::PropertyDescriptor&)+386)
11-26 19:35:03.475 15913 15913 F DEBUG   :     #02 pc 002eb723  /data/app/com.salonmobileapp-lgy8hnKTJsnczcvKAJHL9Q==/lib/x86/libjsc.so
11-26 19:35:03.475 15913 15913 F DEBUG   :     #03 pc 0000056c  <anonymous:ae2c4000>
11-26 19:35:03.475 15913 15913 F DEBUG   :     #04 pc 00003ace  <anonymous:add63000>
11-26 19:35:03.475 15913 15913 F DEBUG   :     #05 pc 00003ec8  <anonymous:add63000>
11-26 19:35:03.475 15913 15913 F DEBUG   :     #06 pc 00000746  <anonymous:add5c000>
11-26 19:35:03.475 15913 15913 F DEBUG   :     #07 pc 0000321f  <anonymous:add53000>
11-26 19:35:03.475 15913 15913 F DEBUG   :     #08 pc 0017ef4a  /data/app/com.salonmobileapp-lgy8hnKTJsnczcvKAJHL9Q==/lib/x86/libjsc.so
11-26 19:35:03.475 15913 15913 F DEBUG   :     #09 pc 000031ec  <anonymous:addfa000>
11-26 19:35:03.475 15913 15913 F DEBUG   :     #10 pc 0017ef4a  /data/app/com.salonmobileapp-lgy8hnKTJsnczcvKAJHL9Q==/lib/x86/libjsc.so
11-26 19:35:03.475 15913 15913 F DEBUG   :     #11 pc 0017ef4a  /data/app/com.salonmobileapp-lgy8hnKTJsnczcvKAJHL9Q==/lib/x86/libjsc.so
11-26 19:35:03.475 15913 15913 F DEBUG   :     #12 pc 0017ef4a  /data/app/com.salonmobileapp-lgy8hnKTJsnczcvKAJHL9Q==/lib/x86/libjsc.so
11-26 19:35:03.476 15913 15913 F DEBUG   :     #13 pc 0017ef4a  /data/app/com.salonmobileapp-lgy8hnKTJsnczcvKAJHL9Q==/lib/x86/libjsc.so
11-26 19:35:03.476 15913 15913 F DEBUG   :     #14 pc 0017ef4a  /data/app/com.salonmobileapp-lgy8hnKTJsnczcvKAJHL9Q==/lib/x86/libjsc.so
11-26 19:35:03.476 15913 15913 F DEBUG   :     #15 pc 0017ef4a  /data/app/com.salonmobileapp-lgy8hnKTJsnczcvKAJHL9Q==/lib/x86/libjsc.so
11-26 19:35:03.476 15913 15913 F DEBUG   :     #16 pc 0017ef4a  /data/app/com.salonmobileapp-lgy8hnKTJsnczcvKAJHL9Q==/lib/x86/libjsc.so
11-26 19:35:03.476 15913 15913 F DEBUG   :     #17 pc 0017ef4a  /data/app/com.salonmobileapp-lgy8hnKTJsnczcvKAJHL9Q==/lib/x86/libjsc.so
11-26 19:35:03.476 15913 15913 F DEBUG   :     #18 pc 0017ef4a  /data/app/com.salonmobileapp-lgy8hnKTJsnczcvKAJHL9Q==/lib/x86/libjsc.so
11-26 19:35:03.476 15913 15913 F DEBUG   :     #19 pc 00000436  <anonymous:ae2c1000>
11-26 19:35:03.476 15913 15913 F DEBUG   :     #20 pc 0017ef97  /data/app/com.salonmobileapp-lgy8hnKTJsnczcvKAJHL9Q==/lib/x86/libjsc.so
11-26 19:35:03.476 15913 15913 F DEBUG   :     #21 pc 00000436  <anonymous:ae2c1000>
11-26 19:35:03.476 15913 15913 F DEBUG   :     #22 pc 0017f0fc  /data/app/com.salonmobileapp-lgy8hnKTJsnczcvKAJHL9Q==/lib/x86/libjsc.so
11-26 19:35:03.476 15913 15913 F DEBUG   :     #23 pc 0017ef4a  /data/app/com.salonmobileapp-lgy8hnKTJsnczcvKAJHL9Q==/lib/x86/libjsc.so
11-26 19:35:03.476 15913 15913 F DEBUG   :     #24 pc 0017ef97  /data/app/com.salonmobileapp-lgy8hnKTJsnczcvKAJHL9Q==/lib/x86/libjsc.so
11-26 19:35:03.476 15913 15913 F DEBUG   :     #25 pc 0017ef4a  /data/app/com.salonmobileapp-lgy8hnKTJsnczcvKAJHL9Q==/lib/x86/libjsc.so
11-26 19:35:03.476 15913 15913 F DEBUG   :     #26 pc 0017ac7d  /data/app/com.salonmobileapp-lgy8hnKTJsnczcvKAJHL9Q==/lib/x86/libjsc.so
11-26 19:35:03.476 15913 15913 F DEBUG   :     #27 pc 00126763  /data/app/com.salonmobileapp-lgy8hnKTJsnczcvKAJHL9Q==/lib/x86/libjsc.so
11-26 19:35:03.476 15913 15913 F DEBUG   :     #28 pc 001039f8  /data/app/com.salonmobileapp-lgy8hnKTJsnczcvKAJHL9Q==/lib/x86/libjsc.so
11-26 19:35:03.476 15913 15913 F DEBUG   :     #29 pc 00225591  /data/app/com.salonmobileapp-lgy8hnKTJsnczcvKAJHL9Q==/lib/x86/libjsc.so (JSC::call(JSC::ExecState*, JSC::JSValue, JSC::CallType, JSC::CallData const&, JSC::JSValue, JSC::ArgList const&)+113)
11-26 19:35:03.476 15913 15913 F DEBUG   :     #30 pc 00265bfc  /data/app/com.salonmobileapp-lgy8hnKTJsnczcvKAJHL9Q==/lib/x86/libjsc.so
11-26 19:35:03.476 15913 15913 F DEBUG   :     #31 pc 0017adac  /data/app/com.salonmobileapp-lgy8hnKTJsnczcvKAJHL9Q==/lib/x86/libjsc.so
11-26 19:35:03.476 15913 15913 F DEBUG   :     #32 pc 00103b62  /data/app/com.salonmobileapp-lgy8hnKTJsnczcvKAJHL9Q==/lib/x86/libjsc.so
11-26 19:35:03.476 15913 15913 F DEBUG   :     #33 pc 00225591  /data/app/com.salonmobileapp-lgy8hnKTJsnczcvKAJHL9Q==/lib/x86/libjsc.so (JSC::call(JSC::ExecState*, JSC::JSValue, JSC::CallType, JSC::CallData const&, JSC::JSValue, JSC::ArgList const&)+113)
11-26 19:35:03.476 15913 15913 F DEBUG   :     #34 pc 0004be3a  /data/app/com.salonmobileapp-lgy8hnKTJsnczcvKAJHL9Q==/lib/x86/libjsc.so (JSObjectCallAsFunction+474)
11-26 19:35:03.476 15913 15913 F DEBUG   :     #35 pc 00093e37  /data/app/com.salonmobileapp-lgy8hnKTJsnczcvKAJHL9Q==/lib/x86/libreactnativejni.so (facebook::react::Object::callAsFunction(OpaqueJSValue*, int, OpaqueJSValue const* const*) const+87)
11-26 19:35:03.476 15913 15913 F DEBUG   :     #36 pc 00093f0c  /data/app/com.salonmobileapp-lgy8hnKTJsnczcvKAJHL9Q==/lib/x86/libreactnativejni.so (facebook::react::Object::callAsFunction(std::initializer_list<OpaqueJSValue const*>) const+60)
11-26 19:35:03.476 15913 15913 F DEBUG   :     #37 pc 00081213  /data/app/com.salonmobileapp-lgy8hnKTJsnczcvKAJHL9Q==/lib/x86/libreactnativejni.so (facebook::react::JSCExecutor::callFunction(std::string const&, std::string const&, folly::dynamic const&)+259)
11-26 19:35:03.476 15913 15913 F DEBUG   :     #38 pc 0008b664  /data/app/com.salonmobileapp-lgy8hnKTJsnczcvKAJHL9Q==/lib/x86/libreactnativejni.so
11-26 19:35:03.476 15913 15913 F DEBUG   :     #39 pc 0008a646  /data/app/com.salonmobileapp-lgy8hnKTJsnczcvKAJHL9Q==/lib/x86/libreactnativejni.so
11-26 19:35:03.476 15913 15913 F DEBUG   :     #40 pc 00032db1  /data/app/com.salonmobileapp-lgy8hnKTJsnczcvKAJHL9Q==/lib/x86/libreactnativejni.so
11-26 19:35:03.477 15913 15913 F DEBUG   :     #41 pc 0001ddfb  /data/app/com.salonmobileapp-lgy8hnKTJsnczcvKAJHL9Q==/lib/x86/libreactnativejni.so
11-26 19:35:03.477 15913 15913 F DEBUG   :     #42 pc 0001ee98  /data/app/com.salonmobileapp-lgy8hnKTJsnczcvKAJHL9Q==/oat/x86/base.odex (offset 0x1d000)
11-26 19:35:03.477 15913 15913 F DEBUG   :     #43 pc 00078fff  [anon:libc_malloc:91700000]
11-26 19:35:03.477 15913 15913 F DEBUG   :     #44 pc 0008e9cf  /dev/ashmem/dalvik-main space (region space) (deleted) (offset 0x440000)
11-26 19:35:03.798  1636 15914 I chatty  : uid=1000 system_server expire 2 lines
11-26 19:35:03.815  1636  1650 I chatty  : uid=1000(system) ActivityManager expire 10 lines
11-26 19:35:03.861  1636  2987 I chatty  : uid=1000(system) Binder:1636_14 expire 3 lines
11-26 19:35:04.018 13768 15925 E ActivityThread: Failed to find provider info for com.google.android.apps.gsa.testing.ui.audio.recorded
11-26 19:35:09.078 13768 15925 E ActivityThread: Failed to find provider info for com.google.android.apps.gsa.testing.ui.audio.recorded
11-26 19:35:14.118 13768 15925 E ActivityThread: Failed to find provider info for com.google.android.apps.gsa.testing.ui.audio.recorded
11-26 19:35:15.003  1636  1650 I chatty  : uid=1000(system) ActivityManager expire 13 lines
11-26 19:35:15.057  1636  1636 I chatty  : uid=1000 system_server expire 15 lines
11-26 19:35:15.446  1636  9390 I chatty  : uid=1000(system) Binder:1636_17 expire 2 lines
11-26 19:35:15.466  1636  2523 I chatty  : uid=1000(system) Binder:1636_13 expire 7 lines
11-26 19:35:36.324 16007 16007 W ViewRootImpl[MainActivity]: Dropping event due to root view being removed: KeyEvent { action=ACTION_UP, keyCode=KEYCODE_R, scanCode=19, metaState=0, flags=0x8, repeatCount=0, eventTime=28611493, downTime=28611492, deviceId=0, source=0x101 }
11-26 19:38:44.876  1636  1653 I chatty  : uid=1000(system) batterystats-wo expire 6 lines
11-26 19:39:01.630  1636  1693 I chatty  : uid=1000(system) InputDispatcher expire 2 lines
11-26 19:39:01.790 13768 15923 E ActivityThread: Failed to find provider info for com.google.android.apps.gsa.testing.ui.audio.recorded
11-26 19:39:06.829 13768 15923 E ActivityThread: Failed to find provider info for com.google.android.apps.gsa.testing.ui.audio.recorded
11-26 19:39:08.314  1636 13457 I chatty  : uid=1000(system) Binder:1636_1E expire 3 lines
11-26 19:39:09.570  1636  1650 I chatty  : uid=1000(system) ActivityManager expire 16 lines
11-26 19:39:09.630  1636  2128 I chatty  : uid=1000(system) Binder:1636_7 expire 4 lines
11-26 19:39:09.668  1636  1657 I chatty  : uid=1000(system) android.display expire 7 lines
11-26 19:39:09.783  1636  1662 I chatty  : uid=1000(system) PackageManager expire 8 lines
11-26 19:39:09.847 13768 12754 E ActivityThread: Failed to find provider info for com.google.android.apps.gsa.testing.ui.audio.recorded
11-26 19:39:09.880  1636  1702 I chatty  : uid=1000(system) NetworkPolicy expire 12 lines
11-26 19:39:14.881 13768 12754 E ActivityThread: Failed to find provider info for com.google.android.apps.gsa.testing.ui.audio.recorded
11-26 19:39:24.969 13768 12754 I chatty  : uid=10032 com.google.android.googlequicksearchbox:search identical 33 lines
11-26 19:39:30.021 13768 12754 E ActivityThread: Failed to find provider info for com.google.android.apps.gsa.testing.ui.audio.recorded
11-26 19:39:35.052 13768 12754 E ActivityThread: Failed to find provider info for com.google.android.apps.gsa.testing.ui.audio.recorded
11-26 19:39:50.148 13768 12754 E ActivityThread: Failed to find provider info for com.google.android.apps.gsa.testing.ui.audio.recorded
11-26 19:39:51.442  1636 13456 I chatty  : uid=1000(system) Binder:1636_1D expire 6 lines
11-26 19:39:51.463  1636  5415 I chatty  : uid=1000(system) Binder:1636_16 expire 3 lines
11-26 19:39:52.864  1636  1696 I chatty  : uid=1000(system) VoldConnector expire 3 lines
11-26 19:39:53.899 16379 16379 E AndroidRuntime: FATAL EXCEPTION: main
11-26 19:39:53.899 16379 16379 E AndroidRuntime: Process: com.testapp2, PID: 16379
11-26 19:39:53.899 16379 16379 E AndroidRuntime: com.facebook.react.bridge.JSApplicationIllegalArgumentException: Shapes should have a valid path (d) prop
11-26 19:39:53.899 16379 16379 E AndroidRuntime: 	at com.facebook.react.views.art.ARTShapeShadowNode.draw(ARTShapeShadowNode.java:128)
11-26 19:39:53.899 16379 16379 E AndroidRuntime: 	at com.facebook.react.views.art.ARTGroupShadowNode.draw(ARTGroupShadowNode.java:71)
11-26 19:39:53.899 16379 16379 E AndroidRuntime: 	at com.facebook.react.views.art.ARTSurfaceViewShadowNode.drawOutput(ARTSurfaceViewShadowNode.java:77)
11-26 19:39:53.899 16379 16379 E AndroidRuntime: 	at com.facebook.react.views.art.ARTSurfaceViewShadowNode.onSurfaceTextureAvailable(ARTSurfaceViewShadowNode.java:102)
11-26 19:39:53.899 16379 16379 E AndroidRuntime: 	at android.view.TextureView.getHardwareLayer(TextureView.java:390)
11-26 19:39:53.899 16379 16379 E AndroidRuntime: 	at android.view.TextureView.draw(TextureView.java:339)
11-26 19:39:53.899 16379 16379 E AndroidRuntime: 	at android.view.View.updateDisplayListIfDirty(View.java:18142)
11-26 19:39:53.899 16379 16379 E AndroidRuntime: 	at android.view.View.draw(View.java:18920)
11-26 19:39:53.899 16379 16379 E AndroidRuntime: 	at android.view.ViewGroup.drawChild(ViewGroup.java:4236)
11-26 19:39:53.899 16379 16379 E AndroidRuntime: 	at android.view.ViewGroup.dispatchDraw(ViewGroup.java:4022)
11-26 19:39:53.899 16379 16379 E AndroidRuntime: 	at com.facebook.react.views.view.ReactViewGroup.dispatchDraw(ReactViewGroup.java:699)
11-26 19:39:53.899 16379 16379 E AndroidRuntime: 	at android.view.View.draw(View.java:19195)
11-26 19:39:53.899 16379 16379 E AndroidRuntime: 	at android.view.View.updateDisplayListIfDirty(View.java:18142)
11-26 19:39:53.899 16379 16379 E AndroidRuntime: 	at android.view.ViewGroup.recreateChildDisplayList(ViewGroup.java:4220)
11-26 19:39:53.899 16379 16379 E AndroidRuntime: 	at android.view.ViewGroup.dispatchGetDisplayList(ViewGroup.java:4200)
11-26 19:39:53.899 16379 16379 E AndroidRuntime: 	at android.view.View.updateDisplayListIfDirty(View.java:18101)
11-26 19:39:53.899 16379 16379 E AndroidRuntime: 	at android.view.ViewGroup.recreateChildDisplayList(ViewGroup.java:4220)
11-26 19:39:53.899 16379 16379 E AndroidRuntime: 	at android.view.ViewGroup.dispatchGetDisplayList(ViewGroup.java:4200)
11-26 19:39:53.899 16379 16379 E AndroidRuntime: 	at android.view.View.updateDisplayListIfDirty(View.java:18101)
11-26 19:39:53.899 16379 16379 E AndroidRuntime: 	at android.view.ViewGroup.recreateChildDisplayList(ViewGroup.java:4220)
11-26 19:39:53.899 16379 16379 E AndroidRuntime: 	at android.view.ViewGroup.dispatchGetDisplayList(ViewGroup.java:4200)
11-26 19:39:53.899 16379 16379 E AndroidRuntime: 	at android.view.View.updateDisplayListIfDirty(View.java:18101)
11-26 19:39:53.899 16379 16379 E AndroidRuntime: 	at android.view.ViewGroup.recreateChildDisplayList(ViewGroup.java:4220)
11-26 19:39:53.899 16379 16379 E AndroidRuntime: 	at android.view.ViewGroup.dispatchGetDisplayList(ViewGroup.java:4200)
11-26 19:39:53.899 16379 16379 E AndroidRuntime: 	at android.view.View.updateDisplayListIfDirty(View.java:18101)
11-26 19:39:53.899 16379 16379 E AndroidRuntime: 	at android.view.ThreadedRenderer.updateViewTreeDisplayList(ThreadedRenderer.java:669)
11-26 19:39:53.899 16379 16379 E AndroidRuntime: 	at android.view.ThreadedRenderer.updateRootDisplayList(ThreadedRenderer.java:675)
11-26 19:39:53.899 16379 16379 E AndroidRuntime: 	at android.view.ThreadedRenderer.draw(ThreadedRenderer.java:783)
11-26 19:39:53.899 16379 16379 E AndroidRuntime: 	at android.view.ViewRootImpl.draw(ViewRootImpl.java:2992)
11-26 19:39:53.899 16379 16379 E AndroidRuntime: 	at android.view.ViewRootImpl.performDraw(ViewRootImpl.java:2806)
11-26 19:39:53.899 16379 16379 E AndroidRuntime: 	at android.view.ViewRootImpl.performTraversals(ViewRootImpl.java:2359)
11-26 19:39:53.899 16379 16379 E AndroidRuntime: 	at android.view.ViewRootImpl.doTraversal(ViewRootImpl.java:1392)
11-26 19:39:53.899 16379 16379 E AndroidRuntime: 	at android.view.ViewRootImpl$TraversalRunnable.run(ViewRootImpl.java:6752)
11-26 19:39:53.899 16379 16379 E AndroidRuntime: 	at android.view.Choreographer$CallbackRecord.run(Choreographer.java:911)
11-26 19:39:53.899 16379 16379 E AndroidRuntime: 	at android.view.Choreographer.doCallbacks(Choreographer.java:723)
11-26 19:39:53.899 16379 16379 E AndroidRuntime: 	at android.view.Choreographer.doFrame(Choreographer.java:658)
11-26 19:39:53.899 16379 16379 E AndroidRuntime: 	at android.view.Choreographer$FrameDisplayEventReceiver.run(Choreographer.java:897)
11-26 19:39:53.899 16379 16379 E AndroidRuntime: 	at android.os.Handler.handleCallback(Handler.java:790)
11-26 19:39:53.899 16379 16379 E AndroidRuntime: 	at android.os.Handler.dispatchMessage(Handler.java:99)
11-26 19:39:53.899 16379 16379 E AndroidRuntime: 	at android.os.Looper.loop(Looper.java:164)
11-26 19:39:53.899 16379 16379 E AndroidRuntime: 	at android.app.ActivityThread.main(ActivityThread.java:6494)
11-26 19:39:53.899 16379 16379 E AndroidRuntime: 	at java.lang.reflect.Method.invoke(Native Method)
11-26 19:39:53.899 16379 16379 E AndroidRuntime: 	at com.android.internal.os.RuntimeInit$MethodAndArgsCaller.run(RuntimeInit.java:438)
11-26 19:39:53.899 16379 16379 E AndroidRuntime: 	at com.android.internal.os.ZygoteInit.main(ZygoteInit.java:807)
11-26 19:39:53.905  1636  1651 I chatty  : uid=1000(system) android.ui expire 5 lines
11-26 19:39:54.653 13768 15923 E ActivityThread: Failed to find provider info for com.google.android.apps.gsa.testing.ui.audio.recorded
11-26 19:39:56.940  1636  1681 I chatty  : uid=1000(system) android.anim expire 3 lines
11-26 19:39:58.201 16435 16435 E AndroidRuntime: FATAL EXCEPTION: main
11-26 19:39:58.201 16435 16435 E AndroidRuntime: Process: com.testapp2, PID: 16435
11-26 19:39:58.201 16435 16435 E AndroidRuntime: com.facebook.react.bridge.JSApplicationIllegalArgumentException: Shapes should have a valid path (d) prop
11-26 19:39:58.201 16435 16435 E AndroidRuntime: 	at com.facebook.react.views.art.ARTShapeShadowNode.draw(ARTShapeShadowNode.java:128)
11-26 19:39:58.201 16435 16435 E AndroidRuntime: 	at com.facebook.react.views.art.ARTGroupShadowNode.draw(ARTGroupShadowNode.java:71)
11-26 19:39:58.201 16435 16435 E AndroidRuntime: 	at com.facebook.react.views.art.ARTSurfaceViewShadowNode.drawOutput(ARTSurfaceViewShadowNode.java:77)
11-26 19:39:58.201 16435 16435 E AndroidRuntime: 	at com.facebook.react.views.art.ARTSurfaceViewShadowNode.onSurfaceTextureAvailable(ARTSurfaceViewShadowNode.java:102)
11-26 19:39:58.201 16435 16435 E AndroidRuntime: 	at android.view.TextureView.getHardwareLayer(TextureView.java:390)
11-26 19:39:58.201 16435 16435 E AndroidRuntime: 	at android.view.TextureView.draw(TextureView.java:339)
11-26 19:39:58.201 16435 16435 E AndroidRuntime: 	at android.view.View.updateDisplayListIfDirty(View.java:18142)
11-26 19:39:58.201 16435 16435 E AndroidRuntime: 	at android.view.View.draw(View.java:18920)
11-26 19:39:58.201 16435 16435 E AndroidRuntime: 	at android.view.ViewGroup.drawChild(ViewGroup.java:4236)
11-26 19:39:58.201 16435 16435 E AndroidRuntime: 	at android.view.ViewGroup.dispatchDraw(ViewGroup.java:4022)
11-26 19:39:58.201 16435 16435 E AndroidRuntime: 	at com.facebook.react.views.view.ReactViewGroup.dispatchDraw(ReactViewGroup.java:699)
11-26 19:39:58.201 16435 16435 E AndroidRuntime: 	at android.view.View.draw(View.java:19195)
11-26 19:39:58.201 16435 16435 E AndroidRuntime: 	at android.view.View.updateDisplayListIfDirty(View.java:18142)
11-26 19:39:58.201 16435 16435 E AndroidRuntime: 	at android.view.ViewGroup.recreateChildDisplayList(ViewGroup.java:4220)
11-26 19:39:58.201 16435 16435 E AndroidRuntime: 	at android.view.ViewGroup.dispatchGetDisplayList(ViewGroup.java:4200)
11-26 19:39:58.201 16435 16435 E AndroidRuntime: 	at android.view.View.updateDisplayListIfDirty(View.java:18101)
11-26 19:39:58.201 16435 16435 E AndroidRuntime: 	at android.view.ViewGroup.recreateChildDisplayList(ViewGroup.java:4220)
11-26 19:39:58.201 16435 16435 E AndroidRuntime: 	at android.view.ViewGroup.dispatchGetDisplayList(ViewGroup.java:4200)
11-26 19:39:58.201 16435 16435 E AndroidRuntime: 	at android.view.View.updateDisplayListIfDirty(View.java:18101)
11-26 19:39:58.201 16435 16435 E AndroidRuntime: 	at android.view.ViewGroup.recreateChildDisplayList(ViewGroup.java:4220)
11-26 19:39:58.201 16435 16435 E AndroidRuntime: 	at android.view.ViewGroup.dispatchGetDisplayList(ViewGroup.java:4200)
11-26 19:39:58.201 16435 16435 E AndroidRuntime: 	at android.view.View.updateDisplayListIfDirty(View.java:18101)
11-26 19:39:58.201 16435 16435 E AndroidRuntime: 	at android.view.ViewGroup.recreateChildDisplayList(ViewGroup.java:4220)
11-26 19:39:58.201 16435 16435 E AndroidRuntime: 	at android.view.ViewGroup.dispatchGetDisplayList(ViewGroup.java:4200)
11-26 19:39:58.201 16435 16435 E AndroidRuntime: 	at android.view.View.updateDisplayListIfDirty(View.java:18101)
11-26 19:39:58.201 16435 16435 E AndroidRuntime: 	at android.view.ThreadedRenderer.updateViewTreeDisplayList(ThreadedRenderer.java:669)
11-26 19:39:58.201 16435 16435 E AndroidRuntime: 	at android.view.ThreadedRenderer.updateRootDisplayList(ThreadedRenderer.java:675)
11-26 19:39:58.201 16435 16435 E AndroidRuntime: 	at android.view.ThreadedRenderer.draw(ThreadedRenderer.java:783)
11-26 19:39:58.201 16435 16435 E AndroidRuntime: 	at android.view.ViewRootImpl.draw(ViewRootImpl.java:2992)
11-26 19:39:58.201 16435 16435 E AndroidRuntime: 	at android.view.ViewRootImpl.performDraw(ViewRootImpl.java:2806)
11-26 19:39:58.201 16435 16435 E AndroidRuntime: 	at android.view.ViewRootImpl.performTraversals(ViewRootImpl.java:2359)
11-26 19:39:58.201 16435 16435 E AndroidRuntime: 	at android.view.ViewRootImpl.doTraversal(ViewRootImpl.java:1392)
11-26 19:39:58.201 16435 16435 E AndroidRuntime: 	at android.view.ViewRootImpl$TraversalRunnable.run(ViewRootImpl.java:6752)
11-26 19:39:58.201 16435 16435 E AndroidRuntime: 	at android.view.Choreographer$CallbackRecord.run(Choreographer.java:911)
11-26 19:39:58.201 16435 16435 E AndroidRuntime: 	at android.view.Choreographer.doCallbacks(Choreographer.java:723)
11-26 19:39:58.201 16435 16435 E AndroidRuntime: 	at android.view.Choreographer.doFrame(Choreographer.java:658)
11-26 19:39:58.201 16435 16435 E AndroidRuntime: 	at android.view.Choreographer$FrameDisplayEventReceiver.run(Choreographer.java:897)
11-26 19:39:58.201 16435 16435 E AndroidRuntime: 	at android.os.Handler.handleCallback(Handler.java:790)
11-26 19:39:58.201 16435 16435 E AndroidRuntime: 	at android.os.Handler.dispatchMessage(Handler.java:99)
11-26 19:39:58.201 16435 16435 E AndroidRuntime: 	at android.os.Looper.loop(Looper.java:164)
11-26 19:39:58.201 16435 16435 E AndroidRuntime: 	at android.app.ActivityThread.main(ActivityThread.java:6494)
11-26 19:39:58.201 16435 16435 E AndroidRuntime: 	at java.lang.reflect.Method.invoke(Native Method)
11-26 19:39:58.201 16435 16435 E AndroidRuntime: 	at com.android.internal.os.RuntimeInit$MethodAndArgsCaller.run(RuntimeInit.java:438)
11-26 19:39:58.201 16435 16435 E AndroidRuntime: 	at com.android.internal.os.ZygoteInit.main(ZygoteInit.java:807)
11-26 19:39:58.209  1636  1650 I chatty  : uid=1000(system) ActivityManager expire 10 lines
11-26 19:39:58.931 13768 14568 E ActivityThread: Failed to find provider info for com.google.android.apps.gsa.testing.ui.audio.recorded
11-26 19:40:04.011 13768 14568 E ActivityThread: Failed to find provider info for com.google.android.apps.gsa.testing.ui.audio.recorded
11-26 19:40:09.530 13768 12754 E ActivityThread: Failed to find provider info for com.google.android.apps.gsa.testing.ui.audio.recorded
11-26 19:40:14.565 13768 12754 E ActivityThread: Failed to find provider info for com.google.android.apps.gsa.testing.ui.audio.recorded
11-26 19:42:45.645 13768 12754 E ActivityThread: Failed to find provider info for com.google.android.apps.gsa.testing.ui.audio.recorded
11-26 19:42:48.521  1636  1650 I chatty  : uid=1000(system) ActivityManager expire 14 lines
11-26 19:42:48.999  1636 14821 I chatty  : uid=1000(system) Binder:1636_20 expire 3 lines
11-26 19:42:49.021  1636  2213 I chatty  : uid=1000(system) Binder:1636_C expire 1 line
11-26 19:42:50.822  1636  2191 I chatty  : uid=1000(system) Binder:1636_A expire 3 lines
11-26 19:42:59.037 16702 16756 F libc    : Fatal signal 11 (SIGSEGV), code 1, fault addr 0x5 in tid 16756 (mqt_js), pid 16702 (com.testapp2)
11-26 19:42:59.058 16762 16762 F DEBUG   : *** *** *** *** *** *** *** *** *** *** *** *** *** *** *** ***
11-26 19:42:59.058 16762 16762 F DEBUG   : Build fingerprint: 'google/sdk_gphone_x86/generic_x86:8.1.0/OSM1.180201.007/4586646:user/release-keys'
11-26 19:42:59.058 16762 16762 F DEBUG   : Revision: '0'
11-26 19:42:59.058 16762 16762 F DEBUG   : ABI: 'x86'
11-26 19:42:59.058 16762 16762 F DEBUG   : pid: 16702, tid: 16756, name: mqt_js  >>> com.testapp2 <<<
11-26 19:42:59.058 16762 16762 F DEBUG   : signal 11 (SIGSEGV), code 1 (SEGV_MAPERR), fault addr 0x5
11-26 19:42:59.059 16762 16762 F DEBUG   : Cause: null pointer dereference
11-26 19:42:59.059 16762 16762 F DEBUG   :     eax 00000000  ebx 8f4a8d9c  ecx 8ebb5a88  edx fffffffa
11-26 19:42:59.059 16762 16762 F DEBUG   :     esi 8ebb5a88  edi 00000000
11-26 19:42:59.059 16762 16762 F DEBUG   :     xcs 00000073  xds 0000007b  xes 0000007b  xfs 0000003b  xss 0000007b
11-26 19:42:59.059 16762 16762 F DEBUG   :     eip 8f2aa56b  ebp 8ebb5a58  esp 8ebb5a20  flags 00010286
11-26 19:42:59.064 16762 16762 F DEBUG   : 
11-26 19:42:59.064 16762 16762 F DEBUG   : backtrace:
11-26 19:42:59.064 16762 16762 F DEBUG   :     #00 pc 0026856b  /data/app/com.testapp2-1Atw-vHqevZuaWbgov1J2w==/lib/x86/libjsc.so (JSC::JSCell::toPrimitive(JSC::ExecState*, JSC::PreferredPrimitiveType) const+27)
11-26 19:42:59.065 16762 16762 F DEBUG   :     #01 pc 00267175  /data/app/com.testapp2-1Atw-vHqevZuaWbgov1J2w==/lib/x86/libjsc.so (JSC::JSValue::toStringSlowCase(JSC::ExecState*) const+133)
11-26 19:42:59.065 16762 16762 F DEBUG   :     #02 pc 00267973  /data/app/com.testapp2-1Atw-vHqevZuaWbgov1J2w==/lib/x86/libjsc.so (JSC::JSValue::toWTFStringSlowCase(JSC::ExecState*) const+499)
11-26 19:42:59.065 16762 16762 F DEBUG   :     #03 pc 0026ea00  /data/app/com.testapp2-1Atw-vHqevZuaWbgov1J2w==/lib/x86/libjsc.so (JSC::JSFunction::name(JSC::ExecState*)+112)
11-26 19:42:59.065 16762 16762 F DEBUG   :     #04 pc 0026ed5d  /data/app/com.testapp2-1Atw-vHqevZuaWbgov1J2w==/lib/x86/libjsc.so
11-26 19:42:59.065 16762 16762 F DEBUG   :     #05 pc 0026eeae  /data/app/com.testapp2-1Atw-vHqevZuaWbgov1J2w==/lib/x86/libjsc.so (JSC::getCalculatedDisplayName(JSC::ExecState*, JSC::JSObject*)+174)
11-26 19:42:59.065 16762 16762 F DEBUG   :     #06 pc 000eed93  /data/app/com.testapp2-1Atw-vHqevZuaWbgov1J2w==/lib/x86/libjsc.so
11-26 19:42:59.065 16762 16762 F DEBUG   :     #07 pc 0010264d  /data/app/com.testapp2-1Atw-vHqevZuaWbgov1J2w==/lib/x86/libjsc.so (JSC::StackFrame::toString(JSC::ExecState*)+77)
11-26 19:42:59.065 16762 16762 F DEBUG   :     #08 pc 00102bdf  /data/app/com.testapp2-1Atw-vHqevZuaWbgov1J2w==/lib/x86/libjsc.so
11-26 19:42:59.065 16762 16762 F DEBUG   :     #09 pc 0024984b  /data/app/com.testapp2-1Atw-vHqevZuaWbgov1J2w==/lib/x86/libjsc.so
11-26 19:42:59.065 16762 16762 F DEBUG   :     #10 pc 0024830d  /data/app/com.testapp2-1Atw-vHqevZuaWbgov1J2w==/lib/x86/libjsc.so
11-26 19:42:59.065 16762 16762 F DEBUG   :     #11 pc 002491c4  /data/app/com.testapp2-1Atw-vHqevZuaWbgov1J2w==/lib/x86/libjsc.so
11-26 19:42:59.065 16762 16762 F DEBUG   :     #12 pc 0016f0d0  /data/app/com.testapp2-1Atw-vHqevZuaWbgov1J2w==/lib/x86/libjsc.so
11-26 19:42:59.065 16762 16762 F DEBUG   :     #13 pc 001778b3  /data/app/com.testapp2-1Atw-vHqevZuaWbgov1J2w==/lib/x86/libjsc.so
11-26 19:42:59.065 16762 16762 F DEBUG   :     #14 pc 0017ef87  /data/app/com.testapp2-1Atw-vHqevZuaWbgov1J2w==/lib/x86/libjsc.so
11-26 19:42:59.065 16762 16762 F DEBUG   :     #15 pc 0000044d  <anonymous:adc6c000>
11-26 19:42:59.065 16762 16762 F DEBUG   :     #16 pc 00126763  /data/app/com.testapp2-1Atw-vHqevZuaWbgov1J2w==/lib/x86/libjsc.so
11-26 19:42:59.065 16762 16762 F DEBUG   :     #17 pc 001039f8  /data/app/com.testapp2-1Atw-vHqevZuaWbgov1J2w==/lib/x86/libjsc.so
11-26 19:42:59.065 16762 16762 F DEBUG   :     #18 pc 00225591  /data/app/com.testapp2-1Atw-vHqevZuaWbgov1J2w==/lib/x86/libjsc.so (JSC::call(JSC::ExecState*, JSC::JSValue, JSC::CallType, JSC::CallData const&, JSC::JSValue, JSC::ArgList const&)+113)
11-26 19:42:59.065 16762 16762 F DEBUG   :     #19 pc 00265bfc  /data/app/com.testapp2-1Atw-vHqevZuaWbgov1J2w==/lib/x86/libjsc.so
11-26 19:42:59.065 16762 16762 F DEBUG   :     #20 pc 0017adac  /data/app/com.testapp2-1Atw-vHqevZuaWbgov1J2w==/lib/x86/libjsc.so
11-26 19:42:59.065 16762 16762 F DEBUG   :     #21 pc 00103b62  /data/app/com.testapp2-1Atw-vHqevZuaWbgov1J2w==/lib/x86/libjsc.so
11-26 19:42:59.065 16762 16762 F DEBUG   :     #22 pc 00225591  /data/app/com.testapp2-1Atw-vHqevZuaWbgov1J2w==/lib/x86/libjsc.so (JSC::call(JSC::ExecState*, JSC::JSValue, JSC::CallType, JSC::CallData const&, JSC::JSValue, JSC::ArgList const&)+113)
11-26 19:42:59.065 16762 16762 F DEBUG   :     #23 pc 0025446d  /data/app/com.testapp2-1Atw-vHqevZuaWbgov1J2w==/lib/x86/libjsc.so
11-26 19:42:59.065 16762 16762 F DEBUG   :     #24 pc 002f8399  /data/app/com.testapp2-1Atw-vHqevZuaWbgov1J2w==/lib/x86/libjsc.so (JSC::PropertySlot::functionGetter(JSC::ExecState*) const+73)
11-26 19:42:59.065 16762 16762 F DEBUG   :     #25 pc 0013b1d8  /data/app/com.testapp2-1Atw-vHqevZuaWbgov1J2w==/lib/x86/libjsc.so
11-26 19:42:59.066 16762 16762 F DEBUG   :     #26 pc 0013b6d9  /data/app/com.testapp2-1Atw-vHqevZuaWbgov1J2w==/lib/x86/libjsc.so
11-26 19:42:59.066 16762 16762 F DEBUG   :     #27 pc 0000bbf6  <anonymous:adf47000>
11-26 19:42:59.066 16762 16762 F DEBUG   :     #28 pc 000003c6  <anonymous:ae06f000>
11-26 19:42:59.066 16762 16762 F DEBUG   :     #29 pc 000011c3  <anonymous:adfc0000>
11-26 19:42:59.066 16762 16762 F DEBUG   :     #30 pc 0017ef4a  /data/app/com.testapp2-1Atw-vHqevZuaWbgov1J2w==/lib/x86/libjsc.so
11-26 19:42:59.066 16762 16762 F DEBUG   :     #31 pc 000055cc  <anonymous:adf86000>
11-26 19:42:59.066 16762 16762 F DEBUG   :     #32 pc 0017ef4a  /data/app/com.testapp2-1Atw-vHqevZuaWbgov1J2w==/lib/x86/libjsc.so
11-26 19:42:59.066 16762 16762 F DEBUG   :     #33 pc 0017ef4a  /data/app/com.testapp2-1Atw-vHqevZuaWbgov1J2w==/lib/x86/libjsc.so
11-26 19:42:59.066 16762 16762 F DEBUG   :     #34 pc 0017ef4a  /data/app/com.testapp2-1Atw-vHqevZuaWbgov1J2w==/lib/x86/libjsc.so
11-26 19:42:59.066 16762 16762 F DEBUG   :     #35 pc 0017ef4a  /data/app/com.testapp2-1Atw-vHqevZuaWbgov1J2w==/lib/x86/libjsc.so
11-26 19:42:59.066 16762 16762 F DEBUG   :     #36 pc 0017ef4a  /data/app/com.testapp2-1Atw-vHqevZuaWbgov1J2w==/lib/x86/libjsc.so
11-26 19:42:59.066 16762 16762 F DEBUG   :     #37 pc 0017ef4a  /data/app/com.testapp2-1Atw-vHqevZuaWbgov1J2w==/lib/x86/libjsc.so
11-26 19:42:59.066 16762 16762 F DEBUG   :     #38 pc 0017ef4a  /data/app/com.testapp2-1Atw-vHqevZuaWbgov1J2w==/lib/x86/libjsc.so
11-26 19:42:59.066 16762 16762 F DEBUG   :     #39 pc 0017ef4a  /data/app/com.testapp2-1Atw-vHqevZuaWbgov1J2w==/lib/x86/libjsc.so
11-26 19:42:59.066 16762 16762 F DEBUG   :     #40 pc 0017ef4a  /data/app/com.testapp2-1Atw-vHqevZuaWbgov1J2w==/lib/x86/libjsc.so
11-26 19:42:59.066 16762 16762 F DEBUG   :     #41 pc 00000436  <anonymous:adc6c000>
11-26 19:42:59.066 16762 16762 F DEBUG   :     #42 pc 0017ef97  /data/app/com.testapp2-1Atw-vHqevZuaWbgov1J2w==/lib/x86/libjsc.so
11-26 19:42:59.066 16762 16762 F DEBUG   :     #43 pc 00000436  <anonymous:adc6c000>
11-26 19:42:59.066 16762 16762 F DEBUG   :     #44 pc 0017f0fc  /data/app/com.testapp2-1Atw-vHqevZuaWbgov1J2w==/lib/x86/libjsc.so
11-26 19:42:59.066 16762 16762 F DEBUG   :     #45 pc 0017ef4a  /data/app/com.testapp2-1Atw-vHqevZuaWbgov1J2w==/lib/x86/libjsc.so
11-26 19:42:59.066 16762 16762 F DEBUG   :     #46 pc 0017ef97  /data/app/com.testapp2-1Atw-vHqevZuaWbgov1J2w==/lib/x86/libjsc.so
11-26 19:42:59.066 16762 16762 F DEBUG   :     #47 pc 0017ef4a  /data/app/com.testapp2-1Atw-vHqevZuaWbgov1J2w==/lib/x86/libjsc.so
11-26 19:42:59.066 16762 16762 F DEBUG   :     #48 pc 0017ac7d  /data/app/com.testapp2-1Atw-vHqevZuaWbgov1J2w==/lib/x86/libjsc.so
11-26 19:42:59.066 16762 16762 F DEBUG   :     #49 pc 00126763  /data/app/com.testapp2-1Atw-vHqevZuaWbgov1J2w==/lib/x86/libjsc.so
11-26 19:42:59.066 16762 16762 F DEBUG   :     #50 pc 001039f8  /data/app/com.testapp2-1Atw-vHqevZuaWbgov1J2w==/lib/x86/libjsc.so
11-26 19:42:59.066 16762 16762 F DEBUG   :     #51 pc 00225591  /data/app/com.testapp2-1Atw-vHqevZuaWbgov1J2w==/lib/x86/libjsc.so (JSC::call(JSC::ExecState*, JSC::JSValue, JSC::CallType, JSC::CallData const&, JSC::JSValue, JSC::ArgList const&)+113)
11-26 19:42:59.066 16762 16762 F DEBUG   :     #52 pc 00265bfc  /data/app/com.testapp2-1Atw-vHqevZuaWbgov1J2w==/lib/x86/libjsc.so
11-26 19:42:59.066 16762 16762 F DEBUG   :     #53 pc 0017adac  /data/app/com.testapp2-1Atw-vHqevZuaWbgov1J2w==/lib/x86/libjsc.so
11-26 19:42:59.066 16762 16762 F DEBUG   :     #54 pc 00103b62  /data/app/com.testapp2-1Atw-vHqevZuaWbgov1J2w==/lib/x86/libjsc.so
11-26 19:42:59.066 16762 16762 F DEBUG   :     #55 pc 00225591  /data/app/com.testapp2-1Atw-vHqevZuaWbgov1J2w==/lib/x86/libjsc.so (JSC::call(JSC::ExecState*, JSC::JSValue, JSC::CallType, JSC::CallData const&, JSC::JSValue, JSC::ArgList const&)+113)
11-26 19:42:59.066 16762 16762 F DEBUG   :     #56 pc 0004be3a  /data/app/com.testapp2-1Atw-vHqevZuaWbgov1J2w==/lib/x86/libjsc.so (JSObjectCallAsFunction+474)
11-26 19:42:59.066 16762 16762 F DEBUG   :     #57 pc 00093e37  /data/app/com.testapp2-1Atw-vHqevZuaWbgov1J2w==/lib/x86/libreactnativejni.so (facebook::react::Object::callAsFunction(OpaqueJSValue*, int, OpaqueJSValue const* const*) const+87)
11-26 19:42:59.066 16762 16762 F DEBUG   :     #58 pc 00093f0c  /data/app/com.testapp2-1Atw-vHqevZuaWbgov1J2w==/lib/x86/libreactnativejni.so (facebook::react::Object::callAsFunction(std::initializer_list<OpaqueJSValue const*>) const+60)
11-26 19:42:59.067 16762 16762 F DEBUG   :     #59 pc 00081213  /data/app/com.testapp2-1Atw-vHqevZuaWbgov1J2w==/lib/x86/libreactnativejni.so (facebook::react::JSCExecutor::callFunction(std::string const&, std::string const&, folly::dynamic const&)+259)
11-26 19:42:59.067 16762 16762 F DEBUG   :     #60 pc 0008b664  /data/app/com.testapp2-1Atw-vHqevZuaWbgov1J2w==/lib/x86/libreactnativejni.so
11-26 19:42:59.067 16762 16762 F DEBUG   :     #61 pc 0008a646  /data/app/com.testapp2-1Atw-vHqevZuaWbgov1J2w==/lib/x86/libreactnativejni.so
11-26 19:42:59.067 16762 16762 F DEBUG   :     #62 pc 00032db1  /data/app/com.testapp2-1Atw-vHqevZuaWbgov1J2w==/lib/x86/libreactnativejni.so
11-26 19:42:59.067 16762 16762 F DEBUG   :     #63 pc 0001ddfb  /data/app/com.testapp2-1Atw-vHqevZuaWbgov1J2w==/lib/x86/libreactnativejni.so
11-26 19:42:59.406  1636 16763 I chatty  : uid=1000 system_server expire 3 lines
11-26 19:42:59.406  1636  1654 I chatty  : uid=1000(system) FileObserver expire 1 line
11-26 19:42:59.483  1636 13596 I chatty  : uid=1000(system) Binder:1636_1F expire 2 lines
11-26 19:42:59.625 13768 15925 E ActivityThread: Failed to find provider info for com.google.android.apps.gsa.testing.ui.audio.recorded
11-26 19:43:17.232 13768 15925 E ActivityThread: Failed to find provider info for com.google.android.apps.gsa.testing.ui.audio.recorded
