--------- beginning of system
11-25 23:16:19.684 13768 31144 E ActivityThread: Failed to find provider info for com.google.android.apps.gsa.testing.ui.audio.recorded
11-25 23:18:15.650 13768 31144 I chatty  : uid=10032 com.google.android.googlequicksearchbox:search identical 23 lines
11-25 23:18:20.683 13768 31144 E ActivityThread: Failed to find provider info for com.google.android.apps.gsa.testing.ui.audio.recorded
11-25 23:18:25.719 13768  2269 E ActivityThread: Failed to find provider info for com.google.android.apps.gsa.testing.ui.audio.recorded
11-25 23:18:35.773 13768  2269 I chatty  : uid=10032 com.google.android.googlequicksearchbox:search identical 61 lines
11-25 23:18:40.822 13768  2269 E ActivityThread: Failed to find provider info for com.google.android.apps.gsa.testing.ui.audio.recorded
11-25 23:18:45.125  1636  1649 I chatty  : uid=1000(system) android.bg expire 6 lines
11-25 23:18:45.855 13768  2269 E ActivityThread: Failed to find provider info for com.google.android.apps.gsa.testing.ui.audio.recorded
11-25 23:23:48.123 13768  2269 E ActivityThread: Failed to find provider info for com.google.android.apps.gsa.testing.ui.audio.recorded
11-25 23:23:51.073  1636  1653 I chatty  : uid=1000(system) batterystats-wo expire 6 lines
11-25 23:23:53.180 13768  2269 E ActivityThread: Failed to find provider info for com.google.android.apps.gsa.testing.ui.audio.recorded
11-25 23:23:57.877  1636  1636 I chatty  : uid=1000 system_server expire 11 lines
11-25 23:23:58.233 13768  2269 E ActivityThread: Failed to find provider info for com.google.android.apps.gsa.testing.ui.audio.recorded
11-25 23:27:14.633 13768  2269 I chatty  : uid=10032 com.google.android.googlequicksearchbox:search identical 39 lines
11-25 23:27:19.667 13768  2269 E ActivityThread: Failed to find provider info for com.google.android.apps.gsa.testing.ui.audio.recorded
11-25 23:27:24.527  1636 13457 I chatty  : uid=1000(system) Binder:1636_1E expire 2 lines
11-25 23:27:30.053  1636  1702 I chatty  : uid=1000(system) NetworkPolicy expire 9 lines
11-25 23:37:18.164  1636  1650 I chatty  : uid=1000(system) ActivityManager expire 22 lines
11-25 23:37:18.197  1636  1662 I chatty  : uid=1000(system) PackageManager expire 10 lines
11-25 23:37:18.233  1636  1657 I chatty  : uid=1000(system) android.display expire 3 lines
11-25 23:37:18.350  1636  9390 I chatty  : uid=1000(system) Binder:1636_17 expire 5 lines
11-25 23:37:18.412 13768  4241 E ActivityThread: Failed to find provider info for com.google.android.apps.gsa.testing.ui.audio.recorded
11-25 23:37:18.853  1636  5415 I chatty  : uid=1000(system) Binder:1636_16 expire 1 line
11-25 23:37:18.888  1636  2472 I chatty  : uid=1000(system) Binder:1636_E expire 3 lines
11-25 23:37:26.330  1636  1693 I chatty  : uid=1000(system) InputDispatcher expire 5 lines
11-25 23:37:26.484 13768  4243 E ActivityThread: Failed to find provider info for com.google.android.apps.gsa.testing.ui.audio.recorded
11-25 23:37:31.524 13768  4243 E ActivityThread: Failed to find provider info for com.google.android.apps.gsa.testing.ui.audio.recorded
11-25 23:37:32.589  1636  2212 I chatty  : uid=1000(system) Binder:1636_B expire 3 lines
11-25 23:37:33.950  1636  1650 I chatty  : uid=1000(system) ActivityManager expire 14 lines
11-25 23:37:34.015  1636  2987 I chatty  : uid=1000(system) Binder:1636_14 expire 5 lines
11-25 23:37:34.160  1636  1651 I chatty  : uid=1000(system) android.ui expire 1 line
11-25 23:37:34.255 13768  4242 E ActivityThread: Failed to find provider info for com.google.android.apps.gsa.testing.ui.audio.recorded
11-25 23:37:39.297 13768  4242 E ActivityThread: Failed to find provider info for com.google.android.apps.gsa.testing.ui.audio.recorded
11-25 23:37:42.964  1636  1636 I chatty  : uid=1000 system_server expire 11 lines
11-25 23:37:43.396  1636  2487 I chatty  : uid=1000(system) Binder:1636_10 expire 1 line
11-25 23:37:44.719  1636 13596 I chatty  : uid=1000(system) Binder:1636_1F expire 4 lines
11-25 23:37:44.721  1636  1696 I chatty  : uid=1000(system) VoldConnector expire 1 line
11-25 23:40:51.293 13768  4243 E ActivityThread: Failed to find provider info for com.google.android.apps.gsa.testing.ui.audio.recorded
11-25 23:40:54.516  1636  1681 I chatty  : uid=1000(system) android.anim expire 2 lines
11-25 23:41:03.840 13768  4239 E ActivityThread: Failed to find provider info for com.google.android.apps.gsa.testing.ui.audio.recorded
11-25 23:41:08.859 13768  4239 I chatty  : uid=10032 com.google.android.googlequicksearchbox:search identical 1 line
11-25 23:41:13.910 13768  4239 E ActivityThread: Failed to find provider info for com.google.android.apps.gsa.testing.ui.audio.recorded
11-25 23:41:14.362  1636  1650 I chatty  : uid=1000(system) ActivityManager expire 22 lines
11-25 23:41:14.968  1636  2508 I chatty  : uid=1000(system) Binder:1636_12 expire 1 line
11-25 23:41:21.143 13768  4239 E ActivityThread: Failed to find provider info for com.google.android.apps.gsa.testing.ui.audio.recorded
11-25 23:41:41.273 13768  4241 E ActivityThread: Failed to find provider info for com.google.android.apps.gsa.testing.ui.audio.recorded
11-25 23:41:46.316 13768  4243 E ActivityThread: Failed to find provider info for com.google.android.apps.gsa.testing.ui.audio.recorded
11-25 23:42:46.742 13768  4243 I chatty  : uid=10032 com.google.android.googlequicksearchbox:search identical 12 lines
11-25 23:42:51.796 13768  4243 E ActivityThread: Failed to find provider info for com.google.android.apps.gsa.testing.ui.audio.recorded
11-25 23:42:56.833 13768  4241 E ActivityThread: Failed to find provider info for com.google.android.apps.gsa.testing.ui.audio.recorded
11-25 23:43:42.200 13768  4241 I chatty  : uid=10032 com.google.android.googlequicksearchbox:search identical 38 lines
11-25 23:43:47.245 13768  4241 E ActivityThread: Failed to find provider info for com.google.android.apps.gsa.testing.ui.audio.recorded
11-25 23:43:51.183  1636  1709 I chatty  : uid=1000(system) ConnectivitySer expire 2 lines
11-25 23:43:52.287 13768  4241 E ActivityThread: Failed to find provider info for com.google.android.apps.gsa.testing.ui.audio.recorded
11-25 23:46:23.509 13768  4241 E ActivityThread: Failed to find provider info for com.google.android.apps.gsa.testing.ui.audio.recorded
11-25 23:46:24.611  1636  1690 I chatty  : uid=1000(system) AlarmManager expire 3 lines
11-25 23:46:28.553 13768  4241 E ActivityThread: Failed to find provider info for com.google.android.apps.gsa.testing.ui.audio.recorded
11-25 23:47:18.915 13768  4241 I chatty  : uid=10032 com.google.android.googlequicksearchbox:search identical 10 lines
11-25 23:47:23.950 13768  4241 E ActivityThread: Failed to find provider info for com.google.android.apps.gsa.testing.ui.audio.recorded
11-25 23:47:28.996 13768  4241 E ActivityThread: Failed to find provider info for com.google.android.apps.gsa.testing.ui.audio.recorded
11-25 23:53:41.956 13768  4241 I chatty  : uid=10032 com.google.android.googlequicksearchbox:search identical 74 lines
11-25 23:53:46.984 13768  4241 E ActivityThread: Failed to find provider info for com.google.android.apps.gsa.testing.ui.audio.recorded
11-25 23:53:52.012 13768  4241 E ActivityThread: Failed to find provider info for com.google.android.apps.gsa.testing.ui.audio.recorded
11-25 23:54:17.254 13768  4241 I chatty  : uid=10032 com.google.android.googlequicksearchbox:search identical 16 lines
11-25 23:54:22.300 13768  4241 E ActivityThread: Failed to find provider info for com.google.android.apps.gsa.testing.ui.audio.recorded
11-25 23:54:25.237  1636  2523 I chatty  : uid=1000(system) Binder:1636_13 expire 1 line
11-25 23:54:25.238  1383  1387 D VoldCryptCmdListener: cryptfs getpwtype
11-25 23:54:25.239  1636  1697 I chatty  : uid=1000(system) CryptdConnector expire 1 line
11-25 23:54:27.330 13768  4241 E ActivityThread: Failed to find provider info for com.google.android.apps.gsa.testing.ui.audio.recorded
11-25 23:55:27.782 13768  4241 E ActivityThread: Failed to find provider info for com.google.android.apps.gsa.testing.ui.audio.recorded
11-25 23:55:32.817 13768  5920 E ActivityThread: Failed to find provider info for com.google.android.apps.gsa.testing.ui.audio.recorded
11-25 23:57:33.714 13768  5920 I chatty  : uid=10032 com.google.android.googlequicksearchbox:search identical 24 lines
11-25 23:57:42.446 13768  5920 E ActivityThread: Failed to find provider info for com.google.android.apps.gsa.testing.ui.audio.recorded
11-25 23:57:45.744  1636 13456 I chatty  : uid=1000(system) Binder:1636_1D expire 2 lines
11-25 23:57:47.815 13768  5920 E ActivityThread: Failed to find provider info for com.google.android.apps.gsa.testing.ui.audio.recorded
11-25 23:57:52.892 13768  5920 E ActivityThread: Failed to find provider info for com.google.android.apps.gsa.testing.ui.audio.recorded
11-25 23:57:52.963  1636  1650 I chatty  : uid=1000(system) ActivityManager expire 8 lines
11-25 23:57:53.132  1636  1662 I chatty  : uid=1000(system) PackageManager expire 3 lines
11-26 12:40:00.893  1636  1717 I chatty  : uid=1000(system) onProviders.ECP expire 10 lines
11-26 12:40:03.414  1636 13596 I chatty  : uid=1000(system) Binder:1636_1F expire 10 lines
11-26 12:40:03.783 13768  5920 E ActivityThread: Failed to find provider info for com.google.android.apps.gsa.testing.ui.audio.recorded
11-26 12:40:03.904  1636  1662 I chatty  : uid=1000(system) PackageManager expire 7 lines
11-26 12:40:05.223  1636  1830 I chatty  : uid=1000(system) Binder:1636_4 expire 12 lines
11-26 12:40:05.348  1636  2213 I chatty  : uid=1000(system) Binder:1636_C expire 6 lines
11-26 12:40:05.626  1636  1651 I chatty  : uid=1000(system) android.ui expire 5 lines
11-26 12:40:05.916  1636  5415 I chatty  : uid=1000(system) Binder:1636_16 expire 6 lines
11-26 12:40:08.495  1636  1636 I chatty  : uid=1000 system_server expire 10 lines
11-26 12:40:09.991  1636 13456 I chatty  : uid=1000(system) Binder:1636_1D expire 4 lines
11-26 12:40:09.992  1636  1650 I chatty  : uid=1000(system) ActivityManager expire 18 lines
11-26 12:40:30.171  1636  2523 I chatty  : uid=1000(system) Binder:1636_13 expire 6 lines
11-26 12:40:56.933  1636 11242 I chatty  : uid=1000(system) Binder:1636_1B expire 2 lines
11-26 12:43:09.360  1636  1693 I chatty  : uid=1000(system) InputDispatcher expire 5 lines
11-26 12:43:09.628 13768  6530 E ActivityThread: Failed to find provider info for com.google.android.apps.gsa.testing.ui.audio.recorded
11-26 12:43:29.806 13768  6530 I chatty  : uid=10032 com.google.android.googlequicksearchbox:search identical 4 lines
11-26 12:43:34.834 13768  6530 E ActivityThread: Failed to find provider info for com.google.android.apps.gsa.testing.ui.audio.recorded
11-26 12:43:38.258  1636 13457 I chatty  : uid=1000(system) Binder:1636_1E expire 2 lines
11-26 12:43:38.401  1636  1650 I chatty  : uid=1000(system) ActivityManager expire 13 lines
11-26 12:43:38.402  1636  1653 I chatty  : uid=1000(system) batterystats-wo expire 6 lines
11-26 12:43:40.940  1636  2487 I chatty  : uid=1000(system) Binder:1636_10 expire 2 lines
11-26 12:43:44.703  1636 14821 I chatty  : uid=1000(system) Binder:1636_20 expire 1 line
11-26 12:43:44.716  1636  1657 I chatty  : uid=1000(system) android.display expire 7 lines
11-26 12:43:45.413  1636  2143 I chatty  : uid=1000(system) Binder:1636_9 expire 1 line
11-26 12:43:45.454  1636 13454 I chatty  : uid=1000(system) Binder:1636_1C expire 1 line
11-26 12:43:48.069 13768  5919 E ActivityThread: Failed to find provider info for com.google.android.apps.gsa.testing.ui.audio.recorded
11-26 12:44:13.283 13768  5919 I chatty  : uid=10032 com.google.android.googlequicksearchbox:search identical 6 lines
11-26 12:44:18.321 13768  5919 E ActivityThread: Failed to find provider info for com.google.android.apps.gsa.testing.ui.audio.recorded
11-26 12:44:23.365 13768  5919 E ActivityThread: Failed to find provider info for com.google.android.apps.gsa.testing.ui.audio.recorded
11-26 12:44:33.433 13768  5919 E ActivityThread: Failed to find provider info for com.google.android.apps.gsa.testing.ui.audio.recorded
11-26 12:44:34.226  1636  2508 I chatty  : uid=1000(system) Binder:1636_12 expire 4 lines
11-26 12:44:35.664 13768  6532 E ActivityThread: Failed to find provider info for com.google.android.apps.gsa.testing.ui.audio.recorded
11-26 12:44:35.807  1636  1702 I chatty  : uid=1000(system) NetworkPolicy expire 9 lines
11-26 12:44:40.711 13768  6532 E ActivityThread: Failed to find provider info for com.google.android.apps.gsa.testing.ui.audio.recorded
11-26 12:44:45.741 13768  6532 E ActivityThread: Failed to find provider info for com.google.android.apps.gsa.testing.ui.audio.recorded
11-26 12:44:50.774 13768  6532 E ActivityThread: Failed to find provider info for com.google.android.apps.gsa.testing.ui.audio.recorded
11-26 12:44:55.837 13768  6532 E ActivityThread: Failed to find provider info for com.google.android.apps.gsa.testing.ui.audio.recorded
11-26 12:45:00.868 13768  6532 E ActivityThread: Failed to find provider info for com.google.android.apps.gsa.testing.ui.audio.recorded
11-26 12:45:21.026 13768  6532 I chatty  : uid=10032 com.google.android.googlequicksearchbox:search identical 17 lines
11-26 12:45:26.072 13768  6532 E ActivityThread: Failed to find provider info for com.google.android.apps.gsa.testing.ui.audio.recorded
11-26 12:45:31.115 13768  6532 E ActivityThread: Failed to find provider info for com.google.android.apps.gsa.testing.ui.audio.recorded
11-26 12:45:31.170  1636  9390 I chatty  : uid=1000(system) Binder:1636_17 expire 3 lines
11-26 12:45:32.424  1636  1696 I chatty  : uid=1000(system) VoldConnector expire 3 lines
11-26 12:45:40.529 13768  6531 E ActivityThread: Failed to find provider info for com.google.android.apps.gsa.testing.ui.audio.recorded
11-26 12:46:20.812 13768  6531 I chatty  : uid=10032 com.google.android.googlequicksearchbox:search identical 67 lines
11-26 12:46:25.848 13768  6531 E ActivityThread: Failed to find provider info for com.google.android.apps.gsa.testing.ui.audio.recorded
11-26 12:46:26.464  1636  2212 I chatty  : uid=1000(system) Binder:1636_B expire 1 line
11-26 12:46:27.923  1636  9605 I chatty  : uid=1000(system) Binder:1636_19 expire 3 lines
11-26 12:46:28.070 13768  6532 E ActivityThread: Failed to find provider info for com.google.android.apps.gsa.testing.ui.audio.recorded
11-26 12:47:38.630 13768  6532 E ActivityThread: Failed to find provider info for com.google.android.apps.gsa.testing.ui.audio.recorded
11-26 12:47:43.892  1636  1650 I chatty  : uid=1000(system) ActivityManager expire 13 lines
11-26 12:47:44.195 13768  6530 E ActivityThread: Failed to find provider info for com.google.android.apps.gsa.testing.ui.audio.recorded
11-26 12:47:49.249 13768  6530 E ActivityThread: Failed to find provider info for com.google.android.apps.gsa.testing.ui.audio.recorded
11-26 12:47:54.321 13768  6530 E ActivityThread: Failed to find provider info for com.google.android.apps.gsa.testing.ui.audio.recorded
11-26 12:47:57.052  1636  2472 I chatty  : uid=1000(system) Binder:1636_E expire 1 line
11-26 12:48:21.375 13768  6531 E ActivityThread: Failed to find provider info for com.google.android.apps.gsa.testing.ui.audio.recorded
11-26 12:53:23.924 13768  6531 E ActivityThread: Failed to find provider info for com.google.android.apps.gsa.testing.ui.audio.recorded
11-26 12:53:28.949 13768  6531 E ActivityThread: Failed to find provider info for com.google.android.apps.gsa.testing.ui.audio.recorded
11-26 12:53:32.118  1636  1650 I chatty  : uid=1000(system) ActivityManager expire 11 lines
11-26 12:53:32.262 13768  7591 E ActivityThread: Failed to find provider info for com.google.android.apps.gsa.testing.ui.audio.recorded
11-26 12:53:37.315 13768  7591 E ActivityThread: Failed to find provider info for com.google.android.apps.gsa.testing.ui.audio.recorded
11-26 12:53:40.144  1636 11240 I chatty  : uid=1000(system) Binder:1636_1A expire 1 line
11-26 12:53:42.365 13768  7591 E ActivityThread: Failed to find provider info for com.google.android.apps.gsa.testing.ui.audio.recorded
11-26 12:53:49.606 13768  7590 E ActivityThread: Failed to find provider info for com.google.android.apps.gsa.testing.ui.audio.recorded
11-26 12:53:54.666 13768  7792 E ActivityThread: Failed to find provider info for com.google.android.apps.gsa.testing.ui.audio.recorded
11-26 12:53:56.913  1636  1709 I chatty  : uid=1000(system) ConnectivitySer expire 2 lines
11-26 12:53:57.378  1636  1636 I chatty  : uid=1000 system_server expire 10 lines
11-26 12:53:59.696 13768  7792 E ActivityThread: Failed to find provider info for com.google.android.apps.gsa.testing.ui.audio.recorded
11-26 12:54:00.042  1636  2508 I chatty  : uid=1000(system) Binder:1636_12 expire 3 lines
11-26 12:54:04.735 13768  7792 E ActivityThread: Failed to find provider info for com.google.android.apps.gsa.testing.ui.audio.recorded
11-26 12:54:09.779 13768  7792 I chatty  : uid=10032 com.google.android.googlequicksearchbox:search identical 12 lines
11-26 12:54:14.814 13768  7792 E ActivityThread: Failed to find provider info for com.google.android.apps.gsa.testing.ui.audio.recorded
11-26 12:54:19.840 13768  7792 E ActivityThread: Failed to find provider info for com.google.android.apps.gsa.testing.ui.audio.recorded
11-26 12:55:20.255 13768  7792 E ActivityThread: Failed to find provider info for com.google.android.apps.gsa.testing.ui.audio.recorded
11-26 12:55:21.655  1636  2213 I chatty  : uid=1000(system) Binder:1636_C expire 2 lines
11-26 12:55:22.726  1636  1650 I chatty  : uid=1000(system) ActivityManager expire 14 lines
11-26 12:55:22.792  1636  2143 I chatty  : uid=1000(system) Binder:1636_9 expire 5 lines
11-26 12:55:22.973  1636  1651 I chatty  : uid=1000(system) android.ui expire 2 lines
11-26 12:55:22.974  1636  1657 I chatty  : uid=1000(system) android.display expire 3 lines
11-26 12:55:23.014  1636  1662 I chatty  : uid=1000(system) PackageManager expire 10 lines
11-26 12:55:23.027 13768  7791 E ActivityThread: Failed to find provider info for com.google.android.apps.gsa.testing.ui.audio.recorded
11-26 12:55:23.082  1636  1716 I chatty  : uid=1000(system) ranker expire 1 line
11-26 12:55:23.117  1636  1702 I chatty  : uid=1000(system) NetworkPolicy expire 3 lines
11-26 12:55:28.101 13768  7791 E ActivityThread: Failed to find provider info for com.google.android.apps.gsa.testing.ui.audio.recorded
11-26 12:55:32.539  1636 13457 I chatty  : uid=1000(system) Binder:1636_1E expire 3 lines
11-26 12:55:33.130 13768  7791 E ActivityThread: Failed to find provider info for com.google.android.apps.gsa.testing.ui.audio.recorded
11-26 12:55:35.207  1636  2472 I chatty  : uid=1000(system) Binder:1636_E expire 1 line
11-26 12:55:35.352  1636  2477 I chatty  : uid=1000(system) Binder:1636_F expire 6 lines
11-26 12:55:35.371  1636 14821 I chatty  : uid=1000(system) Binder:1636_20 expire 4 lines
11-26 12:55:36.729  1636  2487 I chatty  : uid=1000(system) Binder:1636_10 expire 6 lines
11-26 12:55:36.729  1636  1696 I chatty  : uid=1000(system) VoldConnector expire 1 line
11-26 12:55:51.343  1636  1693 I chatty  : uid=1000(system) InputDispatcher expire 4 lines
11-26 12:55:51.564 13768  7591 E ActivityThread: Failed to find provider info for com.google.android.apps.gsa.testing.ui.audio.recorded
11-26 12:55:51.881  1636  1649 I chatty  : uid=1000(system) android.bg expire 5 lines
11-26 12:55:56.620 13768  7591 E ActivityThread: Failed to find provider info for com.google.android.apps.gsa.testing.ui.audio.recorded
11-26 12:55:57.520  1636  1653 I chatty  : uid=1000(system) batterystats-wo expire 10 lines
11-26 12:55:57.592  1636  1650 I chatty  : uid=1000(system) ActivityManager expire 16 lines
11-26 12:56:00.270 13768  8154 E ActivityThread: Failed to find provider info for com.google.android.apps.gsa.testing.ui.audio.recorded
11-26 12:56:05.297 13768  8154 E ActivityThread: Failed to find provider info for com.google.android.apps.gsa.testing.ui.audio.recorded
11-26 12:57:25.535  1636  2212 I chatty  : uid=1000(system) Binder:1636_B expire 6 lines
11-26 12:57:29.458  1636  5415 I chatty  : uid=1000(system) Binder:1636_16 expire 2 lines
11-26 12:57:39.669 13768  8151 E ActivityThread: Failed to find provider info for com.google.android.apps.gsa.testing.ui.audio.recorded
11-26 12:57:49.737 13768  8151 I chatty  : uid=10032 com.google.android.googlequicksearchbox:search identical 3 lines
11-26 12:57:54.783 13768  8151 E ActivityThread: Failed to find provider info for com.google.android.apps.gsa.testing.ui.audio.recorded
11-26 12:57:59.829 13768  8151 E ActivityThread: Failed to find provider info for com.google.android.apps.gsa.testing.ui.audio.recorded
11-26 12:58:04.877 13768  8151 E ActivityThread: Failed to find provider info for com.google.android.apps.gsa.testing.ui.audio.recorded
11-26 12:58:09.906 13768  8151 E ActivityThread: Failed to find provider info for com.google.android.apps.gsa.testing.ui.audio.recorded
11-26 12:58:20.252 13768  8151 E ActivityThread: Failed to find provider info for com.google.android.apps.gsa.testing.ui.audio.recorded
11-26 13:13:31.095  1636  1636 I chatty  : uid=1000 system_server expire 6 lines
11-26 13:13:31.710  1636  9392 I chatty  : uid=1000(system) Binder:1636_18 expire 2 lines
11-26 13:13:35.761 13768  8151 E ActivityThread: Failed to find provider info for com.google.android.apps.gsa.testing.ui.audio.recorded
11-26 13:13:40.812 13768  8151 E ActivityThread: Failed to find provider info for com.google.android.apps.gsa.testing.ui.audio.recorded
11-26 13:13:45.869 13768  8151 E ActivityThread: Failed to find provider info for com.google.android.apps.gsa.testing.ui.audio.recorded
11-26 13:13:50.909 13768  8151 E ActivityThread: Failed to find provider info for com.google.android.apps.gsa.testing.ui.audio.recorded
11-26 13:13:51.500  1636  1650 I chatty  : uid=1000(system) ActivityManager expire 19 lines
11-26 13:13:52.220  1636 11242 I chatty  : uid=1000(system) Binder:1636_1B expire 8 lines
11-26 13:14:11.475 13768  6531 E ActivityThread: Failed to find provider info for com.google.android.apps.gsa.testing.ui.audio.recorded
11-26 13:14:16.541 13768  6531 E ActivityThread: Failed to find provider info for com.google.android.apps.gsa.testing.ui.audio.recorded
11-26 13:14:20.858  1636  1653 I chatty  : uid=1000(system) batterystats-wo expire 1 line
11-26 13:14:21.586 13768  6531 E ActivityThread: Failed to find provider info for com.google.android.apps.gsa.testing.ui.audio.recorded
11-26 13:14:26.629 13768  6531 I chatty  : uid=10032 com.google.android.googlequicksearchbox:search identical 3 lines
11-26 13:14:31.651 13768  6531 E ActivityThread: Failed to find provider info for com.google.android.apps.gsa.testing.ui.audio.recorded
11-26 13:14:32.243  1636  1650 I chatty  : uid=1000(system) ActivityManager expire 19 lines
11-26 13:14:36.689 13768  6531 E ActivityThread: Failed to find provider info for com.google.android.apps.gsa.testing.ui.audio.recorded
11-26 13:14:51.793 13768  6531 E ActivityThread: Failed to find provider info for com.google.android.apps.gsa.testing.ui.audio.recorded
11-26 13:15:27.864 13768  7590 E ActivityThread: Failed to find provider info for com.google.android.apps.gsa.testing.ui.audio.recorded
11-26 13:15:31.406  1636  5264 I chatty  : uid=1000(system) Binder:1636_15 expire 1 line
11-26 13:16:58.008  1636  1662 I chatty  : uid=1000(system) PackageManager expire 4 lines
11-26 13:16:58.034  1636  1650 I chatty  : uid=1000(system) ActivityManager expire 22 lines
11-26 13:16:59.064  1636  2212 I chatty  : uid=1000(system) Binder:1636_B expire 1 line
11-26 13:16:59.248  1636  2143 I chatty  : uid=1000(system) Binder:1636_9 expire 8 lines
11-26 13:16:59.676  1636  1636 I chatty  : uid=1000 system_server expire 7 lines
11-26 13:16:59.826 13768  8151 E ActivityThread: Failed to find provider info for com.google.android.apps.gsa.testing.ui.audio.recorded
11-26 13:17:03.038  1636  5415 I chatty  : uid=1000(system) Binder:1636_16 expire 3 lines
11-26 13:17:03.056  1636  1651 I chatty  : uid=1000(system) android.ui expire 10 lines
11-26 13:17:03.842 13768  7591 E ActivityThread: Failed to find provider info for com.google.android.apps.gsa.testing.ui.audio.recorded
11-26 13:17:08.890 13768  7591 E ActivityThread: Failed to find provider info for com.google.android.apps.gsa.testing.ui.audio.recorded
11-26 13:35:05.035  1636  1649 I chatty  : uid=1000(system) android.bg expire 5 lines
11-26 13:35:05.975  1636  2508 I chatty  : uid=1000(system) Binder:1636_12 expire 4 lines
11-26 13:35:07.838 13768  7591 E ActivityThread: Failed to find provider info for com.google.android.apps.gsa.testing.ui.audio.recorded
11-26 13:35:08.018  1636  1650 I chatty  : uid=1000(system) ActivityManager expire 27 lines
11-26 13:35:12.866 13768  7591 E ActivityThread: Failed to find provider info for com.google.android.apps.gsa.testing.ui.audio.recorded
11-26 13:35:15.260  1636  9605 I chatty  : uid=1000(system) Binder:1636_19 expire 1 line
11-26 13:35:15.274  1636  1657 I chatty  : uid=1000(system) android.display expire 9 lines
11-26 13:35:15.466  1636  1681 I chatty  : uid=1000(system) android.anim expire 9 lines
11-26 13:35:17.926 13768  7591 E ActivityThread: Failed to find provider info for com.google.android.apps.gsa.testing.ui.audio.recorded
11-26 13:35:22.967 13768  7591 I chatty  : uid=10032 com.google.android.googlequicksearchbox:search identical 1 line
11-26 13:35:27.989 13768  7591 E ActivityThread: Failed to find provider info for com.google.android.apps.gsa.testing.ui.audio.recorded
11-26 13:35:32.198  1636  2477 I chatty  : uid=1000(system) Binder:1636_F expire 9 lines
11-26 13:35:32.567  1636  9390 I chatty  : uid=1000(system) Binder:1636_17 expire 2 lines
11-26 13:35:34.838  1636 14821 I chatty  : uid=1000(system) Binder:1636_20 expire 5 lines
11-26 13:35:35.592 13768  7590 E ActivityThread: Failed to find provider info for com.google.android.apps.gsa.testing.ui.audio.recorded
11-26 13:35:40.663 13768  8153 E ActivityThread: Failed to find provider info for com.google.android.apps.gsa.testing.ui.audio.recorded
11-26 13:35:45.691 13768  8153 E ActivityThread: Failed to find provider info for com.google.android.apps.gsa.testing.ui.audio.recorded
11-26 13:35:50.752 13768  8153 E ActivityThread: Failed to find provider info for com.google.android.apps.gsa.testing.ui.audio.recorded
11-26 13:35:55.780 13768  8153 E ActivityThread: Failed to find provider info for com.google.android.apps.gsa.testing.ui.audio.recorded
11-26 13:38:52.160 13768  8153 I chatty  : uid=10032 com.google.android.googlequicksearchbox:search identical 35 lines
11-26 13:38:57.190 13768  8153 E ActivityThread: Failed to find provider info for com.google.android.apps.gsa.testing.ui.audio.recorded
11-26 13:39:00.975  1636  1653 I chatty  : uid=1000(system) batterystats-wo expire 3 lines
11-26 13:39:02.237 13768  8153 E ActivityThread: Failed to find provider info for com.google.android.apps.gsa.testing.ui.audio.recorded
11-26 13:39:27.474 13768  8153 I chatty  : uid=10032 com.google.android.googlequicksearchbox:search identical 58 lines
11-26 13:39:32.509 13768  8153 E ActivityThread: Failed to find provider info for com.google.android.apps.gsa.testing.ui.audio.recorded
11-26 13:39:34.390  1636  1702 I chatty  : uid=1000(system) NetworkPolicy expire 3 lines
11-26 13:39:37.561 13768  8153 E ActivityThread: Failed to find provider info for com.google.android.apps.gsa.testing.ui.audio.recorded
11-26 13:44:09.680 13768  8153 E ActivityThread: Failed to find provider info for com.google.android.apps.gsa.testing.ui.audio.recorded
11-26 13:44:10.069  1636 13454 I chatty  : uid=1000(system) Binder:1636_1C expire 8 lines
11-26 13:44:14.717 13768  8153 E ActivityThread: Failed to find provider info for com.google.android.apps.gsa.testing.ui.audio.recorded
11-26 13:45:25.294 13768  8153 I chatty  : uid=10032 com.google.android.googlequicksearchbox:search identical 14 lines
11-26 13:45:30.335 13768  8153 E ActivityThread: Failed to find provider info for com.google.android.apps.gsa.testing.ui.audio.recorded
11-26 13:45:35.380 13768  8153 E ActivityThread: Failed to find provider info for com.google.android.apps.gsa.testing.ui.audio.recorded
11-26 13:45:45.442 13768  8153 I chatty  : uid=10032 com.google.android.googlequicksearchbox:search identical 2 lines
11-26 13:45:50.492 13768  8153 E ActivityThread: Failed to find provider info for com.google.android.apps.gsa.testing.ui.audio.recorded
11-26 13:45:55.533 13768  8153 E ActivityThread: Failed to find provider info for com.google.android.apps.gsa.testing.ui.audio.recorded
11-26 13:45:56.397  1636  1662 I chatty  : uid=1000(system) PackageManager expire 4 lines
11-26 13:47:10.687  1636  2987 I chatty  : uid=1000(system) Binder:1636_14 expire 8 lines
11-26 13:47:11.418 13768 10000 E ActivityThread: Failed to find provider info for com.google.android.apps.gsa.testing.ui.audio.recorded
11-26 13:47:16.476 13768  8153 E ActivityThread: Failed to find provider info for com.google.android.apps.gsa.testing.ui.audio.recorded
11-26 13:47:19.053  1636  9392 I chatty  : uid=1000(system) Binder:1636_18 expire 10 lines
11-26 13:47:20.937  1636  1650 I chatty  : uid=1000(system) ActivityManager expire 12 lines
11-26 13:47:21.687 13768  9860 E ActivityThread: Failed to find provider info for com.google.android.apps.gsa.testing.ui.audio.recorded
11-26 13:47:26.720 13768  9860 E ActivityThread: Failed to find provider info for com.google.android.apps.gsa.testing.ui.audio.recorded
11-26 13:47:46.893 13768  9860 I chatty  : uid=10032(com.google.android.googlequicksearchbox) NonUserFacing15 identical 4 lines
11-26 13:47:51.928 13768  9860 E ActivityThread: Failed to find provider info for com.google.android.apps.gsa.testing.ui.audio.recorded
11-26 13:47:56.955 13768  8153 E ActivityThread: Failed to find provider info for com.google.android.apps.gsa.testing.ui.audio.recorded
11-26 13:48:01.991 13768  9998 E ActivityThread: Failed to find provider info for com.google.android.apps.gsa.testing.ui.audio.recorded
11-26 13:48:52.366 13768  9998 I chatty  : uid=10032 com.google.android.googlequicksearchbox:search identical 10 lines
11-26 13:48:57.400 13768  9998 E ActivityThread: Failed to find provider info for com.google.android.apps.gsa.testing.ui.audio.recorded
11-26 13:49:02.431 13768  9998 E ActivityThread: Failed to find provider info for com.google.android.apps.gsa.testing.ui.audio.recorded
11-26 13:50:28.074 13768  9998 I chatty  : uid=10032 com.google.android.googlequicksearchbox:search identical 17 lines
11-26 13:50:33.119 13768  9998 E ActivityThread: Failed to find provider info for com.google.android.apps.gsa.testing.ui.audio.recorded
11-26 13:50:34.355  1636  2213 I chatty  : uid=1000(system) Binder:1636_C expire 2 lines
11-26 13:50:37.649 13768  9856 E ActivityThread: Failed to find provider info for com.google.android.apps.gsa.testing.ui.audio.recorded
11-26 13:50:44.593 13768  9999 E ActivityThread: Failed to find provider info for com.google.android.apps.gsa.testing.ui.audio.recorded
11-26 13:50:49.622 13768  9999 E ActivityThread: Failed to find provider info for com.google.android.apps.gsa.testing.ui.audio.recorded
11-26 13:52:25.331 13768  9999 I chatty  : uid=10032 com.google.android.googlequicksearchbox:search identical 19 lines
11-26 13:52:30.365 13768  9999 E ActivityThread: Failed to find provider info for com.google.android.apps.gsa.testing.ui.audio.recorded
11-26 13:52:35.079  1636 13456 I chatty  : uid=1000(system) Binder:1636_1D expire 4 lines
11-26 13:52:38.414 13768  8153 E ActivityThread: Failed to find provider info for com.google.android.apps.gsa.testing.ui.audio.recorded
11-26 13:52:41.840  1636  1650 I chatty  : uid=1000(system) ActivityManager expire 10 lines
11-26 13:52:42.597 13768  9861 E ActivityThread: Failed to find provider info for com.google.android.apps.gsa.testing.ui.audio.recorded
11-26 13:52:43.079  1636  1651 I chatty  : uid=1000(system) android.ui expire 3 lines
11-26 13:52:47.635 13768  9861 E ActivityThread: Failed to find provider info for com.google.android.apps.gsa.testing.ui.audio.recorded
11-26 13:53:02.759 13768  9861 I chatty  : uid=10032 com.google.android.googlequicksearchbox:search identical 15 lines
11-26 13:53:07.803 13768  9861 E ActivityThread: Failed to find provider info for com.google.android.apps.gsa.testing.ui.audio.recorded
11-26 13:53:10.532  1636  2487 I chatty  : uid=1000(system) Binder:1636_10 expire 2 lines
11-26 13:53:13.629 13768  9861 E ActivityThread: Failed to find provider info for com.google.android.apps.gsa.testing.ui.audio.recorded
11-26 13:53:23.786 13768  9861 E ActivityThread: Failed to find provider info for com.google.android.apps.gsa.testing.ui.audio.recorded
11-26 13:53:28.849 13768  9861 E ActivityThread: Failed to find provider info for com.google.android.apps.gsa.testing.ui.audio.recorded
11-26 13:53:44.001 13768  9861 E ActivityThread: Failed to find provider info for com.google.android.apps.gsa.testing.ui.audio.recorded
11-26 13:53:49.023 13768  9861 E ActivityThread: Failed to find provider info for com.google.android.apps.gsa.testing.ui.audio.recorded
11-26 13:54:39.450 13768  9861 E ActivityThread: Failed to find provider info for com.google.android.apps.gsa.testing.ui.audio.recorded
11-26 13:54:42.060  1636  2523 I chatty  : uid=1000(system) Binder:1636_13 expire 5 lines
11-26 13:54:45.339 13768  9861 E ActivityThread: Failed to find provider info for com.google.android.apps.gsa.testing.ui.audio.recorded
11-26 13:54:47.326  1636  2213 I chatty  : uid=1000(system) Binder:1636_C expire 2 lines
11-26 13:54:47.356  1636  1657 I chatty  : uid=1000(system) android.display expire 7 lines
11-26 13:54:47.445  1636  1681 I chatty  : uid=1000(system) android.anim expire 7 lines
11-26 13:54:49.133  1636  1830 I chatty  : uid=1000(system) Binder:1636_4 expire 7 lines
11-26 13:54:49.157  1636  1651 I chatty  : uid=1000(system) android.ui expire 8 lines
11-26 13:54:49.163  1636  1650 I chatty  : uid=1000(system) ActivityManager expire 10 lines
11-26 13:54:49.755 13768  9999 E ActivityThread: Failed to find provider info for com.google.android.apps.gsa.testing.ui.audio.recorded
11-26 13:54:54.791 13768  9999 E ActivityThread: Failed to find provider info for com.google.android.apps.gsa.testing.ui.audio.recorded
11-26 13:55:09.969 13768  9999 I chatty  : uid=10032 com.google.android.googlequicksearchbox:search identical 59 lines
11-26 13:55:14.988 13768  9999 E ActivityThread: Failed to find provider info for com.google.android.apps.gsa.testing.ui.audio.recorded
11-26 13:55:16.406  1636 11240 I chatty  : uid=1000(system) Binder:1636_1A expire 1 line
11-26 13:55:17.895 13768  9999 E ActivityThread: Failed to find provider info for com.google.android.apps.gsa.testing.ui.audio.recorded
11-26 13:55:17.950  1636  1662 I chatty  : uid=1000(system) PackageManager expire 10 lines
11-26 13:55:18.025  1636  1636 I chatty  : uid=1000 system_server expire 8 lines
11-26 13:55:18.040  1636  1702 I chatty  : uid=1000(system) NetworkPolicy expire 6 lines
11-26 13:55:18.842  1636  1709 I chatty  : uid=1000(system) ConnectivitySer expire 2 lines
11-26 13:55:22.932 13768  9999 E ActivityThread: Failed to find provider info for com.google.android.apps.gsa.testing.ui.audio.recorded
11-26 13:55:48.079 13768  9999 E ActivityThread: Failed to find provider info for com.google.android.apps.gsa.testing.ui.audio.recorded
11-26 13:55:51.058  1636  1650 I chatty  : uid=1000(system) ActivityManager expire 10 lines
11-26 13:55:52.155  1636 13456 I chatty  : uid=1000(system) Binder:1636_1D expire 1 line
11-26 13:55:54.270  1636  2472 I chatty  : uid=1000(system) Binder:1636_E expire 6 lines
11-26 13:55:54.272  1636  1696 I chatty  : uid=1000(system) VoldConnector expire 2 lines
11-26 13:56:21.462 13768  9856 E ActivityThread: Failed to find provider info for com.google.android.apps.gsa.testing.ui.audio.recorded
11-26 13:56:25.148  1636 14821 I chatty  : uid=1000(system) Binder:1636_20 expire 6 lines
11-26 13:56:25.891 13768  9999 E ActivityThread: Failed to find provider info for com.google.android.apps.gsa.testing.ui.audio.recorded
11-26 13:56:26.090  1636  9390 I chatty  : uid=1000(system) Binder:1636_17 expire 1 line
11-26 13:56:26.119  1636  2487 I chatty  : uid=1000(system) Binder:1636_10 expire 1 line
11-26 13:56:30.957 13768  9999 E ActivityThread: Failed to find provider info for com.google.android.apps.gsa.testing.ui.audio.recorded
11-26 14:00:58.111 13768  9999 E ActivityThread: Failed to find provider info for com.google.android.apps.gsa.testing.ui.audio.recorded
11-26 14:00:59.681  1636  1650 I chatty  : uid=1000(system) ActivityManager expire 22 lines
11-26 14:01:00.907  1636 13596 I chatty  : uid=1000(system) Binder:1636_1F expire 1 line
11-26 14:01:04.745 13768  9861 E ActivityThread: Failed to find provider info for com.google.android.apps.gsa.testing.ui.audio.recorded
11-26 14:01:07.237  1636  2987 I chatty  : uid=1000(system) Binder:1636_14 expire 3 lines
11-26 14:01:09.800 13768  9999 E ActivityThread: Failed to find provider info for com.google.android.apps.gsa.testing.ui.audio.recorded
11-26 14:03:15.784 13768  9999 I chatty  : uid=10032 com.google.android.googlequicksearchbox:search identical 25 lines
11-26 14:03:20.823 13768  9999 E ActivityThread: Failed to find provider info for com.google.android.apps.gsa.testing.ui.audio.recorded
11-26 14:03:24.577  1636  2143 I chatty  : uid=1000(system) Binder:1636_9 expire 1 line
11-26 14:03:25.859 13768  9999 E ActivityThread: Failed to find provider info for com.google.android.apps.gsa.testing.ui.audio.recorded
11-26 14:04:01.132 13768  9999 I chatty  : uid=10032 com.google.android.googlequicksearchbox:search identical 7 lines
11-26 14:04:06.239 13768  9999 E ActivityThread: Failed to find provider info for com.google.android.apps.gsa.testing.ui.audio.recorded
11-26 14:04:07.750  1636  1650 I chatty  : uid=1000(system) ActivityManager expire 22 lines
11-26 14:04:09.011  1636 13454 I chatty  : uid=1000(system) Binder:1636_1C expire 1 line
11-26 14:04:09.042  1636  2142 I chatty  : uid=1000(system) Binder:1636_8 expire 4 lines
11-26 14:04:12.980  1636  5264 I chatty  : uid=1000(system) Binder:1636_15 expire 3 lines
11-26 14:04:13.798 13768  9860 E ActivityThread: Failed to find provider info for com.google.android.apps.gsa.testing.ui.audio.recorded
11-26 14:04:18.890 13768  8153 E ActivityThread: Failed to find provider info for com.google.android.apps.gsa.testing.ui.audio.recorded
11-26 14:04:22.024  1636  1650 I chatty  : uid=1000(system) ActivityManager expire 10 lines
11-26 14:04:22.654 13768  9856 E ActivityThread: Failed to find provider info for com.google.android.apps.gsa.testing.ui.audio.recorded
11-26 14:04:23.640  1636  2212 I chatty  : uid=1000(system) Binder:1636_B expire 6 lines
11-26 14:04:27.792 13768  9856 E ActivityThread: Failed to find provider info for com.google.android.apps.gsa.testing.ui.audio.recorded
11-26 14:05:03.058 13768  9856 I chatty  : uid=10032 com.google.android.googlequicksearchbox:search identical 8 lines
11-26 14:05:08.094 13768  9856 E ActivityThread: Failed to find provider info for com.google.android.apps.gsa.testing.ui.audio.recorded
11-26 14:05:13.163 13768  9856 E ActivityThread: Failed to find provider info for com.google.android.apps.gsa.testing.ui.audio.recorded
11-26 14:05:13.220  1636  1662 I chatty  : uid=1000(system) PackageManager expire 2 lines
11-26 14:05:18.203 13768  9856 E ActivityThread: Failed to find provider info for com.google.android.apps.gsa.testing.ui.audio.recorded
11-26 14:05:28.265 13768  9856 E ActivityThread: Failed to find provider info for com.google.android.apps.gsa.testing.ui.audio.recorded
11-26 14:05:32.314  1636  2230 I chatty  : uid=1000(system) Binder:1636_D expire 1 line
11-26 14:05:32.314  1636  1650 I chatty  : uid=1000(system) ActivityManager expire 8 lines
11-26 14:05:33.320 13768  9856 E ActivityThread: Failed to find provider info for com.google.android.apps.gsa.testing.ui.audio.recorded
11-26 14:05:33.407  1636  2477 I chatty  : uid=1000(system) Binder:1636_F expire 2 lines
11-26 14:05:33.428  1636  2488 I chatty  : uid=1000(system) Binder:1636_11 expire 3 lines
11-26 14:05:37.200 13768  9861 E ActivityThread: Failed to find provider info for com.google.android.apps.gsa.testing.ui.audio.recorded
11-26 14:05:42.224 13768  9861 I chatty  : uid=10032 com.google.android.googlequicksearchbox:search identical 1 line
11-26 14:05:47.275 13768  9861 E ActivityThread: Failed to find provider info for com.google.android.apps.gsa.testing.ui.audio.recorded
11-26 14:05:52.335 13768  9861 E ActivityThread: Failed to find provider info for com.google.android.apps.gsa.testing.ui.audio.recorded
11-26 14:05:57.362 13768  9861 E ActivityThread: Failed to find provider info for com.google.android.apps.gsa.testing.ui.audio.recorded
11-26 14:05:59.180  1636  2477 I chatty  : uid=1000(system) Binder:1636_F expire 3 lines
11-26 14:05:59.214  1636  2212 I chatty  : uid=1000(system) Binder:1636_B expire 4 lines
11-26 14:05:59.254  1636  1657 I chatty  : uid=1000(system) android.display expire 9 lines
11-26 14:05:59.395  1636  1681 I chatty  : uid=1000(system) android.anim expire 4 lines
11-26 14:06:00.879  1636 11242 I chatty  : uid=1000(system) Binder:1636_1B expire 4 lines
11-26 14:06:00.883  1636  1651 I chatty  : uid=1000(system) android.ui expire 3 lines
11-26 14:06:00.890  1636  1650 I chatty  : uid=1000(system) ActivityManager expire 28 lines
11-26 14:06:01.607 13768  9856 E ActivityThread: Failed to find provider info for com.google.android.apps.gsa.testing.ui.audio.recorded
11-26 14:06:06.674 13768  9860 E ActivityThread: Failed to find provider info for com.google.android.apps.gsa.testing.ui.audio.recorded
11-26 14:08:52.892 13768  9860 I chatty  : uid=10032(com.google.android.googlequicksearchbox) NonUserFacing15 identical 33 lines
11-26 14:08:57.934 13768  9860 E ActivityThread: Failed to find provider info for com.google.android.apps.gsa.testing.ui.audio.recorded
11-26 14:09:00.958  1636  1653 I chatty  : uid=1000(system) batterystats-wo expire 4 lines
11-26 14:09:02.962 13768  9860 E ActivityThread: Failed to find provider info for com.google.android.apps.gsa.testing.ui.audio.recorded
11-26 14:09:18.072 13768  9860 I chatty  : uid=10032(com.google.android.googlequicksearchbox) NonUserFacing15 identical 15 lines
11-26 14:09:23.122 13768  9860 E ActivityThread: Failed to find provider info for com.google.android.apps.gsa.testing.ui.audio.recorded
11-26 14:09:24.775  1636  1702 I chatty  : uid=1000(system) NetworkPolicy expire 3 lines
11-26 14:09:28.159 13768  9860 E ActivityThread: Failed to find provider info for com.google.android.apps.gsa.testing.ui.audio.recorded
11-26 14:10:33.628 13768  9860 E ActivityThread: Failed to find provider info for com.google.android.apps.gsa.testing.ui.audio.recorded
11-26 14:10:34.382  1636  1649 I chatty  : uid=1000(system) android.bg expire 1 line
11-26 14:10:38.662 13768  9860 E ActivityThread: Failed to find provider info for com.google.android.apps.gsa.testing.ui.audio.recorded
11-26 14:12:44.649 13768  9860 I chatty  : uid=10032(com.google.android.googlequicksearchbox) NonUserFacing15 identical 25 lines
11-26 14:12:49.692 13768  9860 E ActivityThread: Failed to find provider info for com.google.android.apps.gsa.testing.ui.audio.recorded
11-26 14:12:52.720  1636  2230 I chatty  : uid=1000(system) Binder:1636_D expire 3 lines
11-26 14:12:54.154  1636  5264 I chatty  : uid=1000(system) Binder:1636_15 expire 2 lines
11-26 14:12:54.233  1636  1636 I chatty  : uid=1000 system_server expire 5 lines
11-26 14:12:54.352  1636  2143 I chatty  : uid=1000(system) Binder:1636_9 expire 4 lines
11-26 14:12:55.793  1636  1696 I chatty  : uid=1000(system) VoldConnector expire 1 line
11-26 14:13:15.045  1636  1693 I chatty  : uid=1000(system) InputDispatcher expire 3 lines
11-26 14:13:15.225 13768 12755 E ActivityThread: Failed to find provider info for com.google.android.apps.gsa.testing.ui.audio.recorded
11-26 14:14:20.760 13768 12755 I chatty  : uid=10032 com.google.android.googlequicksearchbox:search identical 13 lines
11-26 14:14:25.788 13768 12755 E ActivityThread: Failed to find provider info for com.google.android.apps.gsa.testing.ui.audio.recorded
11-26 14:14:26.851  1636  1662 I chatty  : uid=1000(system) PackageManager expire 12 lines
11-26 14:14:27.506  1636  5415 I chatty  : uid=1000(system) Binder:1636_16 expire 1 line
11-26 14:15:02.544 13768 12940 E ActivityThread: Failed to find provider info for com.google.android.apps.gsa.testing.ui.audio.recorded
11-26 14:15:27.730 13768 12940 I chatty  : uid=10032 com.google.android.googlequicksearchbox:search identical 35 lines
11-26 14:15:32.771 13768 12940 E ActivityThread: Failed to find provider info for com.google.android.apps.gsa.testing.ui.audio.recorded
11-26 14:15:37.804 13768 12940 E ActivityThread: Failed to find provider info for com.google.android.apps.gsa.testing.ui.audio.recorded
11-26 14:18:13.892 13768 12940 E ActivityThread: Failed to find provider info for com.google.android.apps.gsa.testing.ui.audio.recorded
11-26 14:18:15.125  1636  1650 I chatty  : uid=1000(system) ActivityManager expire 25 lines
11-26 14:18:19.818  1636  2508 I chatty  : uid=1000(system) Binder:1636_12 expire 3 lines
11-26 14:18:20.560 13768 12939 E ActivityThread: Failed to find provider info for com.google.android.apps.gsa.testing.ui.audio.recorded
11-26 14:18:23.619  1636  9392 I chatty  : uid=1000(system) Binder:1636_18 expire 2 lines
11-26 14:18:24.363 13768 12754 E ActivityThread: Failed to find provider info for com.google.android.apps.gsa.testing.ui.audio.recorded
11-26 14:18:29.400 13768 12754 I chatty  : uid=10032 com.google.android.googlequicksearchbox:search identical 14 lines
11-26 14:18:34.456 13768 12754 E ActivityThread: Failed to find provider info for com.google.android.apps.gsa.testing.ui.audio.recorded
11-26 14:18:34.581  1636  1650 I chatty  : uid=1000(system) ActivityManager expire 22 lines
11-26 14:18:39.482 13768 12754 E ActivityThread: Failed to find provider info for com.google.android.apps.gsa.testing.ui.audio.recorded
11-26 14:19:50.018 13768 12754 E ActivityThread: Failed to find provider info for com.google.android.apps.gsa.testing.ui.audio.recorded
11-26 14:19:54.702  1636  2142 I chatty  : uid=1000(system) Binder:1636_8 expire 1 line
11-26 14:19:54.723  1636 11240 I chatty  : uid=1000(system) Binder:1636_1A expire 4 lines
11-26 14:20:09.984 13768 12755 E ActivityThread: Failed to find provider info for com.google.android.apps.gsa.testing.ui.audio.recorded
11-26 14:20:46.297  1636  2523 I chatty  : uid=1000(system) Binder:1636_13 expire 2 lines
11-26 14:20:46.342  1636  2987 I chatty  : uid=1000(system) Binder:1636_14 expire 3 lines
11-26 14:20:48.456  1636  2213 I chatty  : uid=1000(system) Binder:1636_C expire 2 lines
11-26 14:20:48.543  1636 13596 I chatty  : uid=1000(system) Binder:1636_1F expire 1 line
11-26 14:20:48.547  1636  9605 I chatty  : uid=1000(system) Binder:1636_19 expire 1 line
11-26 14:20:48.668 13768 12754 E ActivityThread: Failed to find provider info for com.google.android.apps.gsa.testing.ui.audio.recorded
11-26 14:20:53.714 13768 12754 E ActivityThread: Failed to find provider info for com.google.android.apps.gsa.testing.ui.audio.recorded
11-26 14:20:58.770 13768 12754 E ActivityThread: Failed to find provider info for com.google.android.apps.gsa.testing.ui.audio.recorded
11-26 14:20:59.750  1636  1650 I chatty  : uid=1000(system) ActivityManager expire 19 lines
11-26 14:20:59.773  1636  1662 I chatty  : uid=1000(system) PackageManager expire 10 lines
11-26 14:21:00.355  1636 13456 I chatty  : uid=1000(system) Binder:1636_1D expire 8 lines
11-26 14:21:53.161  1636  1693 I chatty  : uid=1000(system) InputDispatcher expire 5 lines
11-26 14:21:54.087  1636  1650 I chatty  : uid=1000(system) ActivityManager expire 10 lines
11-26 14:21:54.103  1636  1651 I chatty  : uid=1000(system) android.ui expire 9 lines
11-26 14:22:00.539  1636 13596 I chatty  : uid=1000(system) Binder:1636_1F expire 4 lines
11-26 14:22:01.561  1636  9605 I chatty  : uid=1000(system) Binder:1636_19 expire 12 lines
11-26 14:22:02.255 13768 12755 E ActivityThread: Failed to find provider info for com.google.android.apps.gsa.testing.ui.audio.recorded
11-26 14:22:02.697  1636 11240 I chatty  : uid=1000(system) Binder:1636_1A expire 7 lines
11-26 14:22:02.902  1636  2987 I chatty  : uid=1000(system) Binder:1636_14 expire 4 lines
11-26 14:22:05.288  1636  1653 I chatty  : uid=1000(system) batterystats-wo expire 4 lines
11-26 14:22:05.551 13789 13789 W ViewRootImpl[Settings]: Dropping event due to no window focus: KeyEvent { action=ACTION_DOWN, keyCode=KEYCODE_BACK, scanCode=0, metaState=0, flags=0x48, repeatCount=0, eventTime=27784238, downTime=27784238, deviceId=-1, source=0x101 }
11-26 14:22:05.558 13789 13789 W ViewRootImpl[Settings]: Cancelling event due to no window focus: KeyEvent { action=ACTION_UP, keyCode=KEYCODE_BACK, scanCode=0, metaState=0, flags=0x68, repeatCount=0, eventTime=27784258, downTime=27784238, deviceId=-1, source=0x101 }
11-26 14:22:05.565 13789 13789 I chatty  : uid=1000(system) identical 7 lines
11-26 14:22:05.565 13789 13789 W ViewRootImpl[Settings]: Cancelling event due to no window focus: KeyEvent { action=ACTION_UP, keyCode=KEYCODE_BACK, scanCode=0, metaState=0, flags=0x68, repeatCount=0, eventTime=27784258, downTime=27784238, deviceId=-1, source=0x101 }
11-26 19:21:49.118  1636  1636 I chatty  : uid=1000 system_server expire 10 lines
11-26 19:21:49.325  1636  1717 I chatty  : uid=1000(system) onProviders.ECP expire 4 lines
11-26 19:21:50.230  1636  1649 I chatty  : uid=1000(system) android.bg expire 4 lines
11-26 19:21:52.935 13768 12754 E ActivityThread: Failed to find provider info for com.google.android.apps.gsa.testing.ui.audio.recorded
11-26 19:21:56.321  1636  5415 I chatty  : uid=1000(system) Binder:1636_16 expire 1 line
