11-26 22:06:40.847  1636  1650 W BroadcastQueue: Background execution not allowed: receiving Intent { act=android.intent.action.PACKAGE_REMOVED dat=package:com.salonmobileapp flg=0x4000010 (has extras) } to com.android.vending/com.google.android.finsky.packagemanager.impl.PackageMonitorReceiverImpl$RegisteredReceiver
11-26 22:06:40.860  1636  1650 W BroadcastQueue: Background execution not allowed: receiving Intent { act=android.intent.action.PACKAGE_REMOVED dat=package:com.salonmobileapp flg=0x4000010 (has extras) } to com.android.vending/com.google.android.finsky.instantapps.appmanagement.InstantAppRemoveMonitor
11-26 22:06:40.860  1636  1650 W BroadcastQueue: Background execution not allowed: receiving Intent { act=android.intent.action.PACKAGE_REMOVED dat=package:com.salonmobileapp flg=0x4000010 (has extras) } to com.google.android.gms/.games.chimera.GamesSystemBroadcastReceiverProxy
11-26 22:06:40.863  1636  1650 W BroadcastQueue: Background execution not allowed: receiving Intent { act=android.intent.action.PACKAGE_REMOVED dat=package:com.salonmobileapp flg=0x4000010 (has extras) } to com.google.android.gms/.photos.autobackup.PhotosAppUninstalledReceiver
11-26 22:06:40.865  1636  1650 W BroadcastQueue: Background execution not allowed: receiving Intent { act=android.intent.action.PACKAGE_REMOVED dat=package:com.salonmobileapp flg=0x4000010 (has extras) } to com.google.android.gms/.chimera.GmsIntentOperationService$PersistentTrustedReceiver
11-26 22:06:40.865  1636  1650 W BroadcastQueue: Background execution not allowed: receiving Intent { act=android.intent.action.PACKAGE_REMOVED dat=package:com.salonmobileapp flg=0x4000010 (has extras) } to com.google.android.googlequicksearchbox/com.google.android.apps.gsa.googlequicksearchbox.GelStubAppWatcher
11-26 22:06:40.877  1636  1650 W BroadcastQueue: Background execution not allowed: receiving Intent { act=android.intent.action.PACKAGE_ADDED dat=package:com.salonmobileapp flg=0x4000010 (has extras) } to com.android.vending/com.google.android.finsky.packagemanager.impl.PackageMonitorReceiverImpl$RegisteredReceiver
11-26 22:06:40.877  1636  1650 W BroadcastQueue: Background execution not allowed: receiving Intent { act=android.intent.action.PACKAGE_ADDED dat=package:com.salonmobileapp flg=0x4000010 (has extras) } to com.google.android.gms/.games.chimera.GamesSystemBroadcastReceiverProxy
11-26 22:06:40.878  1636  1650 W BroadcastQueue: Background execution not allowed: receiving Intent { act=android.intent.action.PACKAGE_ADDED dat=package:com.salonmobileapp flg=0x4000010 (has extras) } to com.google.android.gms/.gass.chimera.PackageChangeBroadcastReceiver
11-26 22:06:40.878  1636  1650 W BroadcastQueue: Background execution not allowed: receiving Intent { act=android.intent.action.PACKAGE_ADDED dat=package:com.salonmobileapp flg=0x4000010 (has extras) } to com.google.android.gms/.chimera.GmsIntentOperationService$PersistentTrustedReceiver
11-26 22:06:40.878  1636  1650 W BroadcastQueue: Background execution not allowed: receiving Intent { act=android.intent.action.PACKAGE_ADDED dat=package:com.salonmobileapp flg=0x4000010 (has extras) } to com.google.android.googlequicksearchbox/com.google.android.apps.gsa.googlequicksearchbox.GelStubAppWatcher
11-26 22:06:40.878  1636  1650 W BroadcastQueue: Background execution not allowed: receiving Intent { act=android.intent.action.PACKAGE_REPLACED dat=package:com.salonmobileapp flg=0x4000010 (has extras) } to com.google.android.apps.photos/.account.full.FetchAccountPropertiesAppUpgradeBroadcastReceiver
11-26 22:06:40.878  1636  1650 W BroadcastQueue: Background execution not allowed: receiving Intent { act=android.intent.action.PACKAGE_REPLACED dat=package:com.salonmobileapp flg=0x4000010 (has extras) } to com.google.android.apps.photos/.backgroundsignin.BackgroundSignInBroadcastReceiver
11-26 22:06:40.878  1636  1650 W BroadcastQueue: Background execution not allowed: receiving Intent { act=android.intent.action.PACKAGE_REPLACED dat=package:com.salonmobileapp flg=0x4000010 (has extras) } to com.google.android.apps.photos/.experiments.phenotype.full.PhenotypeAppUpgradeBroadcastReceiver
11-26 22:06:40.879  1636  1650 W BroadcastQueue: Background execution not allowed: receiving Intent { act=android.intent.action.PACKAGE_REPLACED dat=package:com.salonmobileapp flg=0x4000010 (has extras) } to com.google.android.apps.photos/.notificationchannels.AppUpdateBroadcastReceiver
11-26 22:06:40.879  1636  1650 W BroadcastQueue: Background execution not allowed: receiving Intent { act=android.intent.action.PACKAGE_REPLACED dat=package:com.salonmobileapp flg=0x4000010 (has extras) } to com.google.android.gms/.gass.chimera.PackageChangeBroadcastReceiver
11-26 22:06:40.879  1636  1650 W BroadcastQueue: Background execution not allowed: receiving Intent { act=android.intent.action.PACKAGE_REPLACED dat=package:com.salonmobileapp flg=0x4000010 (has extras) } to com.google.android.gms/.chimera.GmsIntentOperationService$PersistentTrustedReceiver
11-26 22:06:40.879  1636  1650 W BroadcastQueue: Background execution not allowed: receiving Intent { act=android.intent.action.PACKAGE_REPLACED dat=package:com.salonmobileapp flg=0x4000010 (has extras) } to com.google.android.googlequicksearchbox/com.google.android.apps.gsa.googlequicksearchbox.GelStubAppWatcher
11-26 22:06:40.970  1636  1636 I Telecom : DefaultDialerCache: Refreshing default dialer for user 0: now com.google.android.dialer: DDC.oR@AqA
11-26 22:06:41.027  1636  2212 I ActivityManager: START u0 {act=android.intent.action.MAIN cat=[android.intent.category.LAUNCHER] flg=0x10000000 cmp=com.salonmobileapp/.MainActivity} from uid 2000
11-26 22:06:41.096  1636  2987 I ActivityManager: Start proc 25774:com.salonmobileapp/u0a102 for activity com.salonmobileapp/.MainActivity
11-26 22:06:41.161 13768 24879 E ActivityThread: Failed to find provider info for com.google.android.apps.gsa.testing.ui.audio.recorded
11-26 22:07:10.867  1636  1649 I ActivityManager: Killing 4405:com.android.documentsui/u0a12 (adj 906): empty for 4326s
11-26 22:07:10.915  1636  1657 W ActivityManager: setHasOverlayUi called on unknown pid: 4405
11-26 22:07:31.425  1636  1650 I ActivityManager: Force stopping com.salonmobileapp appid=10102 user=-1: installPackageLI
11-26 22:07:31.425  1636  1650 I ActivityManager: Killing 25774:com.salonmobileapp/u0a102 (adj 0): stop com.salonmobileapp
11-26 22:07:31.425  1636  1650 W ActivityManager: Force removing ActivityRecord{597f639 u0 com.salonmobileapp/.MainActivity t133}: app died, no saved state
11-26 22:07:31.429  1636  1650 I WindowManager: Failed to capture screenshot of Token{7cf647e ActivityRecord{597f639 u0 com.salonmobileapp/.MainActivity t133 f}} appWin=Window{43e966 u0 com.salonmobileapp/com.salonmobileapp.MainActivity} drawState=4
11-26 22:07:31.448  1636  1662 I PackageManager: Package com.salonmobileapp codePath changed from /data/app/com.salonmobileapp-y33ywSIwd5vEz6pFCZ61lg== to /data/app/com.salonmobileapp-nDLxtSu89SH0oobyxpMwSw==; Retaining data and using new
11-26 22:07:31.448  1636  1662 W PackageManager: Code path for com.salonmobileapp changing from /data/app/com.salonmobileapp-y33ywSIwd5vEz6pFCZ61lg== to /data/app/com.salonmobileapp-nDLxtSu89SH0oobyxpMwSw==
11-26 22:07:31.448  1636  1662 W PackageManager: Resource path for com.salonmobileapp changing from /data/app/com.salonmobileapp-y33ywSIwd5vEz6pFCZ61lg== to /data/app/com.salonmobileapp-nDLxtSu89SH0oobyxpMwSw==
11-26 22:07:31.502  1636  1657 W ActivityManager: setHasOverlayUi called on unknown pid: 25774
11-26 22:07:31.584  1636  1662 I ActivityManager: Force stopping com.salonmobileapp appid=10102 user=0: pkg removed
11-26 22:07:31.613  1636  1650 W BroadcastQueue: Background execution not allowed: receiving Intent { act=android.intent.action.PACKAGE_REMOVED dat=package:com.salonmobileapp flg=0x4000010 (has extras) } to com.android.vending/com.google.android.finsky.packagemanager.impl.PackageMonitorReceiverImpl$RegisteredReceiver
11-26 22:07:31.613  1636  1650 W BroadcastQueue: Background execution not allowed: receiving Intent { act=android.intent.action.PACKAGE_REMOVED dat=package:com.salonmobileapp flg=0x4000010 (has extras) } to com.android.vending/com.google.android.finsky.instantapps.appmanagement.InstantAppRemoveMonitor
11-26 22:07:31.614  1636  1650 W BroadcastQueue: Background execution not allowed: receiving Intent { act=android.intent.action.PACKAGE_REMOVED dat=package:com.salonmobileapp flg=0x4000010 (has extras) } to com.google.android.gms/.games.chimera.GamesSystemBroadcastReceiverProxy
11-26 22:07:31.614  1636  1650 W BroadcastQueue: Background execution not allowed: receiving Intent { act=android.intent.action.PACKAGE_REMOVED dat=package:com.salonmobileapp flg=0x4000010 (has extras) } to com.google.android.gms/.photos.autobackup.PhotosAppUninstalledReceiver
11-26 22:07:31.624  1636  1650 W BroadcastQueue: Background execution not allowed: receiving Intent { act=android.intent.action.PACKAGE_REMOVED dat=package:com.salonmobileapp flg=0x4000010 (has extras) } to com.google.android.gms/.chimera.GmsIntentOperationService$PersistentTrustedReceiver
11-26 22:07:31.625  1636  1650 W BroadcastQueue: Background execution not allowed: receiving Intent { act=android.intent.action.PACKAGE_REMOVED dat=package:com.salonmobileapp flg=0x4000010 (has extras) } to com.google.android.googlequicksearchbox/com.google.android.apps.gsa.googlequicksearchbox.GelStubAppWatcher
11-26 22:07:31.643  1636  1650 W BroadcastQueue: Background execution not allowed: receiving Intent { act=android.intent.action.PACKAGE_ADDED dat=package:com.salonmobileapp flg=0x4000010 (has extras) } to com.android.vending/com.google.android.finsky.packagemanager.impl.PackageMonitorReceiverImpl$RegisteredReceiver
11-26 22:07:31.643  1636  1650 W BroadcastQueue: Background execution not allowed: receiving Intent { act=android.intent.action.PACKAGE_ADDED dat=package:com.salonmobileapp flg=0x4000010 (has extras) } to com.google.android.gms/.games.chimera.GamesSystemBroadcastReceiverProxy
11-26 22:07:31.643  1636  1650 W BroadcastQueue: Background execution not allowed: receiving Intent { act=android.intent.action.PACKAGE_ADDED dat=package:com.salonmobileapp flg=0x4000010 (has extras) } to com.google.android.gms/.gass.chimera.PackageChangeBroadcastReceiver
11-26 22:07:31.644  1636  1650 W BroadcastQueue: Background execution not allowed: receiving Intent { act=android.intent.action.PACKAGE_ADDED dat=package:com.salonmobileapp flg=0x4000010 (has extras) } to com.google.android.gms/.chimera.GmsIntentOperationService$PersistentTrustedReceiver
11-26 22:07:31.647  1636  1650 W BroadcastQueue: Background execution not allowed: receiving Intent { act=android.intent.action.PACKAGE_ADDED dat=package:com.salonmobileapp flg=0x4000010 (has extras) } to com.google.android.googlequicksearchbox/com.google.android.apps.gsa.googlequicksearchbox.GelStubAppWatcher
11-26 22:07:31.658  1636  1650 W BroadcastQueue: Background execution not allowed: receiving Intent { act=android.intent.action.PACKAGE_REPLACED dat=package:com.salonmobileapp flg=0x4000010 (has extras) } to com.google.android.apps.photos/.account.full.FetchAccountPropertiesAppUpgradeBroadcastReceiver
11-26 22:07:31.659  1636  1650 W BroadcastQueue: Background execution not allowed: receiving Intent { act=android.intent.action.PACKAGE_REPLACED dat=package:com.salonmobileapp flg=0x4000010 (has extras) } to com.google.android.apps.photos/.backgroundsignin.BackgroundSignInBroadcastReceiver
11-26 22:07:31.659  1636  1650 W BroadcastQueue: Background execution not allowed: receiving Intent { act=android.intent.action.PACKAGE_REPLACED dat=package:com.salonmobileapp flg=0x4000010 (has extras) } to com.google.android.apps.photos/.experiments.phenotype.full.PhenotypeAppUpgradeBroadcastReceiver
11-26 22:07:31.659  1636  1650 W BroadcastQueue: Background execution not allowed: receiving Intent { act=android.intent.action.PACKAGE_REPLACED dat=package:com.salonmobileapp flg=0x4000010 (has extras) } to com.google.android.apps.photos/.notificationchannels.AppUpdateBroadcastReceiver
11-26 22:07:31.659  1636  1650 W BroadcastQueue: Background execution not allowed: receiving Intent { act=android.intent.action.PACKAGE_REPLACED dat=package:com.salonmobileapp flg=0x4000010 (has extras) } to com.google.android.gms/.gass.chimera.PackageChangeBroadcastReceiver
11-26 22:07:31.659  1636  1650 W BroadcastQueue: Background execution not allowed: receiving Intent { act=android.intent.action.PACKAGE_REPLACED dat=package:com.salonmobileapp flg=0x4000010 (has extras) } to com.google.android.gms/.chimera.GmsIntentOperationService$PersistentTrustedReceiver
11-26 22:07:31.659  1636  1650 W BroadcastQueue: Background execution not allowed: receiving Intent { act=android.intent.action.PACKAGE_REPLACED dat=package:com.salonmobileapp flg=0x4000010 (has extras) } to com.google.android.googlequicksearchbox/com.google.android.apps.gsa.googlequicksearchbox.GelStubAppWatcher
11-26 22:07:31.671 13768 25799 E ActivityThread: Failed to find provider info for com.google.android.apps.gsa.testing.ui.audio.recorded
11-26 22:07:31.819  1636  1636 I Telecom : DefaultDialerCache: Refreshing default dialer for user 0: now com.google.android.dialer: DDC.oR@AqU
11-26 22:07:32.135  1636 13596 I ActivityManager: START u0 {flg=0x10000000 cmp=com.salonmobileapp/.MainActivity} from uid 2000
11-26 22:07:32.158  1636 13457 I ActivityManager: Start proc 25961:com.salonmobileapp/u0a102 for activity com.salonmobileapp/.MainActivity
11-26 22:08:44.887  1636  1653 E BatteryExternalStatsWorker: no controller energy info supplied for wifi
11-26 22:08:44.890  1636  1653 E KernelCpuSpeedReader: Failed to read cpu-freq: /sys/devices/system/cpu/cpu0/cpufreq/stats/time_in_state (No such file or directory)
11-26 22:08:44.892  1636  1653 E BatteryExternalStatsWorker: modem info is invalid: ModemActivityInfo{ mTimestamp=0 mSleepTimeMs=0 mIdleTimeMs=0 mTxTimeMs[]=[0, 0, 0, 0, 0] mRxTimeMs=0 mEnergyUsed=0}
11-26 22:08:52.434  1636  1702 D NetworkStats: Resolving plan for NetworkTemplate: matchRule=MOBILE_ALL, subscriberId=310260..., matchSubscriberIds=[310260...]
11-26 22:08:52.436  1636  1702 D NetworkStats: Found active matching subId 1
11-26 22:08:52.441  1636  1702 D NetworkStats: Resolved to plan null
11-26 22:12:51.632 25961 25961 E AndroidRuntime: FATAL EXCEPTION: main
11-26 22:12:51.632 25961 25961 E AndroidRuntime: Process: com.salonmobileapp, PID: 25961
11-26 22:12:51.632 25961 25961 E AndroidRuntime: com.facebook.react.bridge.JSApplicationIllegalArgumentException: Shapes should have a valid path (d) prop
11-26 22:12:51.632 25961 25961 E AndroidRuntime: 	at com.facebook.react.views.art.ARTShapeShadowNode.draw(ARTShapeShadowNode.java:128)
11-26 22:12:51.632 25961 25961 E AndroidRuntime: 	at com.facebook.react.views.art.ARTGroupShadowNode.draw(ARTGroupShadowNode.java:71)
11-26 22:12:51.632 25961 25961 E AndroidRuntime: 	at com.facebook.react.views.art.ARTSurfaceViewShadowNode.drawOutput(ARTSurfaceViewShadowNode.java:77)
11-26 22:12:51.632 25961 25961 E AndroidRuntime: 	at com.facebook.react.views.art.ARTSurfaceViewShadowNode.onSurfaceTextureAvailable(ARTSurfaceViewShadowNode.java:102)
11-26 22:12:51.632 25961 25961 E AndroidRuntime: 	at android.view.TextureView.getHardwareLayer(TextureView.java:390)
11-26 22:12:51.632 25961 25961 E AndroidRuntime: 	at android.view.TextureView.draw(TextureView.java:339)
11-26 22:12:51.632 25961 25961 E AndroidRuntime: 	at android.view.View.updateDisplayListIfDirty(View.java:18142)
11-26 22:12:51.632 25961 25961 E AndroidRuntime: 	at android.view.View.draw(View.java:18920)
11-26 22:12:51.632 25961 25961 E AndroidRuntime: 	at android.view.ViewGroup.drawChild(ViewGroup.java:4236)
11-26 22:12:51.632 25961 25961 E AndroidRuntime: 	at android.view.ViewGroup.dispatchDraw(ViewGroup.java:4022)
11-26 22:12:51.632 25961 25961 E AndroidRuntime: 	at com.facebook.react.views.view.ReactViewGroup.dispatchDraw(ReactViewGroup.java:699)
11-26 22:12:51.632 25961 25961 E AndroidRuntime: 	at android.view.View.draw(View.java:19195)
11-26 22:12:51.632 25961 25961 E AndroidRuntime: 	at android.view.View.updateDisplayListIfDirty(View.java:18142)
11-26 22:12:51.632 25961 25961 E AndroidRuntime: 	at android.view.ViewGroup.recreateChildDisplayList(ViewGroup.java:4220)
11-26 22:12:51.632 25961 25961 E AndroidRuntime: 	at android.view.ViewGroup.dispatchGetDisplayList(ViewGroup.java:4200)
11-26 22:12:51.632 25961 25961 E AndroidRuntime: 	at android.view.View.updateDisplayListIfDirty(View.java:18101)
11-26 22:12:51.632 25961 25961 E AndroidRuntime: 	at android.view.ViewGroup.recreateChildDisplayList(ViewGroup.java:4220)
11-26 22:12:51.632 25961 25961 E AndroidRuntime: 	at android.view.ViewGroup.dispatchGetDisplayList(ViewGroup.java:4200)
11-26 22:12:51.632 25961 25961 E AndroidRuntime: 	at android.view.View.updateDisplayListIfDirty(View.java:18101)
11-26 22:12:51.632 25961 25961 E AndroidRuntime: 	at android.view.ViewGroup.recreateChildDisplayList(ViewGroup.java:4220)
11-26 22:12:51.632 25961 25961 E AndroidRuntime: 	at android.view.ViewGroup.dispatchGetDisplayList(ViewGroup.java:4200)
11-26 22:12:51.632 25961 25961 E AndroidRuntime: 	at android.view.View.updateDisplayListIfDirty(View.java:18101)
11-26 22:12:51.632 25961 25961 E AndroidRuntime: 	at android.view.ViewGroup.recreateChildDisplayList(ViewGroup.java:4220)
11-26 22:12:51.632 25961 25961 E AndroidRuntime: 	at android.view.ViewGroup.dispatchGetDisplayList(ViewGroup.java:4200)
11-26 22:12:51.632 25961 25961 E AndroidRuntime: 	at android.view.View.updateDisplayListIfDirty(View.java:18101)
11-26 22:12:51.632 25961 25961 E AndroidRuntime: 	at android.view.ViewGroup.recreateChildDisplayList(ViewGroup.java:4220)
11-26 22:12:51.632 25961 25961 E AndroidRuntime: 	at android.view.ViewGroup.dispatchGetDisplayList(ViewGroup.java:4200)
11-26 22:12:51.632 25961 25961 E AndroidRuntime: 	at android.view.View.updateDisplayListIfDirty(View.java:18101)
11-26 22:12:51.632 25961 25961 E AndroidRuntime: 	at android.view.ViewGroup.recreateChildDisplayList(ViewGroup.java:4220)
11-26 22:12:51.632 25961 25961 E AndroidRuntime: 	at android.view.ViewGroup.dispatchGetDisplayList(ViewGroup.java:4200)
11-26 22:12:51.632 25961 25961 E AndroidRuntime: 	at android.view.View.updateDisplayListIfDirty(View.java:18101)
11-26 22:12:51.632 25961 25961 E AndroidRuntime: 	at android.view.ThreadedRenderer.updateViewTreeDisplayList(ThreadedRenderer.java:669)
11-26 22:12:51.632 25961 25961 E AndroidRuntime: 	at android.view.ThreadedRenderer.updateRootDisplayList(ThreadedRenderer.java:675)
11-26 22:12:51.632 25961 25961 E AndroidRuntime: 	at android.view.ThreadedRenderer.draw(ThreadedRenderer.java:783)
11-26 22:12:51.632 25961 25961 E AndroidRuntime: 	at android.view.ViewRootImpl.draw(ViewRootImpl.java:2992)
11-26 22:12:51.632 25961 25961 E AndroidRuntime: 	at android.view.ViewRootImpl.performDraw(ViewRootImpl.java:2806)
11-26 22:12:51.632 25961 25961 E AndroidRuntime: 	at android.view.ViewRootImpl.performTraversals(ViewRootImpl.java:2359)
11-26 22:12:51.632 25961 25961 E AndroidRuntime: 	at android.view.ViewRootImpl.doTraversal(ViewRootImpl.java:1392)
11-26 22:12:51.632 25961 25961 E AndroidRuntime: 	at android.view.ViewRootImpl$TraversalRunnable.run(ViewRootImpl.java:6752)
11-26 22:12:51.632 25961 25961 E AndroidRuntime: 	at android.view.Choreographer$CallbackRecord.run(Choreographer.java:911)
11-26 22:12:51.632 25961 25961 E AndroidRuntime: 	at android.view.Choreographer.doCallbacks(Choreographer.java:723)
11-26 22:12:51.632 25961 25961 E AndroidRuntime: 	at android.view.Choreographer.doFrame(Choreographer.java:658)
11-26 22:12:51.632 25961 25961 E AndroidRuntime: 	at android.view.Choreographer$FrameDisplayEventReceiver.run(Choreographer.java:897)
11-26 22:12:51.632 25961 25961 E AndroidRuntime: 	at android.os.Handler.handleCallback(Handler.java:790)
11-26 22:12:51.632 25961 25961 E AndroidRuntime: 	at android.os.Handler.dispatchMessage(Handler.java:99)
11-26 22:12:51.632 25961 25961 E AndroidRuntime: 	at android.os.Looper.loop(Looper.java:164)
11-26 22:12:51.632 25961 25961 E AndroidRuntime: 	at android.app.ActivityThread.main(ActivityThread.java:6494)
11-26 22:12:51.632 25961 25961 E AndroidRuntime: 	at java.lang.reflect.Method.invoke(Native Method)
11-26 22:12:51.632 25961 25961 E AndroidRuntime: 	at com.android.internal.os.RuntimeInit$MethodAndArgsCaller.run(RuntimeInit.java:438)
11-26 22:12:51.632 25961 25961 E AndroidRuntime: 	at com.android.internal.os.ZygoteInit.main(ZygoteInit.java:807)
11-26 22:12:51.634  1636  2472 W ActivityManager:   Force finishing activity com.salonmobileapp/.MainActivity
11-26 22:12:51.641  1636  1651 I ActivityManager: Showing crash dialog for package com.salonmobileapp u0
11-26 22:12:51.643  1636  1650 W BroadcastQueue: Background execution not allowed: receiving Intent { act=android.intent.action.DROPBOX_ENTRY_ADDED flg=0x10 (has extras) } to com.google.android.gms/.stats.service.DropBoxEntryAddedReceiver
11-26 22:12:51.643  1636  1650 W BroadcastQueue: Background execution not allowed: receiving Intent { act=android.intent.action.DROPBOX_ENTRY_ADDED flg=0x10 (has extras) } to com.google.android.gms/.chimera.GmsIntentOperationService$PersistentTrustedReceiver
11-26 22:12:52.140  1636  1650 W ActivityManager: Activity pause timeout for ActivityRecord{f70fb06 u0 com.salonmobileapp/.MainActivity t134 f}
11-26 22:12:52.372 13768 26377 E ActivityThread: Failed to find provider info for com.google.android.apps.gsa.testing.ui.audio.recorded
11-26 22:12:57.423 13768 26377 E ActivityThread: Failed to find provider info for com.google.android.apps.gsa.testing.ui.audio.recorded
11-26 22:12:58.629  1636  2472 I ActivityManager: Killing 25961:com.salonmobileapp/u0a102 (adj 900): crash
11-26 22:12:58.689  1636  2472 I ActivityManager: START u0 {flg=0x10100000 cmp=com.salonmobileapp/.MainActivity} from uid 2000
11-26 22:12:58.703  1636  9390 E ActivityManager: applyOptionsLocked: Unknown animationType=0
11-26 22:12:58.716  1636  9390 I ActivityManager: Start proc 26395:com.salonmobileapp/u0a102 for activity com.salonmobileapp/.MainActivity
11-26 22:12:58.722  1636  1657 W ActivityManager: setHasOverlayUi called on unknown pid: 25961
11-26 22:12:58.845  1636  1681 W AppOps  : Finishing op nesting under-run: uid 1000 pkg android code 24 time=0 duration=0 nesting=0
11-26 22:13:00.534 26395 26395 E AndroidRuntime: FATAL EXCEPTION: main
11-26 22:13:00.534 26395 26395 E AndroidRuntime: Process: com.salonmobileapp, PID: 26395
11-26 22:13:00.534 26395 26395 E AndroidRuntime: com.facebook.react.bridge.JSApplicationIllegalArgumentException: Shapes should have a valid path (d) prop
11-26 22:13:00.534 26395 26395 E AndroidRuntime: 	at com.facebook.react.views.art.ARTShapeShadowNode.draw(ARTShapeShadowNode.java:128)
11-26 22:13:00.534 26395 26395 E AndroidRuntime: 	at com.facebook.react.views.art.ARTGroupShadowNode.draw(ARTGroupShadowNode.java:71)
11-26 22:13:00.534 26395 26395 E AndroidRuntime: 	at com.facebook.react.views.art.ARTSurfaceViewShadowNode.drawOutput(ARTSurfaceViewShadowNode.java:77)
11-26 22:13:00.534 26395 26395 E AndroidRuntime: 	at com.facebook.react.views.art.ARTSurfaceViewShadowNode.onSurfaceTextureAvailable(ARTSurfaceViewShadowNode.java:102)
11-26 22:13:00.534 26395 26395 E AndroidRuntime: 	at android.view.TextureView.getHardwareLayer(TextureView.java:390)
11-26 22:13:00.534 26395 26395 E AndroidRuntime: 	at android.view.TextureView.draw(TextureView.java:339)
11-26 22:13:00.534 26395 26395 E AndroidRuntime: 	at android.view.View.updateDisplayListIfDirty(View.java:18142)
11-26 22:13:00.534 26395 26395 E AndroidRuntime: 	at android.view.View.draw(View.java:18920)
11-26 22:13:00.534 26395 26395 E AndroidRuntime: 	at android.view.ViewGroup.drawChild(ViewGroup.java:4236)
11-26 22:13:00.534 26395 26395 E AndroidRuntime: 	at android.view.ViewGroup.dispatchDraw(ViewGroup.java:4022)
11-26 22:13:00.534 26395 26395 E AndroidRuntime: 	at com.facebook.react.views.view.ReactViewGroup.dispatchDraw(ReactViewGroup.java:699)
11-26 22:13:00.534 26395 26395 E AndroidRuntime: 	at android.view.View.draw(View.java:19195)
11-26 22:13:00.534 26395 26395 E AndroidRuntime: 	at android.view.View.updateDisplayListIfDirty(View.java:18142)
11-26 22:13:00.534 26395 26395 E AndroidRuntime: 	at android.view.ViewGroup.recreateChildDisplayList(ViewGroup.java:4220)
11-26 22:13:00.534 26395 26395 E AndroidRuntime: 	at android.view.ViewGroup.dispatchGetDisplayList(ViewGroup.java:4200)
11-26 22:13:00.534 26395 26395 E AndroidRuntime: 	at android.view.View.updateDisplayListIfDirty(View.java:18101)
11-26 22:13:00.534 26395 26395 E AndroidRuntime: 	at android.view.ViewGroup.recreateChildDisplayList(ViewGroup.java:4220)
11-26 22:13:00.534 26395 26395 E AndroidRuntime: 	at android.view.ViewGroup.dispatchGetDisplayList(ViewGroup.java:4200)
11-26 22:13:00.534 26395 26395 E AndroidRuntime: 	at android.view.View.updateDisplayListIfDirty(View.java:18101)
11-26 22:13:00.534 26395 26395 E AndroidRuntime: 	at android.view.ViewGroup.recreateChildDisplayList(ViewGroup.java:4220)
11-26 22:13:00.534 26395 26395 E AndroidRuntime: 	at android.view.ViewGroup.dispatchGetDisplayList(ViewGroup.java:4200)
11-26 22:13:00.534 26395 26395 E AndroidRuntime: 	at android.view.View.updateDisplayListIfDirty(View.java:18101)
11-26 22:13:00.534 26395 26395 E AndroidRuntime: 	at android.view.ViewGroup.recreateChildDisplayList(ViewGroup.java:4220)
11-26 22:13:00.534 26395 26395 E AndroidRuntime: 	at android.view.ViewGroup.dispatchGetDisplayList(ViewGroup.java:4200)
11-26 22:13:00.534 26395 26395 E AndroidRuntime: 	at android.view.View.updateDisplayListIfDirty(View.java:18101)
11-26 22:13:00.534 26395 26395 E AndroidRuntime: 	at android.view.ViewGroup.recreateChildDisplayList(ViewGroup.java:4220)
11-26 22:13:00.534 26395 26395 E AndroidRuntime: 	at android.view.ViewGroup.dispatchGetDisplayList(ViewGroup.java:4200)
11-26 22:13:00.534 26395 26395 E AndroidRuntime: 	at android.view.View.updateDisplayListIfDirty(View.java:18101)
11-26 22:13:00.534 26395 26395 E AndroidRuntime: 	at android.view.ViewGroup.recreateChildDisplayList(ViewGroup.java:4220)
11-26 22:13:00.534 26395 26395 E AndroidRuntime: 	at android.view.ViewGroup.dispatchGetDisplayList(ViewGroup.java:4200)
11-26 22:13:00.534 26395 26395 E AndroidRuntime: 	at android.view.View.updateDisplayListIfDirty(View.java:18101)
11-26 22:13:00.534 26395 26395 E AndroidRuntime: 	at android.view.ThreadedRenderer.updateViewTreeDisplayList(ThreadedRenderer.java:669)
11-26 22:13:00.534 26395 26395 E AndroidRuntime: 	at android.view.ThreadedRenderer.updateRootDisplayList(ThreadedRenderer.java:675)
11-26 22:13:00.534 26395 26395 E AndroidRuntime: 	at android.view.ThreadedRenderer.draw(ThreadedRenderer.java:783)
11-26 22:13:00.534 26395 26395 E AndroidRuntime: 	at android.view.ViewRootImpl.draw(ViewRootImpl.java:2992)
11-26 22:13:00.534 26395 26395 E AndroidRuntime: 	at android.view.ViewRootImpl.performDraw(ViewRootImpl.java:2806)
11-26 22:13:00.534 26395 26395 E AndroidRuntime: 	at android.view.ViewRootImpl.performTraversals(ViewRootImpl.java:2359)
11-26 22:13:00.534 26395 26395 E AndroidRuntime: 	at android.view.ViewRootImpl.doTraversal(ViewRootImpl.java:1392)
11-26 22:13:00.534 26395 26395 E AndroidRuntime: 	at android.view.ViewRootImpl$TraversalRunnable.run(ViewRootImpl.java:6752)
11-26 22:13:00.534 26395 26395 E AndroidRuntime: 	at android.view.Choreographer$CallbackRecord.run(Choreographer.java:911)
11-26 22:13:00.534 26395 26395 E AndroidRuntime: 	at android.view.Choreographer.doCallbacks(Choreographer.java:723)
11-26 22:13:00.534 26395 26395 E AndroidRuntime: 	at android.view.Choreographer.doFrame(Choreographer.java:658)
11-26 22:13:00.534 26395 26395 E AndroidRuntime: 	at android.view.Choreographer$FrameDisplayEventReceiver.run(Choreographer.java:897)
11-26 22:13:00.534 26395 26395 E AndroidRuntime: 	at android.os.Handler.handleCallback(Handler.java:790)
11-26 22:13:00.534 26395 26395 E AndroidRuntime: 	at android.os.Handler.dispatchMessage(Handler.java:99)
11-26 22:13:00.534 26395 26395 E AndroidRuntime: 	at android.os.Looper.loop(Looper.java:164)
11-26 22:13:00.534 26395 26395 E AndroidRuntime: 	at android.app.ActivityThread.main(ActivityThread.java:6494)
11-26 22:13:00.534 26395 26395 E AndroidRuntime: 	at java.lang.reflect.Method.invoke(Native Method)
11-26 22:13:00.534 26395 26395 E AndroidRuntime: 	at com.android.internal.os.RuntimeInit$MethodAndArgsCaller.run(RuntimeInit.java:438)
11-26 22:13:00.534 26395 26395 E AndroidRuntime: 	at com.android.internal.os.ZygoteInit.main(ZygoteInit.java:807)
11-26 22:13:00.541  1636  1830 W ActivityManager:   Force finishing activity com.salonmobileapp/.MainActivity
11-26 22:13:00.545  1636  1651 I ActivityManager: Showing crash dialog for package com.salonmobileapp u0
11-26 22:13:00.547  1636  1650 W BroadcastQueue: Background execution not allowed: receiving Intent { act=android.intent.action.DROPBOX_ENTRY_ADDED flg=0x10 (has extras) } to com.google.android.gms/.stats.service.DropBoxEntryAddedReceiver
11-26 22:13:00.547  1636  1650 W BroadcastQueue: Background execution not allowed: receiving Intent { act=android.intent.action.DROPBOX_ENTRY_ADDED flg=0x10 (has extras) } to com.google.android.gms/.chimera.GmsIntentOperationService$PersistentTrustedReceiver
11-26 22:13:01.045  1636  1650 W ActivityManager: Activity pause timeout for ActivityRecord{9b7ea1 u0 com.salonmobileapp/.MainActivity t134 f}
11-26 22:13:01.148 13768 26375 E ActivityThread: Failed to find provider info for com.google.android.apps.gsa.testing.ui.audio.recorded
11-26 22:13:02.127  1636  1830 W ActivityManager:   Force finishing activity com.salonmobileapp/.MainActivity
11-26 22:13:02.182  1636  1830 I ActivityManager: Killing 26395:com.salonmobileapp/u0a102 (adj 900): crash
11-26 22:13:02.223  1636  1657 W ActivityManager: setHasOverlayUi called on unknown pid: 26395
11-26 22:13:02.341  1636  1681 W AppOps  : Finishing op nesting under-run: uid 1000 pkg android code 24 time=0 duration=0 nesting=0
11-26 22:13:06.183 13768 26375 E ActivityThread: Failed to find provider info for com.google.android.apps.gsa.testing.ui.audio.recorded
11-26 22:13:11.225 13768 26375 E ActivityThread: Failed to find provider info for com.google.android.apps.gsa.testing.ui.audio.recorded
11-26 22:13:12.244  1636  1653 E BatteryExternalStatsWorker: modem info is invalid: ModemActivityInfo{ mTimestamp=0 mSleepTimeMs=0 mIdleTimeMs=0 mTxTimeMs[]=[0, 0, 0, 0, 0] mRxTimeMs=0 mEnergyUsed=0}
11-26 22:13:14.314  1636 13454 I ActivityManager: START u0 {act=android.intent.action.MAIN cat=[android.intent.category.LAUNCHER] flg=0x10200000 cmp=com.salonmobileapp/.MainActivity bnds=[35,200][237,462]} from uid 10022
11-26 22:13:14.335  1636  2230 I ActivityManager: Start proc 26476:com.salonmobileapp/u0a102 for activity com.salonmobileapp/.MainActivity
11-26 22:13:16.143 26476 26476 E AndroidRuntime: FATAL EXCEPTION: main
11-26 22:13:16.143 26476 26476 E AndroidRuntime: Process: com.salonmobileapp, PID: 26476
11-26 22:13:16.143 26476 26476 E AndroidRuntime: com.facebook.react.bridge.JSApplicationIllegalArgumentException: Shapes should have a valid path (d) prop
11-26 22:13:16.143 26476 26476 E AndroidRuntime: 	at com.facebook.react.views.art.ARTShapeShadowNode.draw(ARTShapeShadowNode.java:128)
11-26 22:13:16.143 26476 26476 E AndroidRuntime: 	at com.facebook.react.views.art.ARTGroupShadowNode.draw(ARTGroupShadowNode.java:71)
11-26 22:13:16.143 26476 26476 E AndroidRuntime: 	at com.facebook.react.views.art.ARTSurfaceViewShadowNode.drawOutput(ARTSurfaceViewShadowNode.java:77)
11-26 22:13:16.143 26476 26476 E AndroidRuntime: 	at com.facebook.react.views.art.ARTSurfaceViewShadowNode.onSurfaceTextureAvailable(ARTSurfaceViewShadowNode.java:102)
11-26 22:13:16.143 26476 26476 E AndroidRuntime: 	at android.view.TextureView.getHardwareLayer(TextureView.java:390)
11-26 22:13:16.143 26476 26476 E AndroidRuntime: 	at android.view.TextureView.draw(TextureView.java:339)
11-26 22:13:16.143 26476 26476 E AndroidRuntime: 	at android.view.View.updateDisplayListIfDirty(View.java:18142)
11-26 22:13:16.143 26476 26476 E AndroidRuntime: 	at android.view.View.draw(View.java:18920)
11-26 22:13:16.143 26476 26476 E AndroidRuntime: 	at android.view.ViewGroup.drawChild(ViewGroup.java:4236)
11-26 22:13:16.143 26476 26476 E AndroidRuntime: 	at android.view.ViewGroup.dispatchDraw(ViewGroup.java:4022)
11-26 22:13:16.143 26476 26476 E AndroidRuntime: 	at com.facebook.react.views.view.ReactViewGroup.dispatchDraw(ReactViewGroup.java:699)
11-26 22:13:16.143 26476 26476 E AndroidRuntime: 	at android.view.View.draw(View.java:19195)
11-26 22:13:16.143 26476 26476 E AndroidRuntime: 	at android.view.View.updateDisplayListIfDirty(View.java:18142)
11-26 22:13:16.143 26476 26476 E AndroidRuntime: 	at android.view.ViewGroup.recreateChildDisplayList(ViewGroup.java:4220)
11-26 22:13:16.143 26476 26476 E AndroidRuntime: 	at android.view.ViewGroup.dispatchGetDisplayList(ViewGroup.java:4200)
11-26 22:13:16.143 26476 26476 E AndroidRuntime: 	at android.view.View.updateDisplayListIfDirty(View.java:18101)
11-26 22:13:16.143 26476 26476 E AndroidRuntime: 	at android.view.ViewGroup.recreateChildDisplayList(ViewGroup.java:4220)
11-26 22:13:16.143 26476 26476 E AndroidRuntime: 	at android.view.ViewGroup.dispatchGetDisplayList(ViewGroup.java:4200)
11-26 22:13:16.143 26476 26476 E AndroidRuntime: 	at android.view.View.updateDisplayListIfDirty(View.java:18101)
11-26 22:13:16.143 26476 26476 E AndroidRuntime: 	at android.view.ViewGroup.recreateChildDisplayList(ViewGroup.java:4220)
11-26 22:13:16.143 26476 26476 E AndroidRuntime: 	at android.view.ViewGroup.dispatchGetDisplayList(ViewGroup.java:4200)
11-26 22:13:16.143 26476 26476 E AndroidRuntime: 	at android.view.View.updateDisplayListIfDirty(View.java:18101)
11-26 22:13:16.143 26476 26476 E AndroidRuntime: 	at android.view.ViewGroup.recreateChildDisplayList(ViewGroup.java:4220)
11-26 22:13:16.143 26476 26476 E AndroidRuntime: 	at android.view.ViewGroup.dispatchGetDisplayList(ViewGroup.java:4200)
11-26 22:13:16.143 26476 26476 E AndroidRuntime: 	at android.view.View.updateDisplayListIfDirty(View.java:18101)
11-26 22:13:16.143 26476 26476 E AndroidRuntime: 	at android.view.ViewGroup.recreateChildDisplayList(ViewGroup.java:4220)
11-26 22:13:16.143 26476 26476 E AndroidRuntime: 	at android.view.ViewGroup.dispatchGetDisplayList(ViewGroup.java:4200)
11-26 22:13:16.143 26476 26476 E AndroidRuntime: 	at android.view.View.updateDisplayListIfDirty(View.java:18101)
11-26 22:13:16.143 26476 26476 E AndroidRuntime: 	at android.view.ViewGroup.recreateChildDisplayList(ViewGroup.java:4220)
11-26 22:13:16.143 26476 26476 E AndroidRuntime: 	at android.view.ViewGroup.dispatchGetDisplayList(ViewGroup.java:4200)
11-26 22:13:16.143 26476 26476 E AndroidRuntime: 	at android.view.View.updateDisplayListIfDirty(View.java:18101)
11-26 22:13:16.143 26476 26476 E AndroidRuntime: 	at android.view.ThreadedRenderer.updateViewTreeDisplayList(ThreadedRenderer.java:669)
11-26 22:13:16.143 26476 26476 E AndroidRuntime: 	at android.view.ThreadedRenderer.updateRootDisplayList(ThreadedRenderer.java:675)
11-26 22:13:16.143 26476 26476 E AndroidRuntime: 	at android.view.ThreadedRenderer.draw(ThreadedRenderer.java:783)
11-26 22:13:16.143 26476 26476 E AndroidRuntime: 	at android.view.ViewRootImpl.draw(ViewRootImpl.java:2992)
11-26 22:13:16.143 26476 26476 E AndroidRuntime: 	at android.view.ViewRootImpl.performDraw(ViewRootImpl.java:2806)
11-26 22:13:16.143 26476 26476 E AndroidRuntime: 	at android.view.ViewRootImpl.performTraversals(ViewRootImpl.java:2359)
11-26 22:13:16.143 26476 26476 E AndroidRuntime: 	at android.view.ViewRootImpl.doTraversal(ViewRootImpl.java:1392)
11-26 22:13:16.143 26476 26476 E AndroidRuntime: 	at android.view.ViewRootImpl$TraversalRunnable.run(ViewRootImpl.java:6752)
11-26 22:13:16.143 26476 26476 E AndroidRuntime: 	at android.view.Choreographer$CallbackRecord.run(Choreographer.java:911)
11-26 22:13:16.143 26476 26476 E AndroidRuntime: 	at android.view.Choreographer.doCallbacks(Choreographer.java:723)
11-26 22:13:16.143 26476 26476 E AndroidRuntime: 	at android.view.Choreographer.doFrame(Choreographer.java:658)
11-26 22:13:16.143 26476 26476 E AndroidRuntime: 	at android.view.Choreographer$FrameDisplayEventReceiver.run(Choreographer.java:897)
11-26 22:13:16.143 26476 26476 E AndroidRuntime: 	at android.os.Handler.handleCallback(Handler.java:790)
11-26 22:13:16.143 26476 26476 E AndroidRuntime: 	at android.os.Handler.dispatchMessage(Handler.java:99)
11-26 22:13:16.143 26476 26476 E AndroidRuntime: 	at android.os.Looper.loop(Looper.java:164)
11-26 22:13:16.143 26476 26476 E AndroidRuntime: 	at android.app.ActivityThread.main(ActivityThread.java:6494)
11-26 22:13:16.143 26476 26476 E AndroidRuntime: 	at java.lang.reflect.Method.invoke(Native Method)
11-26 22:13:16.143 26476 26476 E AndroidRuntime: 	at com.android.internal.os.RuntimeInit$MethodAndArgsCaller.run(RuntimeInit.java:438)
11-26 22:13:16.143 26476 26476 E AndroidRuntime: 	at com.android.internal.os.ZygoteInit.main(ZygoteInit.java:807)
11-26 22:13:16.147  1636  1758 W ActivityManager:   Force finishing activity com.salonmobileapp/.MainActivity
11-26 22:13:16.150  1636  1651 I ActivityManager: Showing crash dialog for package com.salonmobileapp u0
11-26 22:13:16.159  1636  1650 W BroadcastQueue: Background execution not allowed: receiving Intent { act=android.intent.action.DROPBOX_ENTRY_ADDED flg=0x10 (has extras) } to com.google.android.gms/.stats.service.DropBoxEntryAddedReceiver
11-26 22:13:16.159  1636  1650 W BroadcastQueue: Background execution not allowed: receiving Intent { act=android.intent.action.DROPBOX_ENTRY_ADDED flg=0x10 (has extras) } to com.google.android.gms/.chimera.GmsIntentOperationService$PersistentTrustedReceiver
11-26 22:13:16.649  1636  1650 W ActivityManager: Activity pause timeout for ActivityRecord{55042b u0 com.salonmobileapp/.MainActivity t135 f}
11-26 22:13:16.882 13768 26375 E ActivityThread: Failed to find provider info for com.google.android.apps.gsa.testing.ui.audio.recorded
11-26 22:13:19.114  1636  1758 W ActivityManager:   Force finishing activity com.salonmobileapp/.MainActivity
11-26 22:13:19.169  1636  1758 I ActivityManager: Killing 26476:com.salonmobileapp/u0a102 (adj 900): crash
11-26 22:13:19.265  1636  1657 W ActivityManager: setHasOverlayUi called on unknown pid: 26476
11-26 22:13:19.326  1636  1681 W AppOps  : Finishing op nesting under-run: uid 1000 pkg android code 24 time=0 duration=0 nesting=0
11-26 22:13:20.080  1636  1693 I ActivityManager: START u0 {act=android.intent.action.MAIN cat=[android.intent.category.HOME] flg=0x10200000 cmp=com.google.android.apps.nexuslauncher/.NexusLauncherActivity (has extras)} from uid 1000
11-26 22:13:21.937 13768 26376 E ActivityThread: Failed to find provider info for com.google.android.apps.gsa.testing.ui.audio.recorded
11-26 22:13:26.957 13768 26376 E ActivityThread: Failed to find provider info for com.google.android.apps.gsa.testing.ui.audio.recorded
11-26 22:13:29.281  1636  1653 E BatteryExternalStatsWorker: modem info is invalid: ModemActivityInfo{ mTimestamp=0 mSleepTimeMs=0 mIdleTimeMs=0 mTxTimeMs[]=[0, 0, 0, 0, 0] mRxTimeMs=0 mEnergyUsed=0}
11-26 22:13:29.978  1636  1650 I ActivityManager: Force stopping com.salonmobileapp appid=10102 user=-1: installPackageLI
11-26 22:13:29.998  1636  1662 I PackageManager: Package com.salonmobileapp codePath changed from /data/app/com.salonmobileapp-nDLxtSu89SH0oobyxpMwSw== to /data/app/com.salonmobileapp-m6UDw0aP0ztTWTxqjQBeYA==; Retaining data and using new
11-26 22:13:29.998  1636  1662 W PackageManager: Code path for com.salonmobileapp changing from /data/app/com.salonmobileapp-nDLxtSu89SH0oobyxpMwSw== to /data/app/com.salonmobileapp-m6UDw0aP0ztTWTxqjQBeYA==
11-26 22:13:29.998  1636  1662 W PackageManager: Resource path for com.salonmobileapp changing from /data/app/com.salonmobileapp-nDLxtSu89SH0oobyxpMwSw== to /data/app/com.salonmobileapp-m6UDw0aP0ztTWTxqjQBeYA==
11-26 22:13:30.077  1636  1662 I ActivityManager: Force stopping com.salonmobileapp appid=10102 user=0: pkg removed
11-26 22:13:30.088  1636  1650 W BroadcastQueue: Background execution not allowed: receiving Intent { act=android.intent.action.PACKAGE_REMOVED dat=package:com.salonmobileapp flg=0x4000010 (has extras) } to com.android.vending/com.google.android.finsky.packagemanager.impl.PackageMonitorReceiverImpl$RegisteredReceiver
11-26 22:13:30.089  1636  1650 W BroadcastQueue: Background execution not allowed: receiving Intent { act=android.intent.action.PACKAGE_REMOVED dat=package:com.salonmobileapp flg=0x4000010 (has extras) } to com.android.vending/com.google.android.finsky.instantapps.appmanagement.InstantAppRemoveMonitor
11-26 22:13:30.089  1636  1650 W BroadcastQueue: Background execution not allowed: receiving Intent { act=android.intent.action.PACKAGE_REMOVED dat=package:com.salonmobileapp flg=0x4000010 (has extras) } to com.google.android.gms/.games.chimera.GamesSystemBroadcastReceiverProxy
11-26 22:13:30.089  1636  1650 W BroadcastQueue: Background execution not allowed: receiving Intent { act=android.intent.action.PACKAGE_REMOVED dat=package:com.salonmobileapp flg=0x4000010 (has extras) } to com.google.android.gms/.photos.autobackup.PhotosAppUninstalledReceiver
11-26 22:13:30.089  1636  1650 W BroadcastQueue: Background execution not allowed: receiving Intent { act=android.intent.action.PACKAGE_REMOVED dat=package:com.salonmobileapp flg=0x4000010 (has extras) } to com.google.android.gms/.chimera.GmsIntentOperationService$PersistentTrustedReceiver
11-26 22:13:30.089  1636  1650 W BroadcastQueue: Background execution not allowed: receiving Intent { act=android.intent.action.PACKAGE_REMOVED dat=package:com.salonmobileapp flg=0x4000010 (has extras) } to com.google.android.googlequicksearchbox/com.google.android.apps.gsa.googlequicksearchbox.GelStubAppWatcher
11-26 22:13:30.090  1636  1650 W BroadcastQueue: Background execution not allowed: receiving Intent { act=android.intent.action.PACKAGE_ADDED dat=package:com.salonmobileapp flg=0x4000010 (has extras) } to com.android.vending/com.google.android.finsky.packagemanager.impl.PackageMonitorReceiverImpl$RegisteredReceiver
11-26 22:13:30.090  1636  1650 W BroadcastQueue: Background execution not allowed: receiving Intent { act=android.intent.action.PACKAGE_ADDED dat=package:com.salonmobileapp flg=0x4000010 (has extras) } to com.google.android.gms/.games.chimera.GamesSystemBroadcastReceiverProxy
11-26 22:13:30.090  1636  1650 W BroadcastQueue: Background execution not allowed: receiving Intent { act=android.intent.action.PACKAGE_ADDED dat=package:com.salonmobileapp flg=0x4000010 (has extras) } to com.google.android.gms/.gass.chimera.PackageChangeBroadcastReceiver
11-26 22:13:30.097  1636  1650 W BroadcastQueue: Background execution not allowed: receiving Intent { act=android.intent.action.PACKAGE_ADDED dat=package:com.salonmobileapp flg=0x4000010 (has extras) } to com.google.android.gms/.chimera.GmsIntentOperationService$PersistentTrustedReceiver
11-26 22:13:30.098  1636  1650 W BroadcastQueue: Background execution not allowed: receiving Intent { act=android.intent.action.PACKAGE_ADDED dat=package:com.salonmobileapp flg=0x4000010 (has extras) } to com.google.android.googlequicksearchbox/com.google.android.apps.gsa.googlequicksearchbox.GelStubAppWatcher
11-26 22:13:30.098  1636  1650 W BroadcastQueue: Background execution not allowed: receiving Intent { act=android.intent.action.PACKAGE_REPLACED dat=package:com.salonmobileapp flg=0x4000010 (has extras) } to com.google.android.apps.photos/.account.full.FetchAccountPropertiesAppUpgradeBroadcastReceiver
11-26 22:13:30.098  1636  1650 W BroadcastQueue: Background execution not allowed: receiving Intent { act=android.intent.action.PACKAGE_REPLACED dat=package:com.salonmobileapp flg=0x4000010 (has extras) } to com.google.android.apps.photos/.backgroundsignin.BackgroundSignInBroadcastReceiver
11-26 22:13:30.099  1636  1650 W BroadcastQueue: Background execution not allowed: receiving Intent { act=android.intent.action.PACKAGE_REPLACED dat=package:com.salonmobileapp flg=0x4000010 (has extras) } to com.google.android.apps.photos/.experiments.phenotype.full.PhenotypeAppUpgradeBroadcastReceiver
11-26 22:13:30.099  1636  1650 W BroadcastQueue: Background execution not allowed: receiving Intent { act=android.intent.action.PACKAGE_REPLACED dat=package:com.salonmobileapp flg=0x4000010 (has extras) } to com.google.android.apps.photos/.notificationchannels.AppUpdateBroadcastReceiver
11-26 22:13:30.099  1636  1650 W BroadcastQueue: Background execution not allowed: receiving Intent { act=android.intent.action.PACKAGE_REPLACED dat=package:com.salonmobileapp flg=0x4000010 (has extras) } to com.google.android.gms/.gass.chimera.PackageChangeBroadcastReceiver
11-26 22:13:30.100  1636  1650 W BroadcastQueue: Background execution not allowed: receiving Intent { act=android.intent.action.PACKAGE_REPLACED dat=package:com.salonmobileapp flg=0x4000010 (has extras) } to com.google.android.gms/.chimera.GmsIntentOperationService$PersistentTrustedReceiver
11-26 22:13:30.100  1636  1650 W BroadcastQueue: Background execution not allowed: receiving Intent { act=android.intent.action.PACKAGE_REPLACED dat=package:com.salonmobileapp flg=0x4000010 (has extras) } to com.google.android.googlequicksearchbox/com.google.android.apps.gsa.googlequicksearchbox.GelStubAppWatcher
11-26 22:13:30.135  1636  1636 I Telecom : DefaultDialerCache: Refreshing default dialer for user 0: now com.google.android.dialer: DDC.oR@Aqs
11-26 22:13:30.584  1636  9390 I ActivityManager: START u0 {flg=0x10000000 cmp=com.salonmobileapp/.MainActivity} from uid 2000
11-26 22:13:30.602  1636 13454 I ActivityManager: Start proc 26630:com.salonmobileapp/u0a102 for activity com.salonmobileapp/.MainActivity
11-26 22:14:12.290 26630 26630 E AndroidRuntime: FATAL EXCEPTION: main
11-26 22:14:12.290 26630 26630 E AndroidRuntime: Process: com.salonmobileapp, PID: 26630
11-26 22:14:12.290 26630 26630 E AndroidRuntime: com.facebook.react.bridge.JSApplicationIllegalArgumentException: Shapes should have a valid path (d) prop
11-26 22:14:12.290 26630 26630 E AndroidRuntime: 	at com.facebook.react.views.art.ARTShapeShadowNode.draw(ARTShapeShadowNode.java:128)
11-26 22:14:12.290 26630 26630 E AndroidRuntime: 	at com.facebook.react.views.art.ARTGroupShadowNode.draw(ARTGroupShadowNode.java:71)
11-26 22:14:12.290 26630 26630 E AndroidRuntime: 	at com.facebook.react.views.art.ARTSurfaceViewShadowNode.drawOutput(ARTSurfaceViewShadowNode.java:77)
11-26 22:14:12.290 26630 26630 E AndroidRuntime: 	at com.facebook.react.views.art.ARTSurfaceViewShadowNode.onSurfaceTextureAvailable(ARTSurfaceViewShadowNode.java:102)
11-26 22:14:12.290 26630 26630 E AndroidRuntime: 	at android.view.TextureView.getHardwareLayer(TextureView.java:390)
11-26 22:14:12.290 26630 26630 E AndroidRuntime: 	at android.view.TextureView.draw(TextureView.java:339)
11-26 22:14:12.290 26630 26630 E AndroidRuntime: 	at android.view.View.updateDisplayListIfDirty(View.java:18142)
11-26 22:14:12.290 26630 26630 E AndroidRuntime: 	at android.view.View.draw(View.java:18920)
11-26 22:14:12.290 26630 26630 E AndroidRuntime: 	at android.view.ViewGroup.drawChild(ViewGroup.java:4236)
11-26 22:14:12.290 26630 26630 E AndroidRuntime: 	at android.view.ViewGroup.dispatchDraw(ViewGroup.java:4022)
11-26 22:14:12.290 26630 26630 E AndroidRuntime: 	at com.facebook.react.views.view.ReactViewGroup.dispatchDraw(ReactViewGroup.java:699)
11-26 22:14:12.290 26630 26630 E AndroidRuntime: 	at android.view.View.draw(View.java:19195)
11-26 22:14:12.290 26630 26630 E AndroidRuntime: 	at android.view.View.updateDisplayListIfDirty(View.java:18142)
11-26 22:14:12.290 26630 26630 E AndroidRuntime: 	at android.view.ViewGroup.recreateChildDisplayList(ViewGroup.java:4220)
11-26 22:14:12.290 26630 26630 E AndroidRuntime: 	at android.view.ViewGroup.dispatchGetDisplayList(ViewGroup.java:4200)
11-26 22:14:12.290 26630 26630 E AndroidRuntime: 	at android.view.View.updateDisplayListIfDirty(View.java:18101)
11-26 22:14:12.290 26630 26630 E AndroidRuntime: 	at android.view.ViewGroup.recreateChildDisplayList(ViewGroup.java:4220)
11-26 22:14:12.290 26630 26630 E AndroidRuntime: 	at android.view.ViewGroup.dispatchGetDisplayList(ViewGroup.java:4200)
11-26 22:14:12.290 26630 26630 E AndroidRuntime: 	at android.view.View.updateDisplayListIfDirty(View.java:18101)
11-26 22:14:12.290 26630 26630 E AndroidRuntime: 	at android.view.ViewGroup.recreateChildDisplayList(ViewGroup.java:4220)
11-26 22:14:12.290 26630 26630 E AndroidRuntime: 	at android.view.ViewGroup.dispatchGetDisplayList(ViewGroup.java:4200)
11-26 22:14:12.290 26630 26630 E AndroidRuntime: 	at android.view.View.updateDisplayListIfDirty(View.java:18101)
11-26 22:14:12.290 26630 26630 E AndroidRuntime: 	at android.view.ViewGroup.recreateChildDisplayList(ViewGroup.java:4220)
11-26 22:14:12.290 26630 26630 E AndroidRuntime: 	at android.view.ViewGroup.dispatchGetDisplayList(ViewGroup.java:4200)
11-26 22:14:12.290 26630 26630 E AndroidRuntime: 	at android.view.View.updateDisplayListIfDirty(View.java:18101)
11-26 22:14:12.290 26630 26630 E AndroidRuntime: 	at android.view.ViewGroup.recreateChildDisplayList(ViewGroup.java:4220)
11-26 22:14:12.290 26630 26630 E AndroidRuntime: 	at android.view.ViewGroup.dispatchGetDisplayList(ViewGroup.java:4200)
11-26 22:14:12.290 26630 26630 E AndroidRuntime: 	at android.view.View.updateDisplayListIfDirty(View.java:18101)
11-26 22:14:12.290 26630 26630 E AndroidRuntime: 	at android.view.ViewGroup.recreateChildDisplayList(ViewGroup.java:4220)
11-26 22:14:12.290 26630 26630 E AndroidRuntime: 	at android.view.ViewGroup.dispatchGetDisplayList(ViewGroup.java:4200)
11-26 22:14:12.290 26630 26630 E AndroidRuntime: 	at android.view.View.updateDisplayListIfDirty(View.java:18101)
