11-26 22:14:12.290 26630 26630 E AndroidRuntime: 	at android.view.ThreadedRenderer.updateViewTreeDisplayList(ThreadedRenderer.java:669)
11-26 22:14:12.290 26630 26630 E AndroidRuntime: 	at android.view.ThreadedRenderer.updateRootDisplayList(ThreadedRenderer.java:675)
11-26 22:14:12.290 26630 26630 E AndroidRuntime: 	at android.view.ThreadedRenderer.draw(ThreadedRenderer.java:783)
11-26 22:14:12.290 26630 26630 E AndroidRuntime: 	at android.view.ViewRootImpl.draw(ViewRootImpl.java:2992)
11-26 22:14:12.290 26630 26630 E AndroidRuntime: 	at android.view.ViewRootImpl.performDraw(ViewRootImpl.java:2806)
11-26 22:14:12.290 26630 26630 E AndroidRuntime: 	at android.view.ViewRootImpl.performTraversals(ViewRootImpl.java:2359)
11-26 22:14:12.290 26630 26630 E AndroidRuntime: 	at android.view.ViewRootImpl.doTraversal(ViewRootImpl.java:1392)
11-26 22:14:12.290 26630 26630 E AndroidRuntime: 	at android.view.ViewRootImpl$TraversalRunnable.run(ViewRootImpl.java:6752)
11-26 22:14:12.290 26630 26630 E AndroidRuntime: 	at android.view.Choreographer$CallbackRecord.run(Choreographer.java:911)
11-26 22:14:12.290 26630 26630 E AndroidRuntime: 	at android.view.Choreographer.doCallbacks(Choreographer.java:723)
11-26 22:14:12.290 26630 26630 E AndroidRuntime: 	at android.view.Choreographer.doFrame(Choreographer.java:658)
11-26 22:14:12.290 26630 26630 E AndroidRuntime: 	at android.view.Choreographer$FrameDisplayEventReceiver.run(Choreographer.java:897)
11-26 22:14:12.290 26630 26630 E AndroidRuntime: 	at android.os.Handler.handleCallback(Handler.java:790)
11-26 22:14:12.290 26630 26630 E AndroidRuntime: 	at android.os.Handler.dispatchMessage(Handler.java:99)
11-26 22:14:12.290 26630 26630 E AndroidRuntime: 	at android.os.Looper.loop(Looper.java:164)
11-26 22:14:12.290 26630 26630 E AndroidRuntime: 	at android.app.ActivityThread.main(ActivityThread.java:6494)
11-26 22:14:12.290 26630 26630 E AndroidRuntime: 	at java.lang.reflect.Method.invoke(Native Method)
11-26 22:14:12.290 26630 26630 E AndroidRuntime: 	at com.android.internal.os.RuntimeInit$MethodAndArgsCaller.run(RuntimeInit.java:438)
11-26 22:14:12.290 26630 26630 E AndroidRuntime: 	at com.android.internal.os.ZygoteInit.main(ZygoteInit.java:807)
11-26 22:14:12.301  1636  9390 W ActivityManager:   Force finishing activity com.salonmobileapp/.MainActivity
11-26 22:14:12.306  1636  1651 I ActivityManager: Showing crash dialog for package com.salonmobileapp u0
11-26 22:14:12.307  1636  1650 W BroadcastQueue: Background execution not allowed: receiving Intent { act=android.intent.action.DROPBOX_ENTRY_ADDED flg=0x10 (has extras) } to com.google.android.gms/.stats.service.DropBoxEntryAddedReceiver
11-26 22:14:12.307  1636  1650 W BroadcastQueue: Background execution not allowed: receiving Intent { act=android.intent.action.DROPBOX_ENTRY_ADDED flg=0x10 (has extras) } to com.google.android.gms/.chimera.GmsIntentOperationService$PersistentTrustedReceiver
11-26 22:14:12.805  1636  1650 W ActivityManager: Activity pause timeout for ActivityRecord{88151cc u0 com.salonmobileapp/.MainActivity t136 f}
11-26 22:14:13.034 13768 26371 E ActivityThread: Failed to find provider info for com.google.android.apps.gsa.testing.ui.audio.recorded
11-26 22:14:14.426  1636  9390 I ActivityManager: Killing 26630:com.salonmobileapp/u0a102 (adj 900): crash
11-26 22:14:14.480  1636  9390 I ActivityManager: START u0 {flg=0x10100000 cmp=com.salonmobileapp/.MainActivity} from uid 2000
11-26 22:14:14.493  1636  1758 E ActivityManager: applyOptionsLocked: Unknown animationType=0
11-26 22:14:14.557  1636  1758 W ActivityManager: Slow operation: 64ms so far, now at startProcess: building log message
11-26 22:14:14.557  1636  1758 I ActivityManager: Start proc 26760:com.salonmobileapp/u0a102 for activity com.salonmobileapp/.MainActivity
11-26 22:14:14.557  1636  1758 W ActivityManager: Slow operation: 64ms so far, now at startProcess: starting to update pids map
11-26 22:14:14.557  1636  1758 W ActivityManager: Slow operation: 64ms so far, now at startProcess: done updating pids map
11-26 22:14:14.557  1636  1758 W ActivityManager: Slow operation: 65ms so far, now at startProcess: done starting proc!
11-26 22:14:14.559  1636  1657 W ActivityManager: setHasOverlayUi called on unknown pid: 26630
11-26 22:14:14.636  1636  1681 W AppOps  : Finishing op nesting under-run: uid 1000 pkg android code 24 time=0 duration=0 nesting=0
11-26 22:14:16.252 26760 26760 E AndroidRuntime: FATAL EXCEPTION: main
11-26 22:14:16.252 26760 26760 E AndroidRuntime: Process: com.salonmobileapp, PID: 26760
11-26 22:14:16.252 26760 26760 E AndroidRuntime: com.facebook.react.bridge.JSApplicationIllegalArgumentException: Shapes should have a valid path (d) prop
11-26 22:14:16.252 26760 26760 E AndroidRuntime: 	at com.facebook.react.views.art.ARTShapeShadowNode.draw(ARTShapeShadowNode.java:128)
11-26 22:14:16.252 26760 26760 E AndroidRuntime: 	at com.facebook.react.views.art.ARTGroupShadowNode.draw(ARTGroupShadowNode.java:71)
11-26 22:14:16.252 26760 26760 E AndroidRuntime: 	at com.facebook.react.views.art.ARTSurfaceViewShadowNode.drawOutput(ARTSurfaceViewShadowNode.java:77)
11-26 22:14:16.252 26760 26760 E AndroidRuntime: 	at com.facebook.react.views.art.ARTSurfaceViewShadowNode.onSurfaceTextureAvailable(ARTSurfaceViewShadowNode.java:102)
11-26 22:14:16.252 26760 26760 E AndroidRuntime: 	at android.view.TextureView.getHardwareLayer(TextureView.java:390)
11-26 22:14:16.252 26760 26760 E AndroidRuntime: 	at android.view.TextureView.draw(TextureView.java:339)
11-26 22:14:16.252 26760 26760 E AndroidRuntime: 	at android.view.View.updateDisplayListIfDirty(View.java:18142)
11-26 22:14:16.252 26760 26760 E AndroidRuntime: 	at android.view.View.draw(View.java:18920)
11-26 22:14:16.252 26760 26760 E AndroidRuntime: 	at android.view.ViewGroup.drawChild(ViewGroup.java:4236)
11-26 22:14:16.252 26760 26760 E AndroidRuntime: 	at android.view.ViewGroup.dispatchDraw(ViewGroup.java:4022)
11-26 22:14:16.252 26760 26760 E AndroidRuntime: 	at com.facebook.react.views.view.ReactViewGroup.dispatchDraw(ReactViewGroup.java:699)
11-26 22:14:16.252 26760 26760 E AndroidRuntime: 	at android.view.View.draw(View.java:19195)
11-26 22:14:16.252 26760 26760 E AndroidRuntime: 	at android.view.View.updateDisplayListIfDirty(View.java:18142)
11-26 22:14:16.252 26760 26760 E AndroidRuntime: 	at android.view.ViewGroup.recreateChildDisplayList(ViewGroup.java:4220)
11-26 22:14:16.252 26760 26760 E AndroidRuntime: 	at android.view.ViewGroup.dispatchGetDisplayList(ViewGroup.java:4200)
11-26 22:14:16.252 26760 26760 E AndroidRuntime: 	at android.view.View.updateDisplayListIfDirty(View.java:18101)
11-26 22:14:16.252 26760 26760 E AndroidRuntime: 	at android.view.ViewGroup.recreateChildDisplayList(ViewGroup.java:4220)
11-26 22:14:16.252 26760 26760 E AndroidRuntime: 	at android.view.ViewGroup.dispatchGetDisplayList(ViewGroup.java:4200)
11-26 22:14:16.252 26760 26760 E AndroidRuntime: 	at android.view.View.updateDisplayListIfDirty(View.java:18101)
11-26 22:14:16.252 26760 26760 E AndroidRuntime: 	at android.view.ViewGroup.recreateChildDisplayList(ViewGroup.java:4220)
11-26 22:14:16.252 26760 26760 E AndroidRuntime: 	at android.view.ViewGroup.dispatchGetDisplayList(ViewGroup.java:4200)
11-26 22:14:16.252 26760 26760 E AndroidRuntime: 	at android.view.View.updateDisplayListIfDirty(View.java:18101)
11-26 22:14:16.252 26760 26760 E AndroidRuntime: 	at android.view.ViewGroup.recreateChildDisplayList(ViewGroup.java:4220)
11-26 22:14:16.252 26760 26760 E AndroidRuntime: 	at android.view.ViewGroup.dispatchGetDisplayList(ViewGroup.java:4200)
11-26 22:14:16.252 26760 26760 E AndroidRuntime: 	at android.view.View.updateDisplayListIfDirty(View.java:18101)
11-26 22:14:16.252 26760 26760 E AndroidRuntime: 	at android.view.ViewGroup.recreateChildDisplayList(ViewGroup.java:4220)
11-26 22:14:16.252 26760 26760 E AndroidRuntime: 	at android.view.ViewGroup.dispatchGetDisplayList(ViewGroup.java:4200)
11-26 22:14:16.252 26760 26760 E AndroidRuntime: 	at android.view.View.updateDisplayListIfDirty(View.java:18101)
11-26 22:14:16.252 26760 26760 E AndroidRuntime: 	at android.view.ViewGroup.recreateChildDisplayList(ViewGroup.java:4220)
11-26 22:14:16.252 26760 26760 E AndroidRuntime: 	at android.view.ViewGroup.dispatchGetDisplayList(ViewGroup.java:4200)
11-26 22:14:16.252 26760 26760 E AndroidRuntime: 	at android.view.View.updateDisplayListIfDirty(View.java:18101)
11-26 22:14:16.252 26760 26760 E AndroidRuntime: 	at android.view.ThreadedRenderer.updateViewTreeDisplayList(ThreadedRenderer.java:669)
11-26 22:14:16.252 26760 26760 E AndroidRuntime: 	at android.view.ThreadedRenderer.updateRootDisplayList(ThreadedRenderer.java:675)
11-26 22:14:16.252 26760 26760 E AndroidRuntime: 	at android.view.ThreadedRenderer.draw(ThreadedRenderer.java:783)
11-26 22:14:16.252 26760 26760 E AndroidRuntime: 	at android.view.ViewRootImpl.draw(ViewRootImpl.java:2992)
11-26 22:14:16.252 26760 26760 E AndroidRuntime: 	at android.view.ViewRootImpl.performDraw(ViewRootImpl.java:2806)
11-26 22:14:16.252 26760 26760 E AndroidRuntime: 	at android.view.ViewRootImpl.performTraversals(ViewRootImpl.java:2359)
11-26 22:14:16.252 26760 26760 E AndroidRuntime: 	at android.view.ViewRootImpl.doTraversal(ViewRootImpl.java:1392)
11-26 22:14:16.252 26760 26760 E AndroidRuntime: 	at android.view.ViewRootImpl$TraversalRunnable.run(ViewRootImpl.java:6752)
11-26 22:14:16.252 26760 26760 E AndroidRuntime: 	at android.view.Choreographer$CallbackRecord.run(Choreographer.java:911)
11-26 22:14:16.252 26760 26760 E AndroidRuntime: 	at android.view.Choreographer.doCallbacks(Choreographer.java:723)
11-26 22:14:16.252 26760 26760 E AndroidRuntime: 	at android.view.Choreographer.doFrame(Choreographer.java:658)
11-26 22:14:16.252 26760 26760 E AndroidRuntime: 	at android.view.Choreographer$FrameDisplayEventReceiver.run(Choreographer.java:897)
11-26 22:14:16.252 26760 26760 E AndroidRuntime: 	at android.os.Handler.handleCallback(Handler.java:790)
11-26 22:14:16.252 26760 26760 E AndroidRuntime: 	at android.os.Handler.dispatchMessage(Handler.java:99)
11-26 22:14:16.252 26760 26760 E AndroidRuntime: 	at android.os.Looper.loop(Looper.java:164)
11-26 22:14:16.252 26760 26760 E AndroidRuntime: 	at android.app.ActivityThread.main(ActivityThread.java:6494)
11-26 22:14:16.252 26760 26760 E AndroidRuntime: 	at java.lang.reflect.Method.invoke(Native Method)
11-26 22:14:16.252 26760 26760 E AndroidRuntime: 	at com.android.internal.os.RuntimeInit$MethodAndArgsCaller.run(RuntimeInit.java:438)
11-26 22:14:16.252 26760 26760 E AndroidRuntime: 	at com.android.internal.os.ZygoteInit.main(ZygoteInit.java:807)
11-26 22:14:16.255  1636  5415 W ActivityManager:   Force finishing activity com.salonmobileapp/.MainActivity
11-26 22:14:16.259  1636  1651 I ActivityManager: Showing crash dialog for package com.salonmobileapp u0
11-26 22:14:16.265  1636  1650 W BroadcastQueue: Background execution not allowed: receiving Intent { act=android.intent.action.DROPBOX_ENTRY_ADDED flg=0x10 (has extras) } to com.google.android.gms/.stats.service.DropBoxEntryAddedReceiver
11-26 22:14:16.265  1636  1650 W BroadcastQueue: Background execution not allowed: receiving Intent { act=android.intent.action.DROPBOX_ENTRY_ADDED flg=0x10 (has extras) } to com.google.android.gms/.chimera.GmsIntentOperationService$PersistentTrustedReceiver
11-26 22:14:16.760  1636  1650 W ActivityManager: Activity pause timeout for ActivityRecord{541e922 u0 com.salonmobileapp/.MainActivity t136 f}
11-26 22:14:16.986 13768 26374 E ActivityThread: Failed to find provider info for com.google.android.apps.gsa.testing.ui.audio.recorded
11-26 22:14:22.052 13768 26374 E ActivityThread: Failed to find provider info for com.google.android.apps.gsa.testing.ui.audio.recorded
11-26 22:14:23.291  1636  1758 I ActivityManager: Killing 4440:android.process.media/u0a10 (adj 906): empty for 4758s
11-26 22:14:25.740  1636  1653 E BatteryExternalStatsWorker: modem info is invalid: ModemActivityInfo{ mTimestamp=0 mSleepTimeMs=0 mIdleTimeMs=0 mTxTimeMs[]=[0, 0, 0, 0, 0] mRxTimeMs=0 mEnergyUsed=0}
11-26 22:14:27.107 13768 26374 E ActivityThread: Failed to find provider info for com.google.android.apps.gsa.testing.ui.audio.recorded
11-26 22:14:27.247  1636  1650 W ActivityManager: Activity destroy timeout for ActivityRecord{541e922 u0 com.salonmobileapp/.MainActivity t136 f}
11-26 22:14:32.135 13768 26374 E ActivityThread: Failed to find provider info for com.google.android.apps.gsa.testing.ui.audio.recorded
11-26 22:14:42.231 13768 26374 I chatty  : uid=10032 com.google.android.googlequicksearchbox:search identical 2 lines
11-26 22:14:47.303 13768 26374 E ActivityThread: Failed to find provider info for com.google.android.apps.gsa.testing.ui.audio.recorded
11-26 22:14:47.669  1636  5415 I ActivityManager: Killing 26760:com.salonmobileapp/u0a102 (adj 900): crash
11-26 22:14:47.709  1636  5415 W InputMethodManagerService: Got RemoteException sending setActive(false) notification to pid 26760 uid 10102
11-26 22:14:47.752  1636  1657 W ActivityManager: setHasOverlayUi called on unknown pid: 26760
11-26 22:14:47.885  1636  1681 W AppOps  : Finishing op nesting under-run: uid 1000 pkg android code 24 time=0 duration=0 nesting=0
11-26 22:14:52.366 13768 26374 E ActivityThread: Failed to find provider info for com.google.android.apps.gsa.testing.ui.audio.recorded
11-26 22:14:57.411 13768 26374 E ActivityThread: Failed to find provider info for com.google.android.apps.gsa.testing.ui.audio.recorded
11-26 22:14:57.784  1636  1653 E BatteryExternalStatsWorker: modem info is invalid: ModemActivityInfo{ mTimestamp=0 mSleepTimeMs=0 mIdleTimeMs=0 mTxTimeMs[]=[0, 0, 0, 0, 0] mRxTimeMs=0 mEnergyUsed=0}
11-26 22:14:57.897  1636  5415 I ActivityManager: START u0 {act=android.intent.action.MAIN cat=[android.intent.category.LAUNCHER] flg=0x10200000 cmp=com.salonmobileapp/.MainActivity bnds=[35,200][237,462]} from uid 10022
11-26 22:14:57.917  1636 13454 I ActivityManager: Start proc 26867:com.salonmobileapp/u0a102 for activity com.salonmobileapp/.MainActivity
11-26 22:14:59.648 26867 26867 E AndroidRuntime: FATAL EXCEPTION: main
11-26 22:14:59.648 26867 26867 E AndroidRuntime: Process: com.salonmobileapp, PID: 26867
11-26 22:14:59.648 26867 26867 E AndroidRuntime: com.facebook.react.bridge.JSApplicationIllegalArgumentException: Shapes should have a valid path (d) prop
11-26 22:14:59.648 26867 26867 E AndroidRuntime: 	at com.facebook.react.views.art.ARTShapeShadowNode.draw(ARTShapeShadowNode.java:128)
11-26 22:14:59.648 26867 26867 E AndroidRuntime: 	at com.facebook.react.views.art.ARTGroupShadowNode.draw(ARTGroupShadowNode.java:71)
11-26 22:14:59.648 26867 26867 E AndroidRuntime: 	at com.facebook.react.views.art.ARTSurfaceViewShadowNode.drawOutput(ARTSurfaceViewShadowNode.java:77)
11-26 22:14:59.648 26867 26867 E AndroidRuntime: 	at com.facebook.react.views.art.ARTSurfaceViewShadowNode.onSurfaceTextureAvailable(ARTSurfaceViewShadowNode.java:102)
11-26 22:14:59.648 26867 26867 E AndroidRuntime: 	at android.view.TextureView.getHardwareLayer(TextureView.java:390)
11-26 22:14:59.648 26867 26867 E AndroidRuntime: 	at android.view.TextureView.draw(TextureView.java:339)
11-26 22:14:59.648 26867 26867 E AndroidRuntime: 	at android.view.View.updateDisplayListIfDirty(View.java:18142)
11-26 22:14:59.648 26867 26867 E AndroidRuntime: 	at android.view.View.draw(View.java:18920)
11-26 22:14:59.648 26867 26867 E AndroidRuntime: 	at android.view.ViewGroup.drawChild(ViewGroup.java:4236)
11-26 22:14:59.648 26867 26867 E AndroidRuntime: 	at android.view.ViewGroup.dispatchDraw(ViewGroup.java:4022)
11-26 22:14:59.648 26867 26867 E AndroidRuntime: 	at com.facebook.react.views.view.ReactViewGroup.dispatchDraw(ReactViewGroup.java:699)
11-26 22:14:59.648 26867 26867 E AndroidRuntime: 	at android.view.View.draw(View.java:19195)
11-26 22:14:59.648 26867 26867 E AndroidRuntime: 	at android.view.View.updateDisplayListIfDirty(View.java:18142)
11-26 22:14:59.648 26867 26867 E AndroidRuntime: 	at android.view.ViewGroup.recreateChildDisplayList(ViewGroup.java:4220)
11-26 22:14:59.648 26867 26867 E AndroidRuntime: 	at android.view.ViewGroup.dispatchGetDisplayList(ViewGroup.java:4200)
11-26 22:14:59.648 26867 26867 E AndroidRuntime: 	at android.view.View.updateDisplayListIfDirty(View.java:18101)
11-26 22:14:59.648 26867 26867 E AndroidRuntime: 	at android.view.ViewGroup.recreateChildDisplayList(ViewGroup.java:4220)
11-26 22:14:59.648 26867 26867 E AndroidRuntime: 	at android.view.ViewGroup.dispatchGetDisplayList(ViewGroup.java:4200)
11-26 22:14:59.648 26867 26867 E AndroidRuntime: 	at android.view.View.updateDisplayListIfDirty(View.java:18101)
11-26 22:14:59.648 26867 26867 E AndroidRuntime: 	at android.view.ViewGroup.recreateChildDisplayList(ViewGroup.java:4220)
11-26 22:14:59.648 26867 26867 E AndroidRuntime: 	at android.view.ViewGroup.dispatchGetDisplayList(ViewGroup.java:4200)
11-26 22:14:59.648 26867 26867 E AndroidRuntime: 	at android.view.View.updateDisplayListIfDirty(View.java:18101)
11-26 22:14:59.648 26867 26867 E AndroidRuntime: 	at android.view.ViewGroup.recreateChildDisplayList(ViewGroup.java:4220)
11-26 22:14:59.648 26867 26867 E AndroidRuntime: 	at android.view.ViewGroup.dispatchGetDisplayList(ViewGroup.java:4200)
11-26 22:14:59.648 26867 26867 E AndroidRuntime: 	at android.view.View.updateDisplayListIfDirty(View.java:18101)
11-26 22:14:59.648 26867 26867 E AndroidRuntime: 	at android.view.ViewGroup.recreateChildDisplayList(ViewGroup.java:4220)
11-26 22:14:59.648 26867 26867 E AndroidRuntime: 	at android.view.ViewGroup.dispatchGetDisplayList(ViewGroup.java:4200)
11-26 22:14:59.648 26867 26867 E AndroidRuntime: 	at android.view.View.updateDisplayListIfDirty(View.java:18101)
11-26 22:14:59.648 26867 26867 E AndroidRuntime: 	at android.view.ViewGroup.recreateChildDisplayList(ViewGroup.java:4220)
11-26 22:14:59.648 26867 26867 E AndroidRuntime: 	at android.view.ViewGroup.dispatchGetDisplayList(ViewGroup.java:4200)
11-26 22:14:59.648 26867 26867 E AndroidRuntime: 	at android.view.View.updateDisplayListIfDirty(View.java:18101)
11-26 22:14:59.648 26867 26867 E AndroidRuntime: 	at android.view.ThreadedRenderer.updateViewTreeDisplayList(ThreadedRenderer.java:669)
11-26 22:14:59.648 26867 26867 E AndroidRuntime: 	at android.view.ThreadedRenderer.updateRootDisplayList(ThreadedRenderer.java:675)
11-26 22:14:59.648 26867 26867 E AndroidRuntime: 	at android.view.ThreadedRenderer.draw(ThreadedRenderer.java:783)
11-26 22:14:59.648 26867 26867 E AndroidRuntime: 	at android.view.ViewRootImpl.draw(ViewRootImpl.java:2992)
11-26 22:14:59.648 26867 26867 E AndroidRuntime: 	at android.view.ViewRootImpl.performDraw(ViewRootImpl.java:2806)
11-26 22:14:59.648 26867 26867 E AndroidRuntime: 	at android.view.ViewRootImpl.performTraversals(ViewRootImpl.java:2359)
11-26 22:14:59.648 26867 26867 E AndroidRuntime: 	at android.view.ViewRootImpl.doTraversal(ViewRootImpl.java:1392)
11-26 22:14:59.648 26867 26867 E AndroidRuntime: 	at android.view.ViewRootImpl$TraversalRunnable.run(ViewRootImpl.java:6752)
11-26 22:14:59.648 26867 26867 E AndroidRuntime: 	at android.view.Choreographer$CallbackRecord.run(Choreographer.java:911)
11-26 22:14:59.648 26867 26867 E AndroidRuntime: 	at android.view.Choreographer.doCallbacks(Choreographer.java:723)
11-26 22:14:59.648 26867 26867 E AndroidRuntime: 	at android.view.Choreographer.doFrame(Choreographer.java:658)
11-26 22:14:59.648 26867 26867 E AndroidRuntime: 	at android.view.Choreographer$FrameDisplayEventReceiver.run(Choreographer.java:897)
11-26 22:14:59.648 26867 26867 E AndroidRuntime: 	at android.os.Handler.handleCallback(Handler.java:790)
11-26 22:14:59.648 26867 26867 E AndroidRuntime: 	at android.os.Handler.dispatchMessage(Handler.java:99)
11-26 22:14:59.648 26867 26867 E AndroidRuntime: 	at android.os.Looper.loop(Looper.java:164)
11-26 22:14:59.648 26867 26867 E AndroidRuntime: 	at android.app.ActivityThread.main(ActivityThread.java:6494)
11-26 22:14:59.648 26867 26867 E AndroidRuntime: 	at java.lang.reflect.Method.invoke(Native Method)
11-26 22:14:59.648 26867 26867 E AndroidRuntime: 	at com.android.internal.os.RuntimeInit$MethodAndArgsCaller.run(RuntimeInit.java:438)
11-26 22:14:59.648 26867 26867 E AndroidRuntime: 	at com.android.internal.os.ZygoteInit.main(ZygoteInit.java:807)
11-26 22:14:59.652  1636 13454 W ActivityManager:   Force finishing activity com.salonmobileapp/.MainActivity
11-26 22:14:59.657  1636  1651 I ActivityManager: Showing crash dialog for package com.salonmobileapp u0
11-26 22:14:59.659  1636  1650 W BroadcastQueue: Background execution not allowed: receiving Intent { act=android.intent.action.DROPBOX_ENTRY_ADDED flg=0x10 (has extras) } to com.google.android.gms/.stats.service.DropBoxEntryAddedReceiver
11-26 22:14:59.659  1636  1650 W BroadcastQueue: Background execution not allowed: receiving Intent { act=android.intent.action.DROPBOX_ENTRY_ADDED flg=0x10 (has extras) } to com.google.android.gms/.chimera.GmsIntentOperationService$PersistentTrustedReceiver
11-26 22:15:00.156  1636  1650 W ActivityManager: Activity pause timeout for ActivityRecord{71a77fd u0 com.salonmobileapp/.MainActivity t137 f}
11-26 22:15:00.409 13768 26375 E ActivityThread: Failed to find provider info for com.google.android.apps.gsa.testing.ui.audio.recorded
11-26 22:15:01.244  1636 13454 W ActivityManager:   Force finishing activity com.salonmobileapp/.MainActivity
11-26 22:15:01.279  1636 13454 I ActivityManager: Killing 26867:com.salonmobileapp/u0a102 (adj 900): crash
11-26 22:15:01.320  1636  9605 W InputMethodManagerService: Got RemoteException sending setActive(false) notification to pid 26867 uid 10102
11-26 22:15:01.343  1636  1657 W ActivityManager: setHasOverlayUi called on unknown pid: 26867
11-26 22:15:01.463  1636  1681 W AppOps  : Finishing op nesting under-run: uid 1000 pkg android code 24 time=0 duration=0 nesting=0
11-26 22:15:05.470 13768 26373 E ActivityThread: Failed to find provider info for com.google.android.apps.gsa.testing.ui.audio.recorded
11-26 22:15:10.509 13768 26373 E ActivityThread: Failed to find provider info for com.google.android.apps.gsa.testing.ui.audio.recorded
11-26 22:15:11.154  1636  1650 I ActivityManager: Force stopping com.salonmobileapp appid=10102 user=-1: installPackageLI
11-26 22:15:11.174  1636  1662 I PackageManager: Package com.salonmobileapp codePath changed from /data/app/com.salonmobileapp-m6UDw0aP0ztTWTxqjQBeYA== to /data/app/com.salonmobileapp-SwjYqCj8qj4GgJwV5VYqeQ==; Retaining data and using new
11-26 22:15:11.175  1636  1662 W PackageManager: Code path for com.salonmobileapp changing from /data/app/com.salonmobileapp-m6UDw0aP0ztTWTxqjQBeYA== to /data/app/com.salonmobileapp-SwjYqCj8qj4GgJwV5VYqeQ==
11-26 22:15:11.175  1636  1662 W PackageManager: Resource path for com.salonmobileapp changing from /data/app/com.salonmobileapp-m6UDw0aP0ztTWTxqjQBeYA== to /data/app/com.salonmobileapp-SwjYqCj8qj4GgJwV5VYqeQ==
11-26 22:15:11.249  1636  1662 I ActivityManager: Force stopping com.salonmobileapp appid=10102 user=0: pkg removed
11-26 22:15:11.270  1636  1650 W BroadcastQueue: Background execution not allowed: receiving Intent { act=android.intent.action.PACKAGE_REMOVED dat=package:com.salonmobileapp flg=0x4000010 (has extras) } to com.android.vending/com.google.android.finsky.packagemanager.impl.PackageMonitorReceiverImpl$RegisteredReceiver
11-26 22:15:11.270  1636  1650 W BroadcastQueue: Background execution not allowed: receiving Intent { act=android.intent.action.PACKAGE_REMOVED dat=package:com.salonmobileapp flg=0x4000010 (has extras) } to com.android.vending/com.google.android.finsky.instantapps.appmanagement.InstantAppRemoveMonitor
11-26 22:15:11.273  1636  1650 W BroadcastQueue: Background execution not allowed: receiving Intent { act=android.intent.action.PACKAGE_REMOVED dat=package:com.salonmobileapp flg=0x4000010 (has extras) } to com.google.android.gms/.games.chimera.GamesSystemBroadcastReceiverProxy
11-26 22:15:11.276  1636  1650 W BroadcastQueue: Background execution not allowed: receiving Intent { act=android.intent.action.PACKAGE_REMOVED dat=package:com.salonmobileapp flg=0x4000010 (has extras) } to com.google.android.gms/.photos.autobackup.PhotosAppUninstalledReceiver
11-26 22:15:11.277  1636  1650 W BroadcastQueue: Background execution not allowed: receiving Intent { act=android.intent.action.PACKAGE_REMOVED dat=package:com.salonmobileapp flg=0x4000010 (has extras) } to com.google.android.gms/.chimera.GmsIntentOperationService$PersistentTrustedReceiver
11-26 22:15:11.278  1636  1650 W BroadcastQueue: Background execution not allowed: receiving Intent { act=android.intent.action.PACKAGE_REMOVED dat=package:com.salonmobileapp flg=0x4000010 (has extras) } to com.google.android.googlequicksearchbox/com.google.android.apps.gsa.googlequicksearchbox.GelStubAppWatcher
11-26 22:15:11.278  1636  1650 W BroadcastQueue: Background execution not allowed: receiving Intent { act=android.intent.action.PACKAGE_ADDED dat=package:com.salonmobileapp flg=0x4000010 (has extras) } to com.android.vending/com.google.android.finsky.packagemanager.impl.PackageMonitorReceiverImpl$RegisteredReceiver
11-26 22:15:11.278  1636  1650 W BroadcastQueue: Background execution not allowed: receiving Intent { act=android.intent.action.PACKAGE_ADDED dat=package:com.salonmobileapp flg=0x4000010 (has extras) } to com.google.android.gms/.games.chimera.GamesSystemBroadcastReceiverProxy
11-26 22:15:11.278  1636  1650 W BroadcastQueue: Background execution not allowed: receiving Intent { act=android.intent.action.PACKAGE_ADDED dat=package:com.salonmobileapp flg=0x4000010 (has extras) } to com.google.android.gms/.gass.chimera.PackageChangeBroadcastReceiver
11-26 22:15:11.279  1636  1650 W BroadcastQueue: Background execution not allowed: receiving Intent { act=android.intent.action.PACKAGE_ADDED dat=package:com.salonmobileapp flg=0x4000010 (has extras) } to com.google.android.gms/.chimera.GmsIntentOperationService$PersistentTrustedReceiver
11-26 22:15:11.279  1636  1650 W BroadcastQueue: Background execution not allowed: receiving Intent { act=android.intent.action.PACKAGE_ADDED dat=package:com.salonmobileapp flg=0x4000010 (has extras) } to com.google.android.googlequicksearchbox/com.google.android.apps.gsa.googlequicksearchbox.GelStubAppWatcher
11-26 22:15:11.279  1636  1650 W BroadcastQueue: Background execution not allowed: receiving Intent { act=android.intent.action.PACKAGE_REPLACED dat=package:com.salonmobileapp flg=0x4000010 (has extras) } to com.google.android.apps.photos/.account.full.FetchAccountPropertiesAppUpgradeBroadcastReceiver
11-26 22:15:11.279  1636  1650 W BroadcastQueue: Background execution not allowed: receiving Intent { act=android.intent.action.PACKAGE_REPLACED dat=package:com.salonmobileapp flg=0x4000010 (has extras) } to com.google.android.apps.photos/.backgroundsignin.BackgroundSignInBroadcastReceiver
11-26 22:15:11.280  1636  1650 W BroadcastQueue: Background execution not allowed: receiving Intent { act=android.intent.action.PACKAGE_REPLACED dat=package:com.salonmobileapp flg=0x4000010 (has extras) } to com.google.android.apps.photos/.experiments.phenotype.full.PhenotypeAppUpgradeBroadcastReceiver
11-26 22:15:11.280  1636  1650 W BroadcastQueue: Background execution not allowed: receiving Intent { act=android.intent.action.PACKAGE_REPLACED dat=package:com.salonmobileapp flg=0x4000010 (has extras) } to com.google.android.apps.photos/.notificationchannels.AppUpdateBroadcastReceiver
11-26 22:15:11.281  1636  1650 W BroadcastQueue: Background execution not allowed: receiving Intent { act=android.intent.action.PACKAGE_REPLACED dat=package:com.salonmobileapp flg=0x4000010 (has extras) } to com.google.android.gms/.gass.chimera.PackageChangeBroadcastReceiver
11-26 22:15:11.281  1636  1650 W BroadcastQueue: Background execution not allowed: receiving Intent { act=android.intent.action.PACKAGE_REPLACED dat=package:com.salonmobileapp flg=0x4000010 (has extras) } to com.google.android.gms/.chimera.GmsIntentOperationService$PersistentTrustedReceiver
11-26 22:15:11.282  1636  1650 W BroadcastQueue: Background execution not allowed: receiving Intent { act=android.intent.action.PACKAGE_REPLACED dat=package:com.salonmobileapp flg=0x4000010 (has extras) } to com.google.android.googlequicksearchbox/com.google.android.apps.gsa.googlequicksearchbox.GelStubAppWatcher
11-26 22:15:11.332  1636  1636 I Telecom : DefaultDialerCache: Refreshing default dialer for user 0: now com.google.android.dialer: DDC.oR@ArA
11-26 22:15:11.419  1636  1653 E BatteryExternalStatsWorker: modem info is invalid: ModemActivityInfo{ mTimestamp=0 mSleepTimeMs=0 mIdleTimeMs=0 mTxTimeMs[]=[0, 0, 0, 0, 0] mRxTimeMs=0 mEnergyUsed=0}
11-26 22:15:11.719  1636  9605 I ActivityManager: START u0 {flg=0x10000000 cmp=com.salonmobileapp/.MainActivity} from uid 2000
11-26 22:15:11.731  1636 13454 I ActivityManager: Start proc 27015:com.salonmobileapp/u0a102 for activity com.salonmobileapp/.MainActivity
11-26 22:19:34.776  1636  1651 W LocalDisplayAdapter: Unable to find color mode 0, ignoring request.
11-26 22:19:34.799  1636  1651 I ActivityManager: Config changes=480 {1.0 310mcc260mnc [en_US] ldltr sw411dp w683dp h387dp 420dpi nrml land finger qwerty/v/v -nav/h appBounds=Rect(126, 0 - 1920, 1080) s.11}
11-26 22:19:34.809  1636  1651 I ActivityManager: Override config changes=480 {1.0 310mcc260mnc [en_US] ldltr sw411dp w683dp h387dp 420dpi nrml land finger qwerty/v/v -nav/h appBounds=Rect(126, 0 - 1920, 1080) s.11} for displayId=0
11-26 22:19:35.021  1636  1681 I WindowManager: Screen frozen for +282ms due to Window{63c0307 u0 StatusBar}
11-26 22:19:37.704  1636  1651 W LocalDisplayAdapter: Unable to find color mode 0, ignoring request.
11-26 22:19:37.720  1636  1651 I ActivityManager: Config changes=480 {1.0 310mcc260mnc [en_US] ldltr sw411dp w411dp h659dp 420dpi nrml port finger qwerty/v/v -nav/h appBounds=Rect(0, 0 - 1080, 1794) s.12}
11-26 22:19:37.724  1636  1651 I ActivityManager: Override config changes=480 {1.0 310mcc260mnc [en_US] ldltr sw411dp w411dp h659dp 420dpi nrml port finger qwerty/v/v -nav/h appBounds=Rect(0, 0 - 1080, 1794) s.12} for displayId=0
11-26 22:19:37.876  1636  1681 I WindowManager: Screen frozen for +192ms due to Window{63c0307 u0 StatusBar}
11-26 22:21:46.047 27015 27015 W ViewRootImpl[MainActivity]: Dropping event due to root view being removed: KeyEvent { action=ACTION_UP, keyCode=KEYCODE_R, scanCode=19, metaState=0, flags=0x8, repeatCount=0, eventTime=38581217, downTime=38581217, deviceId=0, source=0x101 }
11-26 22:22:08.124 27015 27015 W ViewRootImpl[MainActivity]: Dropping event due to root view being removed: KeyEvent { action=ACTION_UP, keyCode=KEYCODE_R, scanCode=19, metaState=0, flags=0x8, repeatCount=0, eventTime=38603295, downTime=38603295, deviceId=0, source=0x101 }
11-26 22:22:44.391 27015 27015 W ViewRootImpl[MainActivity]: Dropping event due to root view being removed: KeyEvent { action=ACTION_UP, keyCode=KEYCODE_R, scanCode=19, metaState=0, flags=0x8, repeatCount=0, eventTime=38639560, downTime=38639560, deviceId=0, source=0x101 }
11-26 22:23:20.957 27015 27015 W ViewRootImpl[MainActivity]: Dropping event due to root view being removed: KeyEvent { action=ACTION_UP, keyCode=KEYCODE_R, scanCode=19, metaState=0, flags=0x8, repeatCount=0, eventTime=38676126, downTime=38676126, deviceId=0, source=0x101 }
11-26 22:26:39.258  1636  1649 I UsageStatsService: User[0] Flushing usage stats to disk
11-26 22:38:44.887  1636  1653 E BatteryExternalStatsWorker: no controller energy info supplied for wifi
11-26 22:38:44.890  1636  1653 E KernelCpuSpeedReader: Failed to read cpu-freq: /sys/devices/system/cpu/cpu0/cpufreq/stats/time_in_state (No such file or directory)
11-26 22:38:44.891  1636  1653 E BatteryExternalStatsWorker: modem info is invalid: ModemActivityInfo{ mTimestamp=0 mSleepTimeMs=0 mIdleTimeMs=0 mTxTimeMs[]=[0, 0, 0, 0, 0] mRxTimeMs=0 mEnergyUsed=0}
11-26 22:39:06.293  1636  2987 I ActivityManager: Start proc 28538:com.google.android.gms.ui/u0a14 for service com.google.android.gms/.chimera.UiIntentOperationService
11-26 22:39:23.825  1636  1702 D NetworkStats: Resolving plan for NetworkTemplate: matchRule=MOBILE_ALL, subscriberId=310260..., matchSubscriberIds=[310260...]
11-26 22:39:23.829  1636  1702 D NetworkStats: Found active matching subId 1
11-26 22:39:23.831  1636  1702 D NetworkStats: Resolved to plan null
11-26 22:55:23.724  1636  1649 I UsageStatsService: User[0] Flushing usage stats to disk
11-26 23:08:44.892  1636  1653 E BatteryExternalStatsWorker: no controller energy info supplied for wifi
11-26 23:08:44.896  1636  1653 E KernelCpuSpeedReader: Failed to read cpu-freq: /sys/devices/system/cpu/cpu0/cpufreq/stats/time_in_state (No such file or directory)
11-26 23:08:44.897  1636  1653 E BatteryExternalStatsWorker: modem info is invalid: ModemActivityInfo{ mTimestamp=0 mSleepTimeMs=0 mIdleTimeMs=0 mTxTimeMs[]=[0, 0, 0, 0, 0] mRxTimeMs=0 mEnergyUsed=0}
11-26 23:08:52.412  1636  1702 D NetworkStats: Resolving plan for NetworkTemplate: matchRule=MOBILE_ALL, subscriberId=310260..., matchSubscriberIds=[310260...]
11-26 23:08:52.414  1636  1702 D NetworkStats: Found active matching subId 1
11-26 23:08:52.415  1636  1702 D NetworkStats: Resolved to plan null
11-26 23:15:25.723  1636  1649 I UsageStatsService: User[0] Flushing usage stats to disk
11-26 23:30:00.001  1636  1636 D ConditionProviders.SCP: onReceive ScheduleConditionProvider.EVALUATE
11-26 23:30:00.003  1636  1636 D ConditionProviders.SCP: notifyCondition condition://android/schedule?days=6.7&start=23.30&end=10.0&exitAtAlarm=false STATE_FALSE reason=!meetsSchedule
11-26 23:30:00.003  1636  1636 D ConditionProviders.SCP: notifyCondition condition://android/schedule?days=1.2.3.4.5&start=22.0&end=7.0&exitAtAlarm=false STATE_TRUE reason=meetsSchedule
11-26 23:30:00.003  1636  1636 D ConditionProviders.SCP: Scheduling evaluate for Tue Nov 27 07:00:00 GMT+08:00 2018 (1543273200000), in +7h29m59s999ms, now=Mon Nov 26 23:30:00 GMT+08:00 2018 (1543246200001)
11-26 23:38:44.892  1636  1653 E BatteryExternalStatsWorker: no controller energy info supplied for wifi
11-26 23:38:44.896  1636  1653 E KernelCpuSpeedReader: Failed to read cpu-freq: /sys/devices/system/cpu/cpu0/cpufreq/stats/time_in_state (No such file or directory)
11-26 23:38:44.897  1636  1653 E BatteryExternalStatsWorker: modem info is invalid: ModemActivityInfo{ mTimestamp=0 mSleepTimeMs=0 mIdleTimeMs=0 mTxTimeMs[]=[0, 0, 0, 0, 0] mRxTimeMs=0 mEnergyUsed=0}
11-26 23:38:51.733  1636  1636 I EntropyMixer: Added HW RNG output to entropy pool
11-26 23:38:51.733  1636  1636 I EntropyMixer: Writing entropy...
11-26 23:41:47.170  1636  1649 I UsageStatsService: User[0] Flushing usage stats to disk
11-26 23:47:20.146  1636  1650 I ActivityManager: Start proc 32494:com.google.android.apps.messaging/u0a68 for broadcast com.google.android.apps.messaging/.shared.analytics.AnalyticsAlarmReceiver
11-26 23:47:20.147  1636  1690 W ActivityManager: Background start not allowed: service Intent { act=com.google.android.finsky.scheduler.FALLBACK2 flg=0x4 cmp=com.android.vending/com.google.android.finsky.scheduler.AlarmEngineService (has extras) } to com.android.vending/com.google.android.finsky.scheduler.AlarmEngineService from pid=-1 uid=10024 pkg=com.android.vending
11-26 23:47:20.205  1636 11240 I ActivityManager: Start proc 32514:android.process.media/u0a10 for content provider com.android.providers.downloads/.DownloadProvider
11-26 23:47:20.358  1636 11240 D MmsServiceBroker: getCarrierConfigValues() by com.google.android.apps.messaging
11-26 23:47:20.371  1636  1702 D NetworkStats: Resolving plan for NetworkTemplate: matchRule=MOBILE_ALL, subscriberId=310260..., matchSubscriberIds=[310260...]
11-26 23:47:20.372  1636  1702 D NetworkStats: Found active matching subId 1
11-26 23:47:20.381  1636  2987 D MmsServiceBroker: getCarrierConfigValues() by com.google.android.apps.messaging
11-26 23:47:20.381  1636  1702 D NetworkStats: Resolved to plan null
11-26 23:47:20.397  1636  2523 D MmsServiceBroker: getCarrierConfigValues() by com.google.android.apps.messaging
11-26 23:47:20.402  1636 13456 I ActivityManager: Start proc 32548:com.google.android.apps.messaging:rcs/u0a68 for service com.google.android.apps.messaging/com.google.android.ims.service.JibeService
11-26 23:47:20.554  1636  1702 D NetworkStats: Resolving plan for NetworkTemplate: matchRule=MOBILE_ALL, subscriberId=310260..., matchSubscriberIds=[310260...]
11-26 23:47:20.555  1636  1702 D NetworkStats: Found active matching subId 1
11-26 23:47:20.556  1636  1702 D NetworkStats: Resolved to plan null
11-26 23:47:20.561  1636  1702 D NetworkStats: Resolving plan for NetworkTemplate: matchRule=MOBILE_ALL, subscriberId=310260..., matchSubscriberIds=[310260...]
11-26 23:47:20.562  1636  1702 D NetworkStats: Found active matching subId 1
11-26 23:47:20.564  1636  1702 D NetworkStats: Resolved to plan null
11-26 23:47:20.612  1636  2230 I ActivityManager: Start proc 32577:android.process.acore/u0a1 for content provider com.android.providers.contacts/.ContactsProvider2
11-26 23:47:20.684  1636  2987 I ActivityManager: Killing 24131:com.google.android.apps.wallpaper/u0a31 (adj 906): empty for 7440s
11-26 23:47:20.819  1636  2230 D CountryDetector: The first listener is added
11-26 23:47:27.164  1636  2987 I ActivityManager: Killing 23765:com.android.keychain/1000 (adj 906): empty for 5535s
11-26 23:47:40.504  1636 13456 I ActivityManager: Killing 25706:com.android.defcontainer/u0a8 (adj 906): empty for 5540s
11-26 23:48:00.004  1636  1636 I ActivityManager: Killing 21899:com.android.vending/u0a24 (adj 906): empty for 5553s
11-26 23:54:16.557  1737  1737 V DeadZone: consuming errant click: (748.68604,3.8320312)
11-26 23:58:25.857  1636  1693 I ActivityManager: START u0 {act=android.intent.action.MAIN cat=[android.intent.category.HOME] flg=0x10200000 cmp=com.google.android.apps.nexuslauncher/.NexusLauncherActivity (has extras)} from uid 1000
11-26 23:58:26.134 13768   627 E ActivityThread: Failed to find provider info for com.google.android.apps.gsa.testing.ui.audio.recorded
11-26 23:58:28.425  1636 13457 I ActivityManager: START u0 {flg=0x10804000 cmp=com.android.systemui/.recents.RecentsActivity} from uid 10029
11-26 23:58:32.233  1636 13456 I ActivityManager: START u0 {dat=//com.android.documentsui.launchControl flg=0x10380000 cmp=com.android.documentsui/.files.FilesActivity (has extras)} from uid 10012
11-26 23:58:32.296  1636 13456 I ActivityManager: Start proc 704:com.android.documentsui/u0a12 for activity com.android.documentsui/.files.FilesActivity
11-26 23:58:34.402  1636  2472 I ActivityManager: START u0 {flg=0x10804000 cmp=com.android.systemui/.recents.RecentsActivity} from uid 10029
11-26 23:58:37.045  1636  2472 I ActivityManager: Killing 704:com.android.documentsui/u0a12 (adj 900): remove task
11-26 23:58:37.100  1636  2128 I WindowManager: WIN DEATH: Window{65603a3 u0 com.android.documentsui/com.android.documentsui.files.FilesActivity}
11-26 23:58:37.106  1636  1657 W ActivityManager: setHasOverlayUi called on unknown pid: 704
11-26 23:58:39.691  1636  2128 W ActivityManager: Request to remove task ignored for non-existent task 94
11-26 23:58:41.171  1636 11240 I ActivityManager: Killing 27015:com.salonmobileapp/u0a102 (adj 900): remove task
11-26 23:58:41.175  1636  2128 I ActivityManager: START u0 {act=android.intent.action.MAIN cat=[android.intent.category.HOME] flg=0x10200000 cmp=com.google.android.apps.nexuslauncher/.NexusLauncherActivity} from uid 10029
11-26 23:58:41.240  1636  1893 I WindowManager: WIN DEATH: Window{d514c50 u0 com.salonmobileapp/com.salonmobileapp.MainActivity}
11-26 23:58:41.258  1636  1657 W ActivityManager: setHasOverlayUi called on unknown pid: 27015
11-26 23:58:41.325 13768   627 E ActivityThread: Failed to find provider info for com.google.android.apps.gsa.testing.ui.audio.recorded
11-26 23:58:46.370 13768   627 I chatty  : uid=10032 com.google.android.googlequicksearchbox:search identical 1 line
11-26 23:58:51.411 13768   627 E ActivityThread: Failed to find provider info for com.google.android.apps.gsa.testing.ui.audio.recorded
11-26 23:58:55.924  1636  1662 I ActivityManager: Start proc 784:com.android.defcontainer/u0a8 for service com.android.defcontainer/.DefaultContainerService
11-26 23:58:56.432 13768   627 E ActivityThread: Failed to find provider info for com.google.android.apps.gsa.testing.ui.audio.recorded
11-26 23:58:57.442  1636  1650 I ActivityManager: Force stopping com.salonmobileapp appid=10102 user=-1: installPackageLI
11-26 23:58:57.465  1636  1662 I PackageManager: Package com.salonmobileapp codePath changed from /data/app/com.salonmobileapp-SwjYqCj8qj4GgJwV5VYqeQ== to /data/app/com.salonmobileapp-9dThfJP_6AHqXv3f9YRLUg==; Retaining data and using new
11-26 23:58:57.465  1636  1662 W PackageManager: Code path for com.salonmobileapp changing from /data/app/com.salonmobileapp-SwjYqCj8qj4GgJwV5VYqeQ== to /data/app/com.salonmobileapp-9dThfJP_6AHqXv3f9YRLUg==
11-26 23:58:57.465  1636  1662 W PackageManager: Resource path for com.salonmobileapp changing from /data/app/com.salonmobileapp-SwjYqCj8qj4GgJwV5VYqeQ== to /data/app/com.salonmobileapp-9dThfJP_6AHqXv3f9YRLUg==
11-26 23:58:57.561  1636  1662 I ActivityManager: Force stopping com.salonmobileapp appid=10102 user=0: pkg removed
11-26 23:58:57.570  1636  1650 W BroadcastQueue: Background execution not allowed: receiving Intent { act=android.intent.action.PACKAGE_REMOVED dat=package:com.salonmobileapp flg=0x4000010 (has extras) } to com.android.vending/com.google.android.finsky.packagemanager.impl.PackageMonitorReceiverImpl$RegisteredReceiver
11-26 23:58:57.570  1636  1650 W BroadcastQueue: Background execution not allowed: receiving Intent { act=android.intent.action.PACKAGE_REMOVED dat=package:com.salonmobileapp flg=0x4000010 (has extras) } to com.android.vending/com.google.android.finsky.instantapps.appmanagement.InstantAppRemoveMonitor
11-26 23:58:57.571  1636  1650 W BroadcastQueue: Background execution not allowed: receiving Intent { act=android.intent.action.PACKAGE_REMOVED dat=package:com.salonmobileapp flg=0x4000010 (has extras) } to com.google.android.gms/.games.chimera.GamesSystemBroadcastReceiverProxy
11-26 23:58:57.571  1636  1650 W BroadcastQueue: Background execution not allowed: receiving Intent { act=android.intent.action.PACKAGE_REMOVED dat=package:com.salonmobileapp flg=0x4000010 (has extras) } to com.google.android.gms/.photos.autobackup.PhotosAppUninstalledReceiver
11-26 23:58:57.571  1636  1650 W BroadcastQueue: Background execution not allowed: receiving Intent { act=android.intent.action.PACKAGE_REMOVED dat=package:com.salonmobileapp flg=0x4000010 (has extras) } to com.google.android.gms/.chimera.GmsIntentOperationService$PersistentTrustedReceiver
11-26 23:58:57.571  1636  1650 W BroadcastQueue: Background execution not allowed: receiving Intent { act=android.intent.action.PACKAGE_REMOVED dat=package:com.salonmobileapp flg=0x4000010 (has extras) } to com.google.android.googlequicksearchbox/com.google.android.apps.gsa.googlequicksearchbox.GelStubAppWatcher
11-26 23:58:57.592  1636  1636 I ActivityManager: Start proc 815:com.android.keychain/1000 for service com.android.keychain/.KeyChainService
11-26 23:58:57.606  1636  1650 W BroadcastQueue: Background execution not allowed: receiving Intent { act=android.intent.action.PACKAGE_ADDED dat=package:com.salonmobileapp flg=0x4000010 (has extras) } to com.android.vending/com.google.android.finsky.packagemanager.impl.PackageMonitorReceiverImpl$RegisteredReceiver
11-26 23:58:57.612  1636  1650 W BroadcastQueue: Background execution not allowed: receiving Intent { act=android.intent.action.PACKAGE_ADDED dat=package:com.salonmobileapp flg=0x4000010 (has extras) } to com.google.android.gms/.games.chimera.GamesSystemBroadcastReceiverProxy
11-26 23:58:57.613  1636  1650 W BroadcastQueue: Background execution not allowed: receiving Intent { act=android.intent.action.PACKAGE_ADDED dat=package:com.salonmobileapp flg=0x4000010 (has extras) } to com.google.android.gms/.gass.chimera.PackageChangeBroadcastReceiver
11-26 23:58:57.613  1636  1650 W BroadcastQueue: Background execution not allowed: receiving Intent { act=android.intent.action.PACKAGE_ADDED dat=package:com.salonmobileapp flg=0x4000010 (has extras) } to com.google.android.gms/.chimera.GmsIntentOperationService$PersistentTrustedReceiver
11-26 23:58:57.613  1636  1650 W BroadcastQueue: Background execution not allowed: receiving Intent { act=android.intent.action.PACKAGE_ADDED dat=package:com.salonmobileapp flg=0x4000010 (has extras) } to com.google.android.googlequicksearchbox/com.google.android.apps.gsa.googlequicksearchbox.GelStubAppWatcher
11-26 23:58:57.615  1636  1650 W BroadcastQueue: Background execution not allowed: receiving Intent { act=android.intent.action.PACKAGE_REPLACED dat=package:com.salonmobileapp flg=0x4000010 (has extras) } to com.google.android.apps.photos/.account.full.FetchAccountPropertiesAppUpgradeBroadcastReceiver
11-26 23:58:57.617  1636  1650 W BroadcastQueue: Background execution not allowed: receiving Intent { act=android.intent.action.PACKAGE_REPLACED dat=package:com.salonmobileapp flg=0x4000010 (has extras) } to com.google.android.apps.photos/.backgroundsignin.BackgroundSignInBroadcastReceiver
11-26 23:58:57.617  1636  1650 W BroadcastQueue: Background execution not allowed: receiving Intent { act=android.intent.action.PACKAGE_REPLACED dat=package:com.salonmobileapp flg=0x4000010 (has extras) } to com.google.android.apps.photos/.experiments.phenotype.full.PhenotypeAppUpgradeBroadcastReceiver
11-26 23:58:57.618  1636  1650 W BroadcastQueue: Background execution not allowed: receiving Intent { act=android.intent.action.PACKAGE_REPLACED dat=package:com.salonmobileapp flg=0x4000010 (has extras) } to com.google.android.apps.photos/.notificationchannels.AppUpdateBroadcastReceiver
11-26 23:58:57.618  1636  1650 W BroadcastQueue: Background execution not allowed: receiving Intent { act=android.intent.action.PACKAGE_REPLACED dat=package:com.salonmobileapp flg=0x4000010 (has extras) } to com.google.android.gms/.gass.chimera.PackageChangeBroadcastReceiver
11-26 23:58:57.618  1636  1650 W BroadcastQueue: Background execution not allowed: receiving Intent { act=android.intent.action.PACKAGE_REPLACED dat=package:com.salonmobileapp flg=0x4000010 (has extras) } to com.google.android.gms/.chimera.GmsIntentOperationService$PersistentTrustedReceiver
11-26 23:58:57.619  1636  1650 W BroadcastQueue: Background execution not allowed: receiving Intent { act=android.intent.action.PACKAGE_REPLACED dat=package:com.salonmobileapp flg=0x4000010 (has extras) } to com.google.android.googlequicksearchbox/com.google.android.apps.gsa.googlequicksearchbox.GelStubAppWatcher
11-26 23:58:57.686  1636  1636 I Telecom : DefaultDialerCache: Refreshing default dialer for user 0: now com.google.android.dialer: DDC.oR@ArY
11-26 23:58:58.028  1636 13457 I ActivityManager: START u0 {flg=0x10000000 cmp=com.salonmobileapp/.MainActivity} from uid 2000
11-26 23:58:58.047  1636 11242 I ActivityManager: Start proc 864:com.salonmobileapp/u0a102 for activity com.salonmobileapp/.MainActivity
11-26 23:59:05.954  1636 11242 I ActivityManager: Killing 28538:com.google.android.gms.ui/u0a14 (adj 906): empty for 4799s
11-26 23:59:08.675  1636 13457 I ActivityManager: Killing 22637:com.google.android.gms.unstable/u0a14 (adj 906): empty for 2236s
11-27 00:00:00.060  1636  9392 W BroadcastQueue: Background execution not allowed: receiving Intent { act=android.intent.action.DATE_CHANGED flg=0x20200010 } to com.google.android.calendar/com.android.calendar.widget.CalendarAppWidgetProvider
11-27 00:00:00.061  1636  1650 W BroadcastQueue: Background execution not allowed: receiving Intent { act=android.intent.action.DATE_CHANGED flg=0x20200010 } to com.google.android.calendar/.widgetmonth.MonthViewWidgetProvider
11-27 00:00:00.061  1636  1650 W BroadcastQueue: Background execution not allowed: receiving Intent { act=android.intent.action.DATE_CHANGED flg=0x20200010 } to com.google.android.gms/.chimera.GmsIntentOperationService$PersistentTrustedReceiver
11-27 00:00:00.086  1636  1893 I ActivityManager: Start proc 947:com.google.android.calendar/u0a45 for broadcast com.google.android.calendar/com.android.calendar.widget.CalendarAppWidgetProvider
11-27 00:00:00.175  1636  1893 I ActivityManager: Start proc 963:com.android.providers.calendar/u0a4 for content provider com.android.providers.calendar/.CalendarProvider2
11-27 00:00:27.922  1636  9392 I ActivityManager: START u0 {flg=0x10000000 cmp=com.salonmobileapp/com.facebook.react.devsupport.DevSettingsActivity} from uid 10102
11-27 00:02:29.227  1636  1693 I ActivityManager: START u0 {act=android.intent.action.MAIN cat=[android.intent.category.HOME] flg=0x10200000 cmp=com.google.android.apps.nexuslauncher/.NexusLauncherActivity (has extras)} from uid 1000
11-27 00:02:29.429 13768   627 E ActivityThread: Failed to find provider info for com.google.android.apps.gsa.testing.ui.audio.recorded
11-27 00:02:34.492 13768  1094 E ActivityThread: Failed to find provider info for com.google.android.apps.gsa.testing.ui.audio.recorded
11-27 00:03:19.805 13768  1094 I chatty  : uid=10032 com.google.android.googlequicksearchbox:search identical 9 lines
11-27 00:03:24.833 13768  1094 E ActivityThread: Failed to find provider info for com.google.android.apps.gsa.testing.ui.audio.recorded
11-27 00:03:28.010  1636  1650 I ActivityManager: Force stopping com.salonmobileapp appid=10102 user=-1: installPackageLI
11-27 00:03:28.010  1636  1650 I ActivityManager: Killing 864:com.salonmobileapp/u0a102 (adj 700): stop com.salonmobileapp
11-27 00:03:28.011  1636  1650 I ActivityManager:   Force finishing activity ActivityRecord{f819e5e u0 com.salonmobileapp/.MainActivity t139}
